01-06 18:22:19.958   503   533 D CompatibilityChangeReporter: Compat change id reported: 143937733; UID 10069; state: ENABLED
01-06 18:22:19.983   503   533 I ActivityManager: Start proc 2195:com.android.externalstorage/u0a69 for broadcast {com.android.externalstorage/com.android.externalstorage.MountReceiver}
01-06 18:22:20.259   503   880 D CompatibilityChangeReporter: Compat change id reported: 149924527; UID 10112; state: ENABLED
01-06 18:22:20.261   503   880 D CompatibilityChangeReporter: Compat change id reported: 132649864; UID 10112; state: DISABLED
01-06 18:22:21.648  1895  2040 I chatty  : uid=1000(system) com.robam.ventilator expire 3 lines
01-06 18:22:21.826     0     0 W audit   : audit_lost=271 audit_rate_limit=5 audit_backlog_limit=64
01-06 18:22:21.826     0     0 E audit   : rate limit exceeded
01-06 18:22:23.141   503  1211 E TaskPersister: File error accessing recents directory (directory doesn't exist?).
01-06 18:22:24.521   503   598 D ConnectivityService: releasing NetworkRequest [ TRACK_DEFAULT id=19, [ Capabilities: INTERNET&NOT_RESTRICTED&TRUSTED Uid: 1001 AdministratorUids: [] RequestorUid: 1001 RequestorPackageName: com.android.phone] ] (release request)
01-06 18:22:25.518   503   503 W NotificationHistory: Attempted to add notif for locked/gone/disabled user 0
01-06 18:22:32.110   503   525 I DropBoxManagerService: add tag=system_app_strictmode isTagEnabled=true flags=0x2
01-06 18:22:32.141   503   853 D CompatibilityChangeReporter: Compat change id reported: 136219221; UID 1000; state: ENABLED
01-06 18:22:32.353   503   503 W NotificationHistory: Attempted to add notif for locked/gone/disabled user 0
01-06 18:22:33.855  1895  1895 I chatty  : uid=1000(system) com.robam.ventilator expire 33 lines
01-06 18:23:19.402   503   532 I DropBoxManagerService: add tag=system_server_wtf isTagEnabled=true flags=0x2
01-06 18:23:22.053  1895  1895 I chatty  : uid=1000(system) com.robam.ventilator expire 9 lines
01-06 18:23:24.657   503   524 W ContextImpl: Calling a method in the system process without a qualified user: android.app.ContextImpl.sendBroadcast:1111 com.android.server.wm.DisplayPolicy$2.onSwipeFromBottom:546 com.android.server.wm.SystemGesturesPointerEventListener.onPointerEvent:170 com.android.server.wm.PointerEventDispatcher.onInputEvent:53 android.view.InputEventReceiver.dispatchInputEvent:220 
01-06 18:23:24.661   503   532 I DropBoxManagerService: add tag=system_server_wtf isTagEnabled=true flags=0x2
01-06 18:23:24.674   503   532 I DropBoxManagerService: add tag=system_server_wtf isTagEnabled=true flags=0x2
01-06 18:23:25.634   503   524 W ContextImpl: Calling a method in the system process without a qualified user: android.app.ContextImpl.sendBroadcast:1111 com.android.server.wm.DisplayPolicy$2.onSwipeFromBottom:546 com.android.server.wm.SystemGesturesPointerEventListener.onPointerEvent:170 com.android.server.wm.PointerEventDispatcher.onInputEvent:53 android.view.InputEventReceiver.dispatchInputEvent:220 
01-06 18:23:25.644   503   532 I DropBoxManagerService: add tag=system_server_wtf isTagEnabled=true flags=0x2
01-06 18:23:25.654   503   532 I DropBoxManagerService: add tag=system_server_wtf isTagEnabled=true flags=0x2
01-06 18:23:26.240   503   523 D AutofillManagerService: Close system dialogs
01-06 18:23:26.244   503   880 I ActivityTaskManager: START u0 {act=android.intent.action.MAIN cat=[android.intent.category.HOME] flg=0x10000000 pkg=com.android.launcher3 cmp=com.android.launcher3/.uioverrides.QuickstepLauncher (has extras)} from uid 10110
01-06 18:23:27.020   503   525 I DropBoxManagerService: add tag=system_app_strictmode isTagEnabled=true flags=0x2
01-06 18:23:27.855   503   562 I ActivityTaskManager: START u0 {act=android.intent.action.MAIN cat=[android.intent.category.LAUNCHER] flg=0x10300000 cmp=com.android.settings/.Settings} from uid 10110
01-06 18:23:27.874   503   562 W ActivityTaskManager: Tried to set launchTime (0) < mLastActivityLaunchTime (17962)
01-06 18:23:27.896   503   526 D CompatibilityChangeReporter: Compat change id reported: 136274596; UID 1000; state: ENABLED
01-06 18:23:28.367   503   880 D CompatibilityChangeReporter: Compat change id reported: 135634846; UID 10096; state: DISABLED
01-06 18:23:28.367   503   880 D CompatibilityChangeReporter: Compat change id reported: 135754954; UID 10096; state: DISABLED
01-06 18:23:28.370   503   533 D CompatibilityChangeReporter: Compat change id reported: 143937733; UID 10096; state: DISABLED
01-06 18:23:28.454   503   533 W ActivityManager: Slow operation: 94ms so far, now at startProcess: returned from zygote!
01-06 18:23:28.455   503   533 W ActivityManager: Slow operation: 95ms so far, now at startProcess: done updating battery stats
01-06 18:23:28.455   503   533 W ActivityManager: Slow operation: 96ms so far, now at startProcess: building log message
01-06 18:23:28.456   503   533 I ActivityManager: Start proc 2395:com.android.settings.intelligence/u0a96 for service {com.android.settings.intelligence/com.android.settings.intelligence.suggestions.SuggestionService}
01-06 18:23:28.456   503   533 W ActivityManager: Slow operation: 96ms so far, now at startProcess: starting to update pids map
01-06 18:23:28.456   503   533 W ActivityManager: Slow operation: 96ms so far, now at startProcess: done updating pids map
01-06 18:23:28.548   503   538 W BatteryExternalStatsWorker: modem info is invalid: ModemActivityInfo{ mTimestamp=0 mSleepTimeMs=0 mIdleTimeMs=0 mTransmitPowerInfo[]=[TransmitPower{ mTimeInMillis=0 mPowerRangeInDbm={-2147483648,0}}, TransmitPower{ mTimeInMillis=0 mPowerRangeInDbm={0,5}}, TransmitPower{ mTimeInMillis=0 mPowerRangeInDbm={5,15}}, TransmitPower{ mTimeInMillis=0 mPowerRangeInDbm={15,20}}, TransmitPower{ mTimeInMillis=0 mPowerRangeInDbm={20,2147483647}}] mRxTimeMs=0}
01-06 18:23:28.684   503   538 W BatteryExternalStatsWorker: modem info is invalid: ModemActivityInfo{ mTimestamp=0 mSleepTimeMs=0 mIdleTimeMs=0 mTransmitPowerInfo[]=[TransmitPower{ mTimeInMillis=0 mPowerRangeInDbm={-2147483648,0}}, TransmitPower{ mTimeInMillis=0 mPowerRangeInDbm={0,5}}, TransmitPower{ mTimeInMillis=0 mPowerRangeInDbm={5,15}}, TransmitPower{ mTimeInMillis=0 mPowerRangeInDbm={15,20}}, TransmitPower{ mTimeInMillis=0 mPowerRangeInDbm={20,2147483647}}] mRxTimeMs=0}
01-06 18:23:31.461   503  1211 E TaskPersister: File error accessing recents directory (directory doesn't exist?).
01-06 18:23:33.907   503   503 W NotificationHistory: Attempted to add notif for locked/gone/disabled user 0
01-06 18:23:38.638  1895  1936 I chatty  : uid=1000(system) LeakCanary-Heap expire 1 line
01-06 18:23:38.660  1895  1895 I chatty  : uid=1000(system) com.robam.ventilator expire 10 lines
01-06 18:23:38.738   503   562 D CompatibilityChangeReporter: Compat change id reported: 136219221; UID 1000; state: DISABLED
01-06 18:23:38.951   503   503 W NotificationHistory: Attempted to add notif for locked/gone/disabled user 0
01-06 18:23:46.158   503   880 I ActivityTaskManager: START u0 {act=android.intent.action.MAIN cmp=com.android.settings/.SubSettings (has extras)} from uid 1000
01-06 18:23:46.187   503   880 W ActivityTaskManager: Tried to set launchTime (0) < mLastActivityLaunchTime (121864)
01-06 18:23:46.418   919   919 E ActivityThread: Failed to find provider info for com.google.android.gms.nearby.fastpair
01-06 18:23:46.421   919  2415 E ActivityThread: Failed to find provider info for com.google.android.gms.nearby.fastpair
01-06 18:23:46.488   503   562 D PackageManager: Instant App installer not found with android.intent.action.INSTALL_INSTANT_APP_PACKAGE
01-06 18:23:46.489   503   562 D PackageManager: Clear ephemeral installer activity
01-06 18:23:46.576   503   562 D PackageManager: Instant App installer not found with android.intent.action.INSTALL_INSTANT_APP_PACKAGE
01-06 18:23:46.576   503   562 D PackageManager: Clear ephemeral installer activity
01-06 18:23:47.562   503   503 I Telecom : DefaultDialerCache: Refreshing default dialer for user 0: now null: DDC.oR@ABk
01-06 18:23:49.206   503  1211 E TaskPersister: File error accessing recents directory (directory doesn't exist?).
01-06 18:23:50.779  1895  1895 W ContextImpl: Calling a method in the system process without a qualified user: android.app.ContextImpl.startService:1669 android.content.ContextWrapper.startService:720 android.content.ContextWrapper.startService:720 com.robam.ventilator.ui.receiver.AlarmSerialReceiver.onReceive:12 android.app.ActivityThread.handleReceiver:4026 
01-06 18:23:53.787  1895  1895 W ContextImpl: Calling a method in the system process without a qualified user: android.app.ContextImpl.startService:1669 android.content.ContextWrapper.startService:720 android.content.ContextWrapper.startService:720 com.robam.ventilator.ui.receiver.AlarmMqttReceiver.onReceive:12 android.app.ActivityThread.handleReceiver:4026 
01-06 18:23:53.831  1895  1895 W ContextImpl: Calling a method in the system process without a qualified user: android.app.ContextImpl.startService:1669 android.content.ContextWrapper.startService:720 android.content.ContextWrapper.startService:720 com.robam.ventilator.ui.receiver.AlarmSerialReceiver.onReceive:12 android.app.ActivityThread.handleReceiver:4026 
01-06 18:23:54.733   503   538 W BatteryExternalStatsWorker: modem info is invalid: ModemActivityInfo{ mTimestamp=0 mSleepTimeMs=0 mIdleTimeMs=0 mTransmitPowerInfo[]=[TransmitPower{ mTimeInMillis=0 mPowerRangeInDbm={-2147483648,0}}, TransmitPower{ mTimeInMillis=0 mPowerRangeInDbm={0,5}}, TransmitPower{ mTimeInMillis=0 mPowerRangeInDbm={5,15}}, TransmitPower{ mTimeInMillis=0 mPowerRangeInDbm={15,20}}, TransmitPower{ mTimeInMillis=0 mPowerRangeInDbm={20,2147483647}}] mRxTimeMs=0}
01-06 18:23:54.965   503   538 W BatteryExternalStatsWorker: modem info is invalid: ModemActivityInfo{ mTimestamp=0 mSleepTimeMs=0 mIdleTimeMs=0 mTransmitPowerInfo[]=[TransmitPower{ mTimeInMillis=0 mPowerRangeInDbm={-2147483648,0}}, TransmitPower{ mTimeInMillis=0 mPowerRangeInDbm={0,5}}, TransmitPower{ mTimeInMillis=0 mPowerRangeInDbm={5,15}}, TransmitPower{ mTimeInMillis=0 mPowerRangeInDbm={15,20}}, TransmitPower{ mTimeInMillis=0 mPowerRangeInDbm={20,2147483647}}] mRxTimeMs=0}
01-06 18:23:56.723  1895  1895 W ContextImpl: Calling a method in the system process without a qualified user: android.app.ContextImpl.startService:1669 android.content.ContextWrapper.startService:720 android.content.ContextWrapper.startService:720 com.robam.ventilator.ui.receiver.AlarmBleReceiver.onReceive:13 android.app.ActivityThread.handleReceiver:4026 
01-06 18:23:56.837  1895  1895 W ContextImpl: Calling a method in the system process without a qualified user: android.app.ContextImpl.startService:1669 android.content.ContextWrapper.startService:720 android.content.ContextWrapper.startService:720 com.robam.ventilator.ui.receiver.AlarmSerialReceiver.onReceive:12 android.app.ActivityThread.handleReceiver:4026 
01-06 18:23:57.500   503   880 I ActivityTaskManager: START u0 {act=android.intent.action.MAIN cmp=com.android.settings/.SubSettings (has extras)} from uid 1000
01-06 18:23:57.523   503   520 W ActivityTaskManager: Tried to set launchTime (0) < mLastActivityLaunchTime (140174)
01-06 18:23:57.748   919   919 E ActivityThread: Failed to find provider info for com.google.android.gms.nearby.fastpair
01-06 18:23:57.753   919  2457 E ActivityThread: Failed to find provider info for com.google.android.gms.nearby.fastpair
01-06 18:23:57.887   503   520 D PackageManager: Instant App installer not found with android.intent.action.INSTALL_INSTANT_APP_PACKAGE
01-06 18:23:57.887   503   520 D PackageManager: Clear ephemeral installer activity
01-06 18:23:57.954   503   597 D PackageManager: Instant App installer not found with android.intent.action.INSTALL_INSTANT_APP_PACKAGE
01-06 18:23:57.955   503   597 D PackageManager: Clear ephemeral installer activity
01-06 18:23:58.605   503  1211 E TaskPersister: File error accessing recents directory (directory doesn't exist?).
01-06 18:23:58.795  1895  1895 W ContextImpl: Calling a method in the system process without a qualified user: android.app.ContextImpl.startService:1669 android.content.ContextWrapper.startService:720 android.content.ContextWrapper.startService:720 com.robam.ventilator.ui.receiver.AlarmMqttReceiver.onReceive:12 android.app.ActivityThread.handleReceiver:4026 
01-06 18:23:59.004   503   503 I Telecom : DefaultDialerCache: Refreshing default dialer for user 0: now null: DDC.oR@ABo
01-06 18:23:59.850  1895  1895 W ContextImpl: Calling a method in the system process without a qualified user: android.app.ContextImpl.startService:1669 android.content.ContextWrapper.startService:720 android.content.ContextWrapper.startService:720 com.robam.ventilator.ui.receiver.AlarmSerialReceiver.onReceive:12 android.app.ActivityThread.handleReceiver:4026 
01-06 18:24:01.492   503   853 I ActivityTaskManager: START u0 {act=android.intent.action.MAIN cmp=com.android.settings/.SubSettings (has extras)} from uid 1000
01-06 18:24:01.523   503   853 W ActivityTaskManager: Tried to set launchTime (0) < mLastActivityLaunchTime (151509)
01-06 18:24:01.773   503   880 D PackageManager: Instant App installer not found with android.intent.action.INSTALL_INSTANT_APP_PACKAGE
01-06 18:24:01.773   503   880 D PackageManager: Clear ephemeral installer activity
01-06 18:24:01.880   503   853 D PackageManager: Instant App installer not found with android.intent.action.INSTALL_INSTANT_APP_PACKAGE
01-06 18:24:01.880   503   853 D PackageManager: Clear ephemeral installer activity
01-06 18:24:02.736  1895  1895 W ContextImpl: Calling a method in the system process without a qualified user: android.app.ContextImpl.startService:1669 android.content.ContextWrapper.startService:720 android.content.ContextWrapper.startService:720 com.robam.ventilator.ui.receiver.AlarmBleReceiver.onReceive:13 android.app.ActivityThread.handleReceiver:4026 
01-06 18:24:02.913  1895  1895 W ContextImpl: Calling a method in the system process without a qualified user: android.app.ContextImpl.startService:1669 android.content.ContextWrapper.startService:720 android.content.ContextWrapper.startService:720 com.robam.ventilator.ui.receiver.AlarmSerialReceiver.onReceive:12 android.app.ActivityThread.handleReceiver:4026 
01-06 18:24:02.913   503   503 I Telecom : DefaultDialerCache: Refreshing default dialer for user 0: now null: DDC.oR@ABs
01-06 18:24:03.817  1895  1895 W ContextImpl: Calling a method in the system process without a qualified user: android.app.ContextImpl.startService:1669 android.content.ContextWrapper.startService:720 android.content.ContextWrapper.startService:720 com.robam.ventilator.ui.receiver.AlarmMqttReceiver.onReceive:12 android.app.ActivityThread.handleReceiver:4026 
01-06 18:24:04.525   503   524 D AutofillManagerService: onBackKeyPressed()
01-06 18:24:04.525   503   524 D AutofillManagerServiceImpl: Reset component for user 0:
01-06 18:24:04.530   503   524 D AutofillUI: destroySaveUiUiThread(): already destroyed
01-06 18:24:04.590   919   919 E ActivityThread: Failed to find provider info for com.google.android.gms.nearby.fastpair
01-06 18:24:04.591   503   503 W NotificationHistory: Attempted to add notif for locked/gone/disabled user 0
01-06 18:24:04.605   503  1211 E TaskPersister: File error accessing recents directory (directory doesn't exist?).
01-06 18:24:04.607   919  2415 E ActivityThread: Failed to find provider info for com.google.android.gms.nearby.fastpair
01-06 18:24:05.954  1895  1895 W ContextImpl: Calling a method in the system process without a qualified user: android.app.ContextImpl.startService:1669 android.content.ContextWrapper.startService:720 android.content.ContextWrapper.startService:720 com.robam.ventilator.ui.receiver.AlarmSerialReceiver.onReceive:12 android.app.ActivityThread.handleReceiver:4026 
01-06 18:24:06.291   503   524 D AutofillManagerService: onBackKeyPressed()
01-06 18:24:08.048   503  1211 E TaskPersister: File error accessing recents directory (directory doesn't exist?).
01-06 18:24:08.748  1895  1895 W ContextImpl: Calling a method in the system process without a qualified user: android.app.ContextImpl.startService:1669 android.content.ContextWrapper.startService:720 android.content.ContextWrapper.startService:720 com.robam.ventilator.ui.receiver.AlarmBleReceiver.onReceive:13 android.app.ActivityThread.handleReceiver:4026 
01-06 18:24:08.840  1895  1895 W ContextImpl: Calling a method in the system process without a qualified user: android.app.ContextImpl.startService:1669 android.content.ContextWrapper.startService:720 android.content.ContextWrapper.startService:720 com.robam.ventilator.ui.receiver.AlarmMqttReceiver.onReceive:12 android.app.ActivityThread.handleReceiver:4026 
01-06 18:24:08.961  1895  1895 W ContextImpl: Calling a method in the system process without a qualified user: android.app.ContextImpl.startService:1669 android.content.ContextWrapper.startService:720 android.content.ContextWrapper.startService:720 com.robam.ventilator.ui.receiver.AlarmSerialReceiver.onReceive:12 android.app.ActivityThread.handleReceiver:4026 
01-06 18:24:09.265   503  2421 I ActivityTaskManager: START u0 {act=android.intent.action.MAIN cmp=com.android.settings/.SubSettings (has extras)} from uid 1000
01-06 18:24:09.289   503   879 W ActivityTaskManager: Tried to set launchTime (0) < mLastActivityLaunchTime (155510)
01-06 18:24:09.379   503  2421 E UserRestrictionsUtils: Unknown restriction queried by uid 1000 (com.android.keychain et al): null
01-06 18:24:09.380   503  2421 E UserRestrictionsUtils: Unknown restriction queried by uid 1000 (com.android.keychain et al): null
01-06 18:24:09.446   503   879 D PackageManager: Instant App installer not found with android.intent.action.INSTALL_INSTANT_APP_PACKAGE
01-06 18:24:09.447   503   879 D PackageManager: Clear ephemeral installer activity
01-06 18:24:09.571   503   520 D PackageManager: Instant App installer not found with android.intent.action.INSTALL_INSTANT_APP_PACKAGE
01-06 18:24:09.572   503   520 D PackageManager: Clear ephemeral installer activity
01-06 18:24:10.550   503   503 I Telecom : DefaultDialerCache: Refreshing default dialer for user 0: now null: DDC.oR@ABw
01-06 18:24:11.970  1895  1895 W ContextImpl: Calling a method in the system process without a qualified user: android.app.ContextImpl.startService:1669 android.content.ContextWrapper.startService:720 android.content.ContextWrapper.startService:720 com.robam.ventilator.ui.receiver.AlarmSerialReceiver.onReceive:12 android.app.ActivityThread.handleReceiver:4026 
01-06 18:24:12.254   919   919 E ActivityThread: Failed to find provider info for com.google.android.gms.nearby.fastpair
01-06 18:24:12.263   919  2481 E ActivityThread: Failed to find provider info for com.google.android.gms.nearby.fastpair
01-06 18:24:12.335   503  1211 E TaskPersister: File error accessing recents directory (directory doesn't exist?).
01-06 18:24:13.322   503   523 D AutofillManagerService: Close system dialogs
01-06 18:24:13.330   503  2421 I ActivityTaskManager: START u0 {act=android.intent.action.MAIN cat=[android.intent.category.HOME] flg=0x10000000 pkg=com.android.launcher3 cmp=com.android.launcher3/.uioverrides.QuickstepLauncher (has extras)} from uid 10110
01-06 18:24:13.848  1895  1895 W ContextImpl: Calling a method in the system process without a qualified user: android.app.ContextImpl.startService:1669 android.content.ContextWrapper.startService:720 android.content.ContextWrapper.startService:720 com.robam.ventilator.ui.receiver.AlarmMqttReceiver.onReceive:12 android.app.ActivityThread.handleReceiver:4026 
01-06 18:24:14.895  1895  1895 W ContextImpl: Calling a method in the system process without a qualified user: android.app.ContextImpl.startService:1669 android.content.ContextWrapper.startService:720 android.content.ContextWrapper.startService:720 com.robam.ventilator.ui.receiver.AlarmBleReceiver.onReceive:13 android.app.ActivityThread.handleReceiver:4026 
01-06 18:24:15.037  1895  1895 W ContextImpl: Calling a method in the system process without a qualified user: android.app.ContextImpl.startService:1669 android.content.ContextWrapper.startService:720 android.content.ContextWrapper.startService:720 com.robam.ventilator.ui.receiver.AlarmSerialReceiver.onReceive:12 android.app.ActivityThread.handleReceiver:4026 
01-06 18:24:16.194   503  1211 E TaskPersister: File error accessing recents directory (directory doesn't exist?).
01-06 18:24:18.079  1895  1895 W ContextImpl: Calling a method in the system process without a qualified user: android.app.ContextImpl.startService:1669 android.content.ContextWrapper.startService:720 android.content.ContextWrapper.startService:720 com.robam.ventilator.ui.receiver.AlarmSerialReceiver.onReceive:12 android.app.ActivityThread.handleReceiver:4026 
01-06 18:24:18.518   503   532 I DropBoxManagerService: add tag=system_server_wtf isTagEnabled=true flags=0x2
01-06 18:24:18.862  1895  1895 W ContextImpl: Calling a method in the system process without a qualified user: android.app.ContextImpl.startService:1669 android.content.ContextWrapper.startService:720 android.content.ContextWrapper.startService:720 com.robam.ventilator.ui.receiver.AlarmMqttReceiver.onReceive:12 android.app.ActivityThread.handleReceiver:4026 
01-06 18:24:18.996   503   532 I DropBoxManagerService: add tag=system_server_wtf isTagEnabled=true flags=0x2
01-06 18:24:19.005   503   532 I DropBoxManagerService: add tag=system_server_wtf isTagEnabled=true flags=0x2
01-06 18:24:21.135  1895  1895 W ContextImpl: Calling a method in the system process without a qualified user: android.app.ContextImpl.startService:1669 android.content.ContextWrapper.startService:720 android.content.ContextWrapper.startService:720 com.robam.ventilator.ui.receiver.AlarmBleReceiver.onReceive:13 android.app.ActivityThread.handleReceiver:4026 
01-06 18:24:21.204  1895  1895 W ContextImpl: Calling a method in the system process without a qualified user: android.app.ContextImpl.startService:1669 android.content.ContextWrapper.startService:720 android.content.ContextWrapper.startService:720 com.robam.ventilator.ui.receiver.AlarmSerialReceiver.onReceive:12 android.app.ActivityThread.handleReceiver:4026 
01-06 18:24:22.063   503   853 I ActivityTaskManager: START u0 {cmp=com.robam.ventilator/.ui.activity.MatchNetworkActivity (has extras)} from uid 1000
01-06 18:24:22.124   503   853 W ActivityTaskManager: Tried to set launchTime (0) < mLastActivityLaunchTime (50550)
01-06 18:24:23.905  1895  1895 W ContextImpl: Calling a method in the system process without a qualified user: android.app.ContextImpl.startService:1669 android.content.ContextWrapper.startService:720 android.content.ContextWrapper.startService:720 com.robam.ventilator.ui.receiver.AlarmMqttReceiver.onReceive:12 android.app.ActivityThread.handleReceiver:4026 
01-06 18:24:24.264  1895  1895 W ContextImpl: Calling a method in the system process without a qualified user: android.app.ContextImpl.startService:1669 android.content.ContextWrapper.startService:720 android.content.ContextWrapper.startService:720 com.robam.ventilator.ui.receiver.AlarmSerialReceiver.onReceive:12 android.app.ActivityThread.handleReceiver:4026 
01-06 18:24:24.536   503   526 W ActivityTaskManager: Launch timeout has expired, giving up wake lock!
01-06 18:24:25.112   503  1211 E TaskPersister: File error accessing recents directory (directory doesn't exist?).
01-06 18:24:27.195  1895  1895 W ContextImpl: Calling a method in the system process without a qualified user: android.app.ContextImpl.startService:1669 android.content.ContextWrapper.startService:720 android.content.ContextWrapper.startService:720 com.robam.ventilator.ui.receiver.AlarmBleReceiver.onReceive:13 android.app.ActivityThread.handleReceiver:4026 
01-06 18:24:27.298  1895  1895 W ContextImpl: Calling a method in the system process without a qualified user: android.app.ContextImpl.startService:1669 android.content.ContextWrapper.startService:720 android.content.ContextWrapper.startService:720 com.robam.ventilator.ui.receiver.AlarmSerialReceiver.onReceive:12 android.app.ActivityThread.handleReceiver:4026 
01-06 18:24:28.943  1895  1895 W ContextImpl: Calling a method in the system process without a qualified user: android.app.ContextImpl.startService:1669 android.content.ContextWrapper.startService:720 android.content.ContextWrapper.startService:720 com.robam.ventilator.ui.receiver.AlarmMqttReceiver.onReceive:12 android.app.ActivityThread.handleReceiver:4026 
01-06 18:24:30.313  1895  1895 W ContextImpl: Calling a method in the system process without a qualified user: android.app.ContextImpl.startService:1669 android.content.ContextWrapper.startService:720 android.content.ContextWrapper.startService:720 com.robam.ventilator.ui.receiver.AlarmSerialReceiver.onReceive:12 android.app.ActivityThread.handleReceiver:4026 
01-06 18:24:33.209  1895  1895 W ContextImpl: Calling a method in the system process without a qualified user: android.app.ContextImpl.startService:1669 android.content.ContextWrapper.startService:720 android.content.ContextWrapper.startService:720 com.robam.ventilator.ui.receiver.AlarmBleReceiver.onReceive:13 android.app.ActivityThread.handleReceiver:4026 
01-06 18:24:33.321  1895  1895 W ContextImpl: Calling a method in the system process without a qualified user: android.app.ContextImpl.startService:1669 android.content.ContextWrapper.startService:720 android.content.ContextWrapper.startService:720 com.robam.ventilator.ui.receiver.AlarmSerialReceiver.onReceive:12 android.app.ActivityThread.handleReceiver:4026 
01-06 18:24:33.952  1895  1895 W ContextImpl: Calling a method in the system process without a qualified user: android.app.ContextImpl.startService:1669 android.content.ContextWrapper.startService:720 android.content.ContextWrapper.startService:720 com.robam.ventilator.ui.receiver.AlarmMqttReceiver.onReceive:12 android.app.ActivityThread.handleReceiver:4026 
01-06 18:24:36.337  1895  1895 W ContextImpl: Calling a method in the system process without a qualified user: android.app.ContextImpl.startService:1669 android.content.ContextWrapper.startService:720 android.content.ContextWrapper.startService:720 com.robam.ventilator.ui.receiver.AlarmSerialReceiver.onReceive:12 android.app.ActivityThread.handleReceiver:4026 
01-06 18:24:38.961  1895  1895 W ContextImpl: Calling a method in the system process without a qualified user: android.app.ContextImpl.startService:1669 android.content.ContextWrapper.startService:720 android.content.ContextWrapper.startService:720 com.robam.ventilator.ui.receiver.AlarmMqttReceiver.onReceive:12 android.app.ActivityThread.handleReceiver:4026 
01-06 18:24:39.230  1895  1895 W ContextImpl: Calling a method in the system process without a qualified user: android.app.ContextImpl.startService:1669 android.content.ContextWrapper.startService:720 android.content.ContextWrapper.startService:720 com.robam.ventilator.ui.receiver.AlarmBleReceiver.onReceive:13 android.app.ActivityThread.handleReceiver:4026 
01-06 18:24:39.344  1895  1895 W ContextImpl: Calling a method in the system process without a qualified user: android.app.ContextImpl.startService:1669 android.content.ContextWrapper.startService:720 android.content.ContextWrapper.startService:720 com.robam.ventilator.ui.receiver.AlarmSerialReceiver.onReceive:12 android.app.ActivityThread.handleReceiver:4026 
01-06 18:24:42.355  1895  1895 W ContextImpl: Calling a method in the system process without a qualified user: android.app.ContextImpl.startService:1669 android.content.ContextWrapper.startService:720 android.content.ContextWrapper.startService:720 com.robam.ventilator.ui.receiver.AlarmSerialReceiver.onReceive:12 android.app.ActivityThread.handleReceiver:4026 
01-06 18:24:42.715   503   503 W NotificationHistory: Attempted to add notif for locked/gone/disabled user 0
01-06 18:24:44.016  1895  1895 W ContextImpl: Calling a method in the system process without a qualified user: android.app.ContextImpl.startService:1669 android.content.ContextWrapper.startService:720 android.content.ContextWrapper.startService:720 com.robam.ventilator.ui.receiver.AlarmMqttReceiver.onReceive:12 android.app.ActivityThread.handleReceiver:4026 
01-06 18:24:45.298  1895  1895 W ContextImpl: Calling a method in the system process without a qualified user: android.app.ContextImpl.startService:1669 android.content.ContextWrapper.startService:720 android.content.ContextWrapper.startService:720 com.robam.ventilator.ui.receiver.AlarmBleReceiver.onReceive:13 android.app.ActivityThread.handleReceiver:4026 
01-06 18:24:45.446  1895  1895 W ContextImpl: Calling a method in the system process without a qualified user: android.app.ContextImpl.startService:1669 android.content.ContextWrapper.startService:720 android.content.ContextWrapper.startService:720 com.robam.ventilator.ui.receiver.AlarmSerialReceiver.onReceive:12 android.app.ActivityThread.handleReceiver:4026 
01-06 18:24:48.564  1895  1895 W ContextImpl: Calling a method in the system process without a qualified user: android.app.ContextImpl.startService:1669 android.content.ContextWrapper.startService:720 android.content.ContextWrapper.startService:720 com.robam.ventilator.ui.receiver.AlarmSerialReceiver.onReceive:12 android.app.ActivityThread.handleReceiver:4026 
01-06 18:24:49.125  1895  1895 W ContextImpl: Calling a method in the system process without a qualified user: android.app.ContextImpl.startService:1669 android.content.ContextWrapper.startService:720 android.content.ContextWrapper.startService:720 com.robam.ventilator.ui.receiver.AlarmMqttReceiver.onReceive:12 android.app.ActivityThread.handleReceiver:4026 
01-06 18:24:51.425  1895  1895 W ContextImpl: Calling a method in the system process without a qualified user: android.app.ContextImpl.startService:1669 android.content.ContextWrapper.startService:720 android.content.ContextWrapper.startService:720 com.robam.ventilator.ui.receiver.AlarmBleReceiver.onReceive:13 android.app.ActivityThread.handleReceiver:4026 
01-06 18:24:51.702  1895  1895 W ContextImpl: Calling a method in the system process without a qualified user: android.app.ContextImpl.startService:1669 android.content.ContextWrapper.startService:720 android.content.ContextWrapper.startService:720 com.robam.ventilator.ui.receiver.AlarmSerialReceiver.onReceive:12 android.app.ActivityThread.handleReceiver:4026 
01-06 18:24:53.219   503   526 W ActivityTaskManager: Launch timeout has expired, giving up wake lock!
01-06 18:24:54.219  1895  1895 W ContextImpl: Calling a method in the system process without a qualified user: android.app.ContextImpl.startService:1669 android.content.ContextWrapper.startService:720 android.content.ContextWrapper.startService:720 com.robam.ventilator.ui.receiver.AlarmMqttReceiver.onReceive:12 android.app.ActivityThread.handleReceiver:4026 
01-06 18:24:54.797  1895  1895 W ContextImpl: Calling a method in the system process without a qualified user: android.app.ContextImpl.startService:1669 android.content.ContextWrapper.startService:720 android.content.ContextWrapper.startService:720 com.robam.ventilator.ui.receiver.AlarmSerialReceiver.onReceive:12 android.app.ActivityThread.handleReceiver:4026 
01-06 18:24:56.356   503  1211 E TaskPersister: File error accessing recents directory (directory doesn't exist?).
01-06 18:24:57.515  1895  1895 W ContextImpl: Calling a method in the system process without a qualified user: android.app.ContextImpl.startService:1669 android.content.ContextWrapper.startService:720 android.content.ContextWrapper.startService:720 com.robam.ventilator.ui.receiver.AlarmBleReceiver.onReceive:13 android.app.ActivityThread.handleReceiver:4026 
01-06 18:24:57.861  1895  1895 W ContextImpl: Calling a method in the system process without a qualified user: android.app.ContextImpl.startService:1669 android.content.ContextWrapper.startService:720 android.content.ContextWrapper.startService:720 com.robam.ventilator.ui.receiver.AlarmSerialReceiver.onReceive:12 android.app.ActivityThread.handleReceiver:4026 
01-06 18:24:59.296  1895  1895 W ContextImpl: Calling a method in the system process without a qualified user: android.app.ContextImpl.startService:1669 android.content.ContextWrapper.startService:720 android.content.ContextWrapper.startService:720 com.robam.ventilator.ui.receiver.AlarmMqttReceiver.onReceive:12 android.app.ActivityThread.handleReceiver:4026 
01-06 18:25:00.926  1895  1895 W ContextImpl: Calling a method in the system process without a qualified user: android.app.ContextImpl.startService:1669 android.content.ContextWrapper.startService:720 android.content.ContextWrapper.startService:720 com.robam.ventilator.ui.receiver.AlarmSerialReceiver.onReceive:12 android.app.ActivityThread.handleReceiver:4026 
01-06 18:25:03.601  1895  1895 W ContextImpl: Calling a method in the system process without a qualified user: android.app.ContextImpl.startService:1669 android.content.ContextWrapper.startService:720 android.content.ContextWrapper.startService:720 com.robam.ventilator.ui.receiver.AlarmBleReceiver.onReceive:13 android.app.ActivityThread.handleReceiver:4026 
01-06 18:25:04.000  1895  1895 W ContextImpl: Calling a method in the system process without a qualified user: android.app.ContextImpl.startService:1669 android.content.ContextWrapper.startService:720 android.content.ContextWrapper.startService:720 com.robam.ventilator.ui.receiver.AlarmSerialReceiver.onReceive:12 android.app.ActivityThread.handleReceiver:4026 
01-06 18:25:04.400  1895  1895 W ContextImpl: Calling a method in the system process without a qualified user: android.app.ContextImpl.startService:1669 android.content.ContextWrapper.startService:720 android.content.ContextWrapper.startService:720 com.robam.ventilator.ui.receiver.AlarmMqttReceiver.onReceive:12 android.app.ActivityThread.handleReceiver:4026 
01-06 18:25:07.092  1895  1895 W ContextImpl: Calling a method in the system process without a qualified user: android.app.ContextImpl.startService:1669 android.content.ContextWrapper.startService:720 android.content.ContextWrapper.startService:720 com.robam.ventilator.ui.receiver.AlarmSerialReceiver.onReceive:12 android.app.ActivityThread.handleReceiver:4026 
01-06 18:25:09.465  1895  1895 W ContextImpl: Calling a method in the system process without a qualified user: android.app.ContextImpl.startService:1669 android.content.ContextWrapper.startService:720 android.content.ContextWrapper.startService:720 com.robam.ventilator.ui.receiver.AlarmMqttReceiver.onReceive:12 android.app.ActivityThread.handleReceiver:4026 
01-06 18:25:09.665  1895  1895 W ContextImpl: Calling a method in the system process without a qualified user: android.app.ContextImpl.startService:1669 android.content.ContextWrapper.startService:720 android.content.ContextWrapper.startService:720 com.robam.ventilator.ui.receiver.AlarmBleReceiver.onReceive:13 android.app.ActivityThread.handleReceiver:4026 
01-06 18:25:10.155  1895  1895 W ContextImpl: Calling a method in the system process without a qualified user: android.app.ContextImpl.startService:1669 android.content.ContextWrapper.startService:720 android.content.ContextWrapper.startService:720 com.robam.ventilator.ui.receiver.AlarmSerialReceiver.onReceive:12 android.app.ActivityThread.handleReceiver:4026 
01-06 18:25:13.247  1895  1895 W ContextImpl: Calling a method in the system process without a qualified user: android.app.ContextImpl.startService:1669 android.content.ContextWrapper.startService:720 android.content.ContextWrapper.startService:720 com.robam.ventilator.ui.receiver.AlarmSerialReceiver.onReceive:12 android.app.ActivityThread.handleReceiver:4026 
01-06 18:25:14.526  1895  1895 W ContextImpl: Calling a method in the system process without a qualified user: android.app.ContextImpl.startService:1669 android.content.ContextWrapper.startService:720 android.content.ContextWrapper.startService:720 com.robam.ventilator.ui.receiver.AlarmMqttReceiver.onReceive:12 android.app.ActivityThread.handleReceiver:4026 
01-06 18:25:15.736  1895  1895 W ContextImpl: Calling a method in the system process without a qualified user: android.app.ContextImpl.startService:1669 android.content.ContextWrapper.startService:720 android.content.ContextWrapper.startService:720 com.robam.ventilator.ui.receiver.AlarmBleReceiver.onReceive:13 android.app.ActivityThread.handleReceiver:4026 
01-06 18:25:16.337  1895  1895 W ContextImpl: Calling a method in the system process without a qualified user: android.app.ContextImpl.startService:1669 android.content.ContextWrapper.startService:720 android.content.ContextWrapper.startService:720 com.robam.ventilator.ui.receiver.AlarmSerialReceiver.onReceive:12 android.app.ActivityThread.handleReceiver:4026 
01-06 18:25:16.864   503   532 I DropBoxManagerService: add tag=system_server_wtf isTagEnabled=true flags=0x2
01-06 18:25:19.439  1895  1895 W ContextImpl: Calling a method in the system process without a qualified user: android.app.ContextImpl.startService:1669 android.content.ContextWrapper.startService:720 android.content.ContextWrapper.startService:720 com.robam.ventilator.ui.receiver.AlarmSerialReceiver.onReceive:12 android.app.ActivityThread.handleReceiver:4026 
01-06 18:25:19.640  1895  1895 W ContextImpl: Calling a method in the system process without a qualified user: android.app.ContextImpl.startService:1669 android.content.ContextWrapper.startService:720 android.content.ContextWrapper.startService:720 com.robam.ventilator.ui.receiver.AlarmMqttReceiver.onReceive:12 android.app.ActivityThread.handleReceiver:4026 
01-06 18:25:21.828  1895  1895 W ContextImpl: Calling a method in the system process without a qualified user: android.app.ContextImpl.startService:1669 android.content.ContextWrapper.startService:720 android.content.ContextWrapper.startService:720 com.robam.ventilator.ui.receiver.AlarmBleReceiver.onReceive:13 android.app.ActivityThread.handleReceiver:4026 
01-06 18:25:22.553  1895  1895 W ContextImpl: Calling a method in the system process without a qualified user: android.app.ContextImpl.startService:1669 android.content.ContextWrapper.startService:720 android.content.ContextWrapper.startService:720 com.robam.ventilator.ui.receiver.AlarmSerialReceiver.onReceive:12 android.app.ActivityThread.handleReceiver:4026 
01-06 18:25:24.733  1895  1895 W ContextImpl: Calling a method in the system process without a qualified user: android.app.ContextImpl.startService:1669 android.content.ContextWrapper.startService:720 android.content.ContextWrapper.startService:720 com.robam.ventilator.ui.receiver.AlarmMqttReceiver.onReceive:12 android.app.ActivityThread.handleReceiver:4026 
01-06 18:25:25.347   503   520 I ActivityTaskManager: START u0 {cmp=com.robam.ventilator/com.robam.pan.ui.activity.MainActivity (has extras)} from uid 1000
01-06 18:25:25.415   503   520 W ActivityTaskManager: Tried to set launchTime (0) < mLastActivityLaunchTime (176109)
01-06 18:25:25.933  1895  1895 W ContextImpl: Calling a method in the system process without a qualified user: android.app.ContextImpl.startService:1669 android.content.ContextWrapper.startService:720 android.content.ContextWrapper.startService:720 com.robam.ventilator.ui.receiver.AlarmSerialReceiver.onReceive:12 android.app.ActivityThread.handleReceiver:4026 
01-06 18:25:27.154   503   879 I ActivityTaskManager: START u0 {cmp=com.robam.ventilator/com.robam.pan.ui.activity.RecipeActivity (has extras)} from uid 1000
01-06 18:25:27.175   503   879 W ActivityTaskManager: Tried to set launchTime (0) < mLastActivityLaunchTime (239401)
01-06 18:25:28.033  1895  1895 W ContextImpl: Calling a method in the system process without a qualified user: android.app.ContextImpl.startService:1669 android.content.ContextWrapper.startService:720 android.content.ContextWrapper.startService:720 com.robam.ventilator.ui.receiver.AlarmBleReceiver.onReceive:13 android.app.ActivityThread.handleReceiver:4026 
01-06 18:25:28.944   503  1211 E TaskPersister: File error accessing recents directory (directory doesn't exist?).
01-06 18:25:29.017  1895  1895 W ContextImpl: Calling a method in the system process without a qualified user: android.app.ContextImpl.startService:1669 android.content.ContextWrapper.startService:720 android.content.ContextWrapper.startService:720 com.robam.ventilator.ui.receiver.AlarmSerialReceiver.onReceive:12 android.app.ActivityThread.handleReceiver:4026 
01-06 18:25:29.779  1895  1895 W ContextImpl: Calling a method in the system process without a qualified user: android.app.ContextImpl.startService:1669 android.content.ContextWrapper.startService:720 android.content.ContextWrapper.startService:720 com.robam.ventilator.ui.receiver.AlarmMqttReceiver.onReceive:12 android.app.ActivityThread.handleReceiver:4026 
01-06 18:25:32.028  1895  1895 W ContextImpl: Calling a method in the system process without a qualified user: android.app.ContextImpl.startService:1669 android.content.ContextWrapper.startService:720 android.content.ContextWrapper.startService:720 com.robam.ventilator.ui.receiver.AlarmSerialReceiver.onReceive:12 android.app.ActivityThread.handleReceiver:4026 
01-06 18:25:34.050  1895  1895 W ContextImpl: Calling a method in the system process without a qualified user: android.app.ContextImpl.startService:1669 android.content.ContextWrapper.startService:720 android.content.ContextWrapper.startService:720 com.robam.ventilator.ui.receiver.AlarmBleReceiver.onReceive:13 android.app.ActivityThread.handleReceiver:4026 
01-06 18:25:34.793  1895  1895 W ContextImpl: Calling a method in the system process without a qualified user: android.app.ContextImpl.startService:1669 android.content.ContextWrapper.startService:720 android.content.ContextWrapper.startService:720 com.robam.ventilator.ui.receiver.AlarmMqttReceiver.onReceive:12 android.app.ActivityThread.handleReceiver:4026 
01-06 18:25:35.042  1895  1895 W ContextImpl: Calling a method in the system process without a qualified user: android.app.ContextImpl.startService:1669 android.content.ContextWrapper.startService:720 android.content.ContextWrapper.startService:720 com.robam.ventilator.ui.receiver.AlarmSerialReceiver.onReceive:12 android.app.ActivityThread.handleReceiver:4026 
01-06 18:25:38.055  1895  1895 W ContextImpl: Calling a method in the system process without a qualified user: android.app.ContextImpl.startService:1669 android.content.ContextWrapper.startService:720 android.content.ContextWrapper.startService:720 com.robam.ventilator.ui.receiver.AlarmSerialReceiver.onReceive:12 android.app.ActivityThread.handleReceiver:4026 
01-06 18:25:38.695   503   879 I ActivityTaskManager: START u0 {cmp=com.robam.ventilator/com.robam.pan.ui.activity.RecipeSelectedActivity (has extras)} from uid 1000
01-06 18:25:38.716   503   521 W ActivityTaskManager: Tried to set launchTime (0) < mLastActivityLaunchTime (241163)
01-06 18:25:39.804  1895  1895 W ContextImpl: Calling a method in the system process without a qualified user: android.app.ContextImpl.startService:1669 android.content.ContextWrapper.startService:720 android.content.ContextWrapper.startService:720 com.robam.ventilator.ui.receiver.AlarmMqttReceiver.onReceive:12 android.app.ActivityThread.handleReceiver:4026 
01-06 18:25:40.061  1895  1895 W ContextImpl: Calling a method in the system process without a qualified user: android.app.ContextImpl.startService:1669 android.content.ContextWrapper.startService:720 android.content.ContextWrapper.startService:720 com.robam.ventilator.ui.receiver.AlarmBleReceiver.onReceive:13 android.app.ActivityThread.handleReceiver:4026 
01-06 18:25:41.070  1895  1895 W ContextImpl: Calling a method in the system process without a qualified user: android.app.ContextImpl.startService:1669 android.content.ContextWrapper.startService:720 android.content.ContextWrapper.startService:720 com.robam.ventilator.ui.receiver.AlarmSerialReceiver.onReceive:12 android.app.ActivityThread.handleReceiver:4026 
01-06 18:25:42.284   503  1211 E TaskPersister: File error accessing recents directory (directory doesn't exist?).
01-06 18:25:44.080  1895  1895 W ContextImpl: Calling a method in the system process without a qualified user: android.app.ContextImpl.startService:1669 android.content.ContextWrapper.startService:720 android.content.ContextWrapper.startService:720 com.robam.ventilator.ui.receiver.AlarmSerialReceiver.onReceive:12 android.app.ActivityThread.handleReceiver:4026 
01-06 18:25:44.811  1895  1895 W ContextImpl: Calling a method in the system process without a qualified user: android.app.ContextImpl.startService:1669 android.content.ContextWrapper.startService:720 android.content.ContextWrapper.startService:720 com.robam.ventilator.ui.receiver.AlarmMqttReceiver.onReceive:12 android.app.ActivityThread.handleReceiver:4026 
01-06 18:25:44.917   503  2421 I ActivityTaskManager: START u0 {cmp=com.robam.ventilator/com.robam.pan.ui.activity.RecipeSelectedActivity (has extras)} from uid 1000
01-06 18:25:44.939   503   879 W ActivityTaskManager: Tried to set launchTime (0) < mLastActivityLaunchTime (252702)
01-06 18:25:46.073  1895  1895 W ContextImpl: Calling a method in the system process without a qualified user: android.app.ContextImpl.startService:1669 android.content.ContextWrapper.startService:720 android.content.ContextWrapper.startService:720 com.robam.ventilator.ui.receiver.AlarmBleReceiver.onReceive:13 android.app.ActivityThread.handleReceiver:4026 
01-06 18:25:47.109  1895  1895 W ContextImpl: Calling a method in the system process without a qualified user: android.app.ContextImpl.startService:1669 android.content.ContextWrapper.startService:720 android.content.ContextWrapper.startService:720 com.robam.ventilator.ui.receiver.AlarmSerialReceiver.onReceive:12 android.app.ActivityThread.handleReceiver:4026 
01-06 18:25:48.553   503  1211 E TaskPersister: File error accessing recents directory (directory doesn't exist?).
01-06 18:25:49.817  1895  1895 W ContextImpl: Calling a method in the system process without a qualified user: android.app.ContextImpl.startService:1669 android.content.ContextWrapper.startService:720 android.content.ContextWrapper.startService:720 com.robam.ventilator.ui.receiver.AlarmMqttReceiver.onReceive:12 android.app.ActivityThread.handleReceiver:4026 
01-06 18:25:50.123  1895  1895 W ContextImpl: Calling a method in the system process without a qualified user: android.app.ContextImpl.startService:1669 android.content.ContextWrapper.startService:720 android.content.ContextWrapper.startService:720 com.robam.ventilator.ui.receiver.AlarmSerialReceiver.onReceive:12 android.app.ActivityThread.handleReceiver:4026 
01-06 18:25:50.156   503   521 I ActivityTaskManager: START u0 {cmp=com.robam.ventilator/com.robam.pan.ui.activity.RecipeSelectedActivity (has extras)} from uid 1000
01-06 18:25:50.173   503   521 W ActivityTaskManager: Tried to set launchTime (0) < mLastActivityLaunchTime (258925)
01-06 18:25:52.083  1895  1895 W ContextImpl: Calling a method in the system process without a qualified user: android.app.ContextImpl.startService:1669 android.content.ContextWrapper.startService:720 android.content.ContextWrapper.startService:720 com.robam.ventilator.ui.receiver.AlarmBleReceiver.onReceive:13 android.app.ActivityThread.handleReceiver:4026 
01-06 18:25:53.128  1895  1895 W ContextImpl: Calling a method in the system process without a qualified user: android.app.ContextImpl.startService:1669 android.content.ContextWrapper.startService:720 android.content.ContextWrapper.startService:720 com.robam.ventilator.ui.receiver.AlarmSerialReceiver.onReceive:12 android.app.ActivityThread.handleReceiver:4026 
01-06 18:25:53.772   503  1211 E TaskPersister: File error accessing recents directory (directory doesn't exist?).
01-06 18:25:54.825  1895  1895 W ContextImpl: Calling a method in the system process without a qualified user: android.app.ContextImpl.startService:1669 android.content.ContextWrapper.startService:720 android.content.ContextWrapper.startService:720 com.robam.ventilator.ui.receiver.AlarmMqttReceiver.onReceive:12 android.app.ActivityThread.handleReceiver:4026 
01-06 18:25:55.318   503  2421 I ActivityTaskManager: START u0 {cmp=com.robam.ventilator/com.robam.pan.ui.activity.RecipeSelectedActivity (has extras)} from uid 1000
01-06 18:25:55.336   503  2421 W ActivityTaskManager: Tried to set launchTime (0) < mLastActivityLaunchTime (264159)
01-06 18:25:56.164  1895  1895 W ContextImpl: Calling a method in the system process without a qualified user: android.app.ContextImpl.startService:1669 android.content.ContextWrapper.startService:720 android.content.ContextWrapper.startService:720 com.robam.ventilator.ui.receiver.AlarmSerialReceiver.onReceive:12 android.app.ActivityThread.handleReceiver:4026 
01-06 18:25:58.090  1895  1895 W ContextImpl: Calling a method in the system process without a qualified user: android.app.ContextImpl.startService:1669 android.content.ContextWrapper.startService:720 android.content.ContextWrapper.startService:720 com.robam.ventilator.ui.receiver.AlarmBleReceiver.onReceive:13 android.app.ActivityThread.handleReceiver:4026 
01-06 18:25:58.383   503  1211 E TaskPersister: File error accessing recents directory (directory doesn't exist?).
01-06 18:25:59.173  1895  1895 W ContextImpl: Calling a method in the system process without a qualified user: android.app.ContextImpl.startService:1669 android.content.ContextWrapper.startService:720 android.content.ContextWrapper.startService:720 com.robam.ventilator.ui.receiver.AlarmSerialReceiver.onReceive:12 android.app.ActivityThread.handleReceiver:4026 
