01-06 18:30:19.987  1895  1895 W ContextImpl: Calling a method in the system process without a qualified user: android.app.ContextImpl.startService:1669 android.content.ContextWrapper.startService:720 android.content.ContextWrapper.startService:720 com.robam.ventilator.ui.receiver.AlarmSerialReceiver.onReceive:12 android.app.ActivityThread.handleReceiver:4026 
01-06 18:30:20.032   503   521 I MediaFocusControl: abandonAudioFocus() from uid/pid 10109/664 clientId=android.media.AudioManager@b0362b4
01-06 18:30:20.033   664  2963 V MediaPlayer: resetDrmState:  mDrmInfo=null mDrmProvisioningThread=null mPrepareDrmInProgress=false mActiveDrmScheme=false
01-06 18:30:20.033   664  2963 V MediaPlayer: cleanDrmObj: mDrmObj=null mDrmSessionId=null
01-06 18:30:20.033   354   354 D NuPlayerDriver: reset(0xf1140c90) at state 6
01-06 18:30:20.036   354  2972 I hw-BpHwBinder: onLastStrongRef automatically unlinking death recipients
01-06 18:30:20.036   380   414 I hw-BpHwBinder: onLastStrongRef automatically unlinking death recipients
01-06 18:30:20.040   380   414 V C2Store : in ~ComponentModule
01-06 18:30:20.041   380   414 V C2Store : unloading dll
01-06 18:30:20.042   354  2965 D NuPlayerDriver: notifyResetComplete(0xf1140c90)
01-06 18:30:20.044   354   354 W AMessage: failed to post message as target looper for handler 0 is gone.
01-06 18:30:20.068   284   368 W APM::AudioPolicyEngine: getDevicesForStrategy() unknown strategy: -1
01-06 18:30:20.070   503   521 I system_server: oneway function results will be dropped but finished with status OK and parcel size 4
01-06 18:30:20.219   640  1131 I bt_stack: [INFO:hearing_aid.cc(1811)] GetDeviceCount: Not initialized yet
01-06 18:30:20.499  1895  2801 I chatty  : uid=1000(system) Binder:1895_6 expire 1 line
01-06 18:30:20.736  1895  1895 I chatty  : uid=1000(system) com.robam.ventilator expire 986 lines
01-06 18:30:20.838   503   521 I ActivityTaskManager: START u0 {cmp=com.robam.ventilator/com.robam.pan.ui.activity.RestoreCompleteActivity (has extras)} from uid 1000
01-06 18:30:20.860   503  2421 W ActivityTaskManager: Tried to set launchTime (0) < mLastActivityLaunchTime (275448)
01-06 18:30:21.180   503  2421 I ActivityTaskManager: START u0 {cmp=com.robam.ventilator/com.robam.pan.ui.activity.RestoreCompleteActivity (has extras)} from uid 1000
01-06 18:30:21.181   503  2421 W ActivityTaskManager: startActivity called from finishing ActivityRecord{d0f05cd u0 com.robam.ventilator/com.robam.pan.ui.activity.CurveRestoreActivity t491 f}}; forcing Intent.FLAG_ACTIVITY_NEW_TASK for: Intent { cmp=com.robam.ventilator/com.robam.pan.ui.activity.RestoreCompleteActivity (has extras) }
01-06 18:30:21.189   503  2421 W ActivityTaskManager: Duplicate finish request for r=ActivityRecord{d0f05cd u0 com.robam.ventilator/com.robam.pan.ui.activity.CurveRestoreActivity t491 f}}
01-06 18:30:21.236   205   205 D gralloc4: [File] : hardware/rockchip/libgralloc/bifrost/src/hidl_common/Allocator.cpp; [Line] : 147; [Func] : allocate;
01-06 18:30:21.236   205   205 D gralloc4: got new private_handle_t instance @0xb400007aa0c2c6d0 for buffer 'com.robam.ventilator/com.robam.pan.ui.activity.RestoreCompleteActivity#0'. share_fd : 8, share_attr_fd : 9, flags : 0x4, width : 1280, height : 480, req_format : 0x1, producer_usage : 0x40000000000b00, consumer_usage : 0x40000000000b00, internal_format : 0x0, stride : 0, byte_stride : 0, internalWidth : 0, internalHeight : 0, alloc_format : 0x100000001, size : 2496512, layer_count : 1, backing_store_size : 2496512, allocating_pid : 205, ref_count : 1, yuv_info : 0
01-06 18:30:21.236   205   205 D gralloc4: plane_info[0]: offset : 0, byte_stride : 5120, alloc_width : 1280, alloc_height : 480
01-06 18:30:21.236   205   205 D gralloc4: plane_info[1]: offset : 0, byte_stride : 0, alloc_width : 0, alloc_height : 0
01-06 18:30:21.239   205   205 D gralloc4: [File] : hardware/rockchip/libgralloc/bifrost/src/hidl_common/Allocator.cpp; [Line] : 147; [Func] : allocate;
01-06 18:30:21.239   205   205 D gralloc4: got new private_handle_t instance @0xb400007aa0c2e650 for buffer 'com.robam.ventilator/com.robam.pan.ui.activity.RestoreCompleteActivity#0'. share_fd : 8, share_attr_fd : 9, flags : 0x4, width : 1280, height : 480, req_format : 0x1, producer_usage : 0x40000000000b00, consumer_usage : 0x40000000000b00, internal_format : 0x0, stride : 0, byte_stride : 0, internalWidth : 0, internalHeight : 0, alloc_format : 0x100000001, size : 2496512, layer_count : 1, backing_store_size : 2496512, allocating_pid : 205, ref_count : 1, yuv_info : 0
01-06 18:30:21.239   205   205 D gralloc4: plane_info[0]: offset : 0, byte_stride : 5120, alloc_width : 1280, alloc_height : 480
01-06 18:30:21.239   205   205 D gralloc4: plane_info[1]: offset : 0, byte_stride : 0, alloc_width : 0, alloc_height : 0
01-06 18:30:21.243   205   205 D gralloc4: [File] : hardware/rockchip/libgralloc/bifrost/src/hidl_common/Allocator.cpp; [Line] : 147; [Func] : allocate;
01-06 18:30:21.243   205   205 D gralloc4: got new private_handle_t instance @0xb400007aa0c2c6d0 for buffer 'com.robam.ventilator/com.robam.pan.ui.activity.RestoreCompleteActivity#0'. share_fd : 8, share_attr_fd : 9, flags : 0x4, width : 1280, height : 480, req_format : 0x1, producer_usage : 0x40000000000b00, consumer_usage : 0x40000000000b00, internal_format : 0x0, stride : 0, byte_stride : 0, internalWidth : 0, internalHeight : 0, alloc_format : 0x100000001, size : 2496512, layer_count : 1, backing_store_size : 2496512, allocating_pid : 205, ref_count : 1, yuv_info : 0
01-06 18:30:21.243   205   205 D gralloc4: plane_info[0]: offset : 0, byte_stride : 5120, alloc_width : 1280, alloc_height : 480
01-06 18:30:21.243   205   205 D gralloc4: plane_info[1]: offset : 0, byte_stride : 0, alloc_width : 0, alloc_height : 0
01-06 18:30:21.307   205   205 D gralloc4: [File] : hardware/rockchip/libgralloc/bifrost/src/hidl_common/Allocator.cpp; [Line] : 147; [Func] : allocate;
01-06 18:30:21.307   205   205 D gralloc4: got new private_handle_t instance @0xb400007aa0c2e650 for buffer 'com.robam.ventilator/com.robam.pan.ui.activity.RestoreCompleteActivity#0'. share_fd : 8, share_attr_fd : 9, flags : 0x4, width : 480, height : 1280, req_format : 0x1, producer_usage : 0x40000000000b00, consumer_usage : 0x40000000000b00, internal_format : 0x0, stride : 0, byte_stride : 0, internalWidth : 0, internalHeight : 0, alloc_format : 0x100000001, size : 2496512, layer_count : 1, backing_store_size : 2496512, allocating_pid : 205, ref_count : 1, yuv_info : 0
01-06 18:30:21.307   205   205 D gralloc4: plane_info[0]: offset : 0, byte_stride : 1920, alloc_width : 480, alloc_height : 1280
01-06 18:30:21.307   205   205 D gralloc4: plane_info[1]: offset : 0, byte_stride : 0, alloc_width : 0, alloc_height : 0
01-06 18:30:21.330  1895  2985 I chatty  : uid=1000(system) com.robam.ventilator expire 1 line
01-06 18:30:21.357   205   205 D gralloc4: [File] : hardware/rockchip/libgralloc/bifrost/src/hidl_common/Allocator.cpp; [Line] : 147; [Func] : allocate;
01-06 18:30:21.357   205   205 D gralloc4: got new private_handle_t instance @0xb400007aa0c2c6d0 for buffer 'com.robam.ventilator/com.robam.pan.ui.activity.RestoreCompleteActivity#0'. share_fd : 8, share_attr_fd : 9, flags : 0x4, width : 480, height : 1280, req_format : 0x1, producer_usage : 0x40000000000b00, consumer_usage : 0x40000000000b00, internal_format : 0x0, stride : 0, byte_stride : 0, internalWidth : 0, internalHeight : 0, alloc_format : 0x100000001, size : 2496512, layer_count : 1, backing_store_size : 2496512, allocating_pid : 205, ref_count : 1, yuv_info : 0
01-06 18:30:21.357   205   205 D gralloc4: plane_info[0]: offset : 0, byte_stride : 1920, alloc_width : 480, alloc_height : 1280
01-06 18:30:21.357   205   205 D gralloc4: plane_info[1]: offset : 0, byte_stride : 0, alloc_width : 0, alloc_height : 0
01-06 18:30:21.371   165   181 E BufferQueueProducer: [com.robam.ventilator/com.robam.pan.ui.activity.CurveRestoreActivity#0](id:a50000002b,api:0,p:-1,c:165) disconnect: not connected (req=1)
01-06 18:30:21.371  1895  1964 I chatty  : uid=1000(system) RenderThread expire 2 lines
01-06 18:30:21.398   503   521 V ActivityTaskManager: getPackageFerformanceMode--ComponentInfo{com.robam.ventilator/com.robam.pan.ui.activity.RestoreCompleteActivity}----com.robam.ventilator
01-06 18:30:21.400   205   205 D gralloc4: [File] : hardware/rockchip/libgralloc/bifrost/src/hidl_common/Allocator.cpp; [Line] : 147; [Func] : allocate;
01-06 18:30:21.400   205   205 D gralloc4: got new private_handle_t instance @0xb400007aa0c2e650 for buffer 'com.robam.ventilator/com.robam.pan.ui.activity.RestoreCompleteActivity#0'. share_fd : 8, share_attr_fd : 9, flags : 0x4, width : 480, height : 1280, req_format : 0x1, producer_usage : 0x40000000000b00, consumer_usage : 0x40000000000b00, internal_format : 0x0, stride : 0, byte_stride : 0, internalWidth : 0, internalHeight : 0, alloc_format : 0x100000001, size : 2496512, layer_count : 1, backing_store_size : 2496512, allocating_pid : 205, ref_count : 1, yuv_info : 0
01-06 18:30:21.400   205   205 D gralloc4: plane_info[0]: offset : 0, byte_stride : 1920, alloc_width : 480, alloc_height : 1280
01-06 18:30:21.400   205   205 D gralloc4: plane_info[1]: offset : 0, byte_stride : 0, alloc_width : 0, alloc_height : 0
01-06 18:30:21.558  1895  1895 W ContextImpl: Calling a method in the system process without a qualified user: android.app.ContextImpl.startService:1669 android.content.ContextWrapper.startService:720 android.content.ContextWrapper.startService:720 com.robam.ventilator.ui.receiver.AlarmMqttReceiver.onReceive:12 android.app.ActivityThread.handleReceiver:4026 
01-06 18:30:21.563  1970  1970 V saturn_ota: ScheduleCheckJob jump
01-06 18:30:21.563  1970  1970 I saturn_ota: TimeJobService:onCreate
01-06 18:30:21.569  1970  1970 I saturn_ota: TimeJobService:onStartJob
01-06 18:30:21.570  1970  1970 V saturn_ota: ScheduleCheckJob jump
01-06 18:30:21.575  1970  1970 I saturn_ota: TimeJobService:onDestroy
01-06 18:30:21.788   503  2421 D WifiNl80211Manager: Scan result ready event
01-06 18:30:21.788   503  2421 D WifiNative: Scan result ready event
01-06 18:30:22.904   205   205 D gralloc4: [File] : hardware/rockchip/libgralloc/bifrost/src/hidl_common/Allocator.cpp; [Line] : 147; [Func] : allocate;
01-06 18:30:22.904   205   205 D gralloc4: got new private_handle_t instance @0xb400007aa0c2c6d0 for buffer 'com.robam.ventilator/com.robam.pan.ui.activity.RestoreCompleteActivity#1'. share_fd : 8, share_attr_fd : 9, flags : 0x4, width : 1280, height : 480, req_format : 0x1, producer_usage : 0x40000000000b00, consumer_usage : 0x40000000000b00, internal_format : 0x0, stride : 0, byte_stride : 0, internalWidth : 0, internalHeight : 0, alloc_format : 0x100000001, size : 2496512, layer_count : 1, backing_store_size : 2496512, allocating_pid : 205, ref_count : 1, yuv_info : 0
01-06 18:30:22.904   205   205 D gralloc4: plane_info[0]: offset : 0, byte_stride : 5120, alloc_width : 1280, alloc_height : 480
01-06 18:30:22.904   205   205 D gralloc4: plane_info[1]: offset : 0, byte_stride : 0, alloc_width : 0, alloc_height : 0
01-06 18:30:22.906   205   207 D gralloc4: [File] : hardware/rockchip/libgralloc/bifrost/src/hidl_common/Allocator.cpp; [Line] : 147; [Func] : allocate;
01-06 18:30:22.906   205   207 D gralloc4: got new private_handle_t instance @0xb400007aa0c2c7f0 for buffer 'com.robam.ventilator/com.robam.pan.ui.activity.RestoreCompleteActivity#1'. share_fd : 10, share_attr_fd : 11, flags : 0x4, width : 1280, height : 480, req_format : 0x1, producer_usage : 0x40000000000b00, consumer_usage : 0x40000000000b00, internal_format : 0x0, stride : 0, byte_stride : 0, internalWidth : 0, internalHeight : 0, alloc_format : 0x100000001, size : 2496512, layer_count : 1, backing_store_size : 2496512, allocating_pid : 205, ref_count : 1, yuv_info : 0
01-06 18:30:22.906   205   207 D gralloc4: plane_info[0]: offset : 0, byte_stride : 5120, alloc_width : 1280, alloc_height : 480
01-06 18:30:22.906   205   207 D gralloc4: plane_info[1]: offset : 0, byte_stride : 0, alloc_width : 0, alloc_height : 0
01-06 18:30:22.910   205   207 D gralloc4: [File] : hardware/rockchip/libgralloc/bifrost/src/hidl_common/Allocator.cpp; [Line] : 147; [Func] : allocate;
01-06 18:30:22.910   205   207 D gralloc4: got new private_handle_t instance @0xb400007aa0c2d330 for buffer 'com.robam.ventilator/com.robam.pan.ui.activity.RestoreCompleteActivity#1'. share_fd : 8, share_attr_fd : 9, flags : 0x4, width : 1280, height : 480, req_format : 0x1, producer_usage : 0x40000000000b00, consumer_usage : 0x40000000000b00, internal_format : 0x0, stride : 0, byte_stride : 0, internalWidth : 0, internalHeight : 0, alloc_format : 0x100000001, size : 2496512, layer_count : 1, backing_store_size : 2496512, allocating_pid : 205, ref_count : 1, yuv_info : 0
01-06 18:30:22.910   205   207 D gralloc4: plane_info[0]: offset : 0, byte_stride : 5120, alloc_width : 1280, alloc_height : 480
01-06 18:30:22.910   205   207 D gralloc4: plane_info[1]: offset : 0, byte_stride : 0, alloc_width : 0, alloc_height : 0
01-06 18:30:22.917   205   207 D gralloc4: [File] : hardware/rockchip/libgralloc/bifrost/src/hidl_common/Allocator.cpp; [Line] : 147; [Func] : allocate;
01-06 18:30:22.917   205   207 D gralloc4: got new private_handle_t instance @0xb400007aa0c2c7f0 for buffer 'com.robam.ventilator/com.robam.pan.ui.activity.RestoreCompleteActivity#1'. share_fd : 8, share_attr_fd : 9, flags : 0x4, width : 480, height : 1280, req_format : 0x1, producer_usage : 0x40000000000b00, consumer_usage : 0x40000000000b00, internal_format : 0x0, stride : 0, byte_stride : 0, internalWidth : 0, internalHeight : 0, alloc_format : 0x100000001, size : 2496512, layer_count : 1, backing_store_size : 2496512, allocating_pid : 205, ref_count : 1, yuv_info : 0
01-06 18:30:22.917   205   207 D gralloc4: plane_info[0]: offset : 0, byte_stride : 1920, alloc_width : 480, alloc_height : 1280
01-06 18:30:22.917   205   207 D gralloc4: plane_info[1]: offset : 0, byte_stride : 0, alloc_width : 0, alloc_height : 0
01-06 18:30:22.936  1570  1570 I DetectPable: type=1400 audit(0.0:2477): avc: denied { getattr } for path="/proc/uid_concurrent_policy_time" dev="proc" ino=4026531869 scontext=u:r:shell:s0 tcontext=u:object_r:proc_uid_concurrent_policy_time:s0 tclass=file permissive=1
01-06 18:30:22.946   205   207 D gralloc4: [File] : hardware/rockchip/libgralloc/bifrost/src/hidl_common/Allocator.cpp; [Line] : 147; [Func] : allocate;
01-06 18:30:22.946   205   207 D gralloc4: got new private_handle_t instance @0xb400007aa0c2d330 for buffer 'com.robam.ventilator/com.robam.pan.ui.activity.RestoreCompleteActivity#1'. share_fd : 8, share_attr_fd : 9, flags : 0x4, width : 480, height : 1280, req_format : 0x1, producer_usage : 0x40000000000b00, consumer_usage : 0x40000000000b00, internal_format : 0x0, stride : 0, byte_stride : 0, internalWidth : 0, internalHeight : 0, alloc_format : 0x100000001, size : 2496512, layer_count : 1, backing_store_size : 2496512, allocating_pid : 205, ref_count : 1, yuv_info : 0
01-06 18:30:22.947   205   207 D gralloc4: plane_info[0]: offset : 0, byte_stride : 1920, alloc_width : 480, alloc_height : 1280
01-06 18:30:22.947   205   207 D gralloc4: plane_info[1]: offset : 0, byte_stride : 0, alloc_width : 0, alloc_height : 0
01-06 18:30:22.998  1895  1895 W ContextImpl: Calling a method in the system process without a qualified user: android.app.ContextImpl.startService:1669 android.content.ContextWrapper.startService:720 android.content.ContextWrapper.startService:720 com.robam.ventilator.ui.receiver.AlarmSerialReceiver.onReceive:12 android.app.ActivityThread.handleReceiver:4026 
01-06 18:30:23.048  1895  1895 I chatty  : uid=1000(system) com.robam.ventilator expire 215 lines
01-06 18:30:23.063   253   253 D AudioHardwareTiny: do_out_standby,out = 0xedb012d0,device = 0x2
01-06 18:30:23.070   253   253 D alsa_route: route_set_controls() set route 24
01-06 18:30:23.081   253   253 D AudioHardwareTiny: close device
01-06 18:30:23.082   380   894 D BufferPoolAccessor2.0: evictor expired: 1, evicted: 0
01-06 18:30:23.086   503   880 I system_server: oneway function results will be dropped but finished with status OK and parcel size 4
01-06 18:30:23.331   664   664 W TouchableRegionManager: onHeadsUpPinnedModeChanged
01-06 18:30:23.391   664   664 W View    : requestLayout() improperly called by com.android.internal.widget.NotificationExpandButton{5f8703f VFED..C.. ......ID 897,20-930,55 #1020295 android:id/expand_button} during layout: running second layout pass
01-06 18:30:23.391   664   664 W View    : requestLayout() improperly called by com.android.internal.widget.NotificationExpandButton{c38b257 VFED..C.. ......ID 897,20-930,55 #1020295 android:id/expand_button} during layout: running second layout pass
01-06 18:30:23.620  1895  1895 W ContextImpl: Calling a method in the system process without a qualified user: android.app.ContextImpl.startService:1669 android.content.ContextWrapper.startService:720 android.content.ContextWrapper.startService:720 com.robam.ventilator.ui.receiver.AlarmBleReceiver.onReceive:13 android.app.ActivityThread.handleReceiver:4026 
01-06 18:30:23.824   664   664 D StatusBar: disable<e i a s b h r c s > disable2<q i n >
01-06 18:30:23.844   664   664 D StatusBar: disable<e i a s b h r c s > disable2<q i n >
01-06 18:30:23.853   165   499 E BufferQueueProducer: [NotificationShade#0](id:a50000002c,api:0,p:-1,c:165) disconnect: not connected (req=1)
01-06 18:30:23.853   664  1113 W libEGL  : EGLNativeWindowType 0xb4000071c9795fa0 disconnect failed
01-06 18:30:23.950   205   207 D gralloc4: [File] : hardware/rockchip/libgralloc/bifrost/src/hidl_common/Allocator.cpp; [Line] : 147; [Func] : allocate;
01-06 18:30:23.950   205   207 D gralloc4: got new private_handle_t instance @0xb400007aa0c2c7f0 for buffer 'com.robam.ventilator/com.robam.pan.ui.activity.RestoreCompleteActivity#1'. share_fd : 8, share_attr_fd : 9, flags : 0x4, width : 480, height : 1280, req_format : 0x1, producer_usage : 0x40000000000b00, consumer_usage : 0x40000000000b00, internal_format : 0x0, stride : 0, byte_stride : 0, internalWidth : 0, internalHeight : 0, alloc_format : 0x100000001, size : 2496512, layer_count : 1, backing_store_size : 2496512, allocating_pid : 205, ref_count : 1, yuv_info : 0
01-06 18:30:23.950   205   207 D gralloc4: plane_info[0]: offset : 0, byte_stride : 1920, alloc_width : 480, alloc_height : 1280
01-06 18:30:23.950   205   207 D gralloc4: plane_info[1]: offset : 0, byte_stride : 0, alloc_width : 0, alloc_height : 0
01-06 18:30:24.010  1570  1570 I DetectPable: type=1400 audit(0.0:2478): avc: denied { getattr } for path="/proc/keys" dev="proc" ino=4026532139 scontext=u:r:shell:s0 tcontext=u:object_r:proc_keys:s0 tclass=file permissive=1
01-06 18:30:24.010  1570  1570 I DetectPable: type=1400 audit(0.0:2479): avc: denied { getattr } for path="/proc/uid_time_in_state" dev="proc" ino=4026531867 scontext=u:r:shell:s0 tcontext=u:object_r:proc_uid_time_in_state:s0 tclass=file permissive=1
01-06 18:30:24.033  2989  2989 I cat     : type=1400 audit(0.0:2480): avc: denied { read } for name="kmsg" dev="proc" ino=4026532062 scontext=u:r:system_app:s0 tcontext=u:object_r:proc_kmsg:s0 tclass=file permissive=1
01-06 18:30:24.033  2989  2989 I cat     : type=1400 audit(0.0:2481): avc: denied { open } for path="/proc/kmsg" dev="proc" ino=4026532062 scontext=u:r:system_app:s0 tcontext=u:object_r:proc_kmsg:s0 tclass=file permissive=1
01-06 18:30:24.033  2989  2989 I cat     : type=1400 audit(0.0:2482): avc: denied { syslog } for capability=34 scontext=u:r:system_app:s0 tcontext=u:r:system_app:s0 tclass=capability2 permissive=1
01-06 18:30:24.080   354  1197 D BufferPoolAccessor2.0: evictor expired: 1, evicted: 0
01-06 18:30:24.439   503  1211 E TaskPersister: File error accessing recents directory (directory doesn't exist?).
01-06 18:30:25.040  1570  1570 I DetectPable: type=1400 audit(0.0:2483): avc: denied { getattr } for path="/proc/pagetypeinfo" dev="proc" ino=4026531857 scontext=u:r:shell:s0 tcontext=u:object_r:proc_pagetypeinfo:s0 tclass=file permissive=1
01-06 18:30:25.040  1570  1570 I DetectPable: type=1400 audit(0.0:2484): avc: denied { getattr } for path="/proc/sysrq-trigger" dev="proc" ino=4026532277 scontext=u:r:shell:s0 tcontext=u:object_r:proc_sysrq:s0 tclass=file permissive=1
01-06 18:30:25.046  1570  1570 I DetectPable: type=1400 audit(0.0:2485): avc: denied { getattr } for path="/proc/buddyinfo" dev="proc" ino=4026531856 scontext=u:r:shell:s0 tcontext=u:object_r:proc_buddyinfo:s0 tclass=file permissive=1
01-06 18:30:25.046  1570  1570 I DetectPable: type=1400 audit(0.0:2486): avc: denied { getattr } for path="/proc/diskstats" dev="proc" ino=4026532142 scontext=u:r:shell:s0 tcontext=u:object_r:proc_diskstats:s0 tclass=file permissive=1
01-06 18:30:25.081   354  1197 D BufferPoolAccessor2.0: bufferpool2 0xec300b68 : 0(0 size) total buffers - 0(0 size) used buffers - 96/104 (recycle/alloc) - 8/198 (fetch/transfer)
01-06 18:30:25.081   354  1197 D BufferPoolAccessor2.0: evictor expired: 1, evicted: 1
01-06 18:30:25.082   380   894 D BufferPoolAccessor2.0: bufferpool2 0xb40000799adef9a8 : 0(0 size) total buffers - 0(0 size) used buffers - 93/97 (recycle/alloc) - 4/96 (fetch/transfer)
01-06 18:30:25.082   380   894 D BufferPoolAccessor2.0: evictor expired: 1, evicted: 1
01-06 18:30:25.748   253  1200 D AudioHardwareTiny: start_output_stream:1372 out = 0xedb012d0,device = 0x2,outputs[OUTPUT_HDMI_MULTI] = 0x0
01-06 18:30:25.748   503  2421 I system_server: oneway function results will be dropped but finished with status OK and parcel size 4
01-06 18:30:25.749   253  1200 D AudioHardwareTiny: card0 id:rockchiprk809co
01-06 18:30:25.749   253  1200 D AudioHardwareTiny: exist proc/asound/card0/pcm0p/info, break and finish 
01-06 18:30:25.749   253  1200 D AudioHardwareTiny: SPEAKER card, got card=0,device=0
01-06 18:30:25.749   253  1200 D AudioHardwareTiny: No exist proc/asound/card1/id, break and finish parsing
01-06 18:30:25.749   253  1200 D AudioHardwareTiny: dump out device info
01-06 18:30:25.749   253  1200 D AudioHardwareTiny: dev_info SPEAKER  card=0, device:0
01-06 18:30:25.749   253  1200 D AudioHardwareTiny: out->Device     : 0x2
01-06 18:30:25.749   253  1200 D AudioHardwareTiny: out->SampleRate : 44100
01-06 18:30:25.749   253  1200 D AudioHardwareTiny: out->Channels   : 2
01-06 18:30:25.749   253  1200 D AudioHardwareTiny: out->Formate    : 0
01-06 18:30:25.749   253  1200 D AudioHardwareTiny: out->PreiodSize : 512
01-06 18:30:25.749   253  1200 D AudioHardwareTiny: start_output_stream out->device=0x2,out->pcm_device=0x0,hfp_status=0
01-06 18:30:25.749   253  1200 D alsa_route: route_info->sound_card 0, route_info->devices 0  
01-06 18:30:25.749   253  1200 D alsa_route: route_set_controls() set route 0
01-06 18:30:25.751   165   499 E BufferQueueProducer: [com.robam.ventilator/com.robam.pan.ui.activity.RestoreCompleteActivity#1](id:a50000002e,api:0,p:-1,c:165) disconnect: not connected (req=1)
01-06 18:30:25.751   503  2421 I system_server: oneway function results will be dropped but finished with status OK and parcel size 4
01-06 18:30:25.761   253  1200 D AudioHardwareTiny: start_output_stream:1490, out = 0xedb012d0
01-06 18:30:26.012   284   368 W APM::AudioPolicyEngine: getDevicesForStrategy() unknown strategy: -1
01-06 18:30:26.013   503   880 I system_server: oneway function results will be dropped but finished with status OK and parcel size 4
01-06 18:30:26.017  1895  1895 W ContextImpl: Calling a method in the system process without a qualified user: android.app.ContextImpl.startService:1669 android.content.ContextWrapper.startService:720 android.content.ContextWrapper.startService:720 com.robam.ventilator.ui.receiver.AlarmSerialReceiver.onReceive:12 android.app.ActivityThread.handleReceiver:4026 
01-06 18:30:26.070  1570  1570 I DetectPable: type=1400 audit(0.0:2487): avc: denied { getattr } for path="/proc/kpageflags" dev="proc" ino=4026532064 scontext=u:r:shell:s0 tcontext=u:object_r:proc_kpageflags:s0 tclass=file permissive=1
01-06 18:30:26.549  1895  1936 I chatty  : uid=1000(system) LeakCanary-Heap expire 1 line
01-06 18:30:26.557  1895  1912 I chatty  : uid=1000(system) FinalizerDaemon expire 1 line
01-06 18:30:26.579  1895  1895 W ContextImpl: Calling a method in the system process without a qualified user: android.app.ContextImpl.startService:1669 android.content.ContextWrapper.startService:720 android.content.ContextWrapper.startService:720 com.robam.ventilator.ui.receiver.AlarmMqttReceiver.onReceive:12 android.app.ActivityThread.handleReceiver:4026 
01-06 18:30:27.106  1570  1570 I DetectPable: type=1400 audit(0.0:2488): avc: denied { getattr } for path="/proc/vmallocinfo" dev="proc" ino=4026532133 scontext=u:r:shell:s0 tcontext=u:object_r:proc_vmallocinfo:s0 tclass=file permissive=1
01-06 18:30:28.143  1570  1570 I DetectPable: type=1400 audit(0.0:2489): avc: denied { getattr } for path="/proc/cmdline" dev="proc" ino=4026532051 scontext=u:r:shell:s0 tcontext=u:object_r:proc_cmdline:s0 tclass=file permissive=1
01-06 18:30:28.870   253   253 D AudioHardwareTiny: do_out_standby,out = 0xedb012d0,device = 0x2
01-06 18:30:28.877   253   253 D alsa_route: route_set_controls() set route 24
01-06 18:30:28.885   253   253 D AudioHardwareTiny: close device
01-06 18:30:28.887   503   521 I system_server: oneway function results will be dropped but finished with status OK and parcel size 4
01-06 18:30:29.033  1895  1895 W ContextImpl: Calling a method in the system process without a qualified user: android.app.ContextImpl.startService:1669 android.content.ContextWrapper.startService:720 android.content.ContextWrapper.startService:720 com.robam.ventilator.ui.receiver.AlarmSerialReceiver.onReceive:12 android.app.ActivityThread.handleReceiver:4026 
01-06 18:30:29.096  1895  1895 I chatty  : uid=1000(system) com.robam.ventilator expire 548 lines
01-06 18:30:29.630  1895  1895 W ContextImpl: Calling a method in the system process without a qualified user: android.app.ContextImpl.startService:1669 android.content.ContextWrapper.startService:720 android.content.ContextWrapper.startService:720 com.robam.ventilator.ui.receiver.AlarmBleReceiver.onReceive:13 android.app.ActivityThread.handleReceiver:4026 
01-06 18:30:31.586  1895  1895 W ContextImpl: Calling a method in the system process without a qualified user: android.app.ContextImpl.startService:1669 android.content.ContextWrapper.startService:720 android.content.ContextWrapper.startService:720 com.robam.ventilator.ui.receiver.AlarmMqttReceiver.onReceive:12 android.app.ActivityThread.handleReceiver:4026 
01-06 18:30:32.045  1895  1895 W ContextImpl: Calling a method in the system process without a qualified user: android.app.ContextImpl.startService:1669 android.content.ContextWrapper.startService:720 android.content.ContextWrapper.startService:720 com.robam.ventilator.ui.receiver.AlarmSerialReceiver.onReceive:12 android.app.ActivityThread.handleReceiver:4026 
01-06 18:30:35.060  1895  1895 W ContextImpl: Calling a method in the system process without a qualified user: android.app.ContextImpl.startService:1669 android.content.ContextWrapper.startService:720 android.content.ContextWrapper.startService:720 com.robam.ventilator.ui.receiver.AlarmSerialReceiver.onReceive:12 android.app.ActivityThread.handleReceiver:4026 
01-06 18:30:35.638  1895  1895 W ContextImpl: Calling a method in the system process without a qualified user: android.app.ContextImpl.startService:1669 android.content.ContextWrapper.startService:720 android.content.ContextWrapper.startService:720 com.robam.ventilator.ui.receiver.AlarmBleReceiver.onReceive:13 android.app.ActivityThread.handleReceiver:4026 
01-06 18:30:36.592  1895  1895 W ContextImpl: Calling a method in the system process without a qualified user: android.app.ContextImpl.startService:1669 android.content.ContextWrapper.startService:720 android.content.ContextWrapper.startService:720 com.robam.ventilator.ui.receiver.AlarmMqttReceiver.onReceive:12 android.app.ActivityThread.handleReceiver:4026 
01-06 18:30:38.071  1895  1895 W ContextImpl: Calling a method in the system process without a qualified user: android.app.ContextImpl.startService:1669 android.content.ContextWrapper.startService:720 android.content.ContextWrapper.startService:720 com.robam.ventilator.ui.receiver.AlarmSerialReceiver.onReceive:12 android.app.ActivityThread.handleReceiver:4026 
01-06 18:30:41.083  1895  1895 W ContextImpl: Calling a method in the system process without a qualified user: android.app.ContextImpl.startService:1669 android.content.ContextWrapper.startService:720 android.content.ContextWrapper.startService:720 com.robam.ventilator.ui.receiver.AlarmSerialReceiver.onReceive:12 android.app.ActivityThread.handleReceiver:4026 
01-06 18:30:41.613  1895  1895 W ContextImpl: Calling a method in the system process without a qualified user: android.app.ContextImpl.startService:1669 android.content.ContextWrapper.startService:720 android.content.ContextWrapper.startService:720 com.robam.ventilator.ui.receiver.AlarmMqttReceiver.onReceive:12 android.app.ActivityThread.handleReceiver:4026 
01-06 18:30:41.649  1895  1895 W ContextImpl: Calling a method in the system process without a qualified user: android.app.ContextImpl.startService:1669 android.content.ContextWrapper.startService:720 android.content.ContextWrapper.startService:720 com.robam.ventilator.ui.receiver.AlarmBleReceiver.onReceive:13 android.app.ActivityThread.handleReceiver:4026 
01-06 18:30:44.107  1895  1895 W ContextImpl: Calling a method in the system process without a qualified user: android.app.ContextImpl.startService:1669 android.content.ContextWrapper.startService:720 android.content.ContextWrapper.startService:720 com.robam.ventilator.ui.receiver.AlarmSerialReceiver.onReceive:12 android.app.ActivityThread.handleReceiver:4026 
01-06 18:30:46.620  1895  1895 W ContextImpl: Calling a method in the system process without a qualified user: android.app.ContextImpl.startService:1669 android.content.ContextWrapper.startService:720 android.content.ContextWrapper.startService:720 com.robam.ventilator.ui.receiver.AlarmMqttReceiver.onReceive:12 android.app.ActivityThread.handleReceiver:4026 
01-06 18:30:47.117  1895  1895 W ContextImpl: Calling a method in the system process without a qualified user: android.app.ContextImpl.startService:1669 android.content.ContextWrapper.startService:720 android.content.ContextWrapper.startService:720 com.robam.ventilator.ui.receiver.AlarmSerialReceiver.onReceive:12 android.app.ActivityThread.handleReceiver:4026 
01-06 18:30:47.262   640  1131 I bt_stack: [INFO:btsnoop.cc(323)] clear_l2cap_whitelist: Clearing whitelist from l2cap channel. conn_handle=64 cid=6:6
01-06 18:30:47.264   640   789 D bt_btif_config: btif_get_device_type: Device [84:9d:c2:89:9e:24] type 2
01-06 18:30:47.264   640   789 I bt_btif_dm: get_cod remote_cod = 0x00001f00
01-06 18:30:47.264   640   789 E bt_stack: [ERROR:metric_id_allocator.cc(181)] BluetoothMetricIdAllocatorFailed to forget device because device is not in paired_device_cache_
01-06 18:30:47.265   640   789 I BluetoothBondStateMachine: bondStateChangeCallback: Status: 1 Address: 84:9D:C2:89:9E:24 newState: 0
01-06 18:30:47.266   640   789 D bt_btif_config: btif_get_device_type: Device [84:9d:c2:89:9e:24] type 2
01-06 18:30:47.271   640   991 D AdapterProperties: Failed to remove device: 84:9D:C2:89:9E:24
01-06 18:30:47.278   640   991 I BluetoothBondStateMachine: Bond State Change Intent:84:9D:C2:89:9E:24 BOND_BONDING => BOND_NONE
01-06 18:30:47.279   640   991 W HeadsetClientService: getHeadsetClientService(): service is null
01-06 18:30:47.279   640   991 W PbapClientService: getPbapClientService(): service is null
01-06 18:30:47.279   640   991 D BluetoothAdapterService: getAdapterService() - returning com.android.bluetooth.btservice.AdapterService@e2b1564
01-06 18:30:47.280   640   991 D A2dpService: Saved connectionPolicy 84:9D:C2:89:9E:24 = -1
01-06 18:30:47.280   640   991 I HeadsetService: setConnectionPolicy: device=84:9D:C2:89:9E:24, connectionPolicy=-1, uid/pid=1002/640
01-06 18:30:47.280   640   991 I BluetoothBondStateMachine: StableState(): Entering Off State
01-06 18:30:47.282   640   640 D A2dpService: Bond state changed for device: 84:9D:C2:89:9E:24 state: 10
01-06 18:30:47.290   919   919 W BluetoothEventManager: showUnbondMessage: Not displaying any message for reason: 9
01-06 18:30:47.292   664   915 W BluetoothEventManager: showUnbondMessage: Not displaying any message for reason: 9
01-06 18:30:47.298   664  3023 W RingtonePlayer: STOP command without a player
01-06 18:30:47.366  1895  1895 I chatty  : uid=1000(system) com.robam.ventilator expire 395 lines
01-06 18:30:47.673  1895  1895 W ContextImpl: Calling a method in the system process without a qualified user: android.app.ContextImpl.startService:1669 android.content.ContextWrapper.startService:720 android.content.ContextWrapper.startService:720 com.robam.ventilator.ui.receiver.AlarmBleReceiver.onReceive:13 android.app.ActivityThread.handleReceiver:4026 
01-06 18:30:50.128  1895  1895 W ContextImpl: Calling a method in the system process without a qualified user: android.app.ContextImpl.startService:1669 android.content.ContextWrapper.startService:720 android.content.ContextWrapper.startService:720 com.robam.ventilator.ui.receiver.AlarmSerialReceiver.onReceive:12 android.app.ActivityThread.handleReceiver:4026 
01-06 18:30:51.627  1895  1895 W ContextImpl: Calling a method in the system process without a qualified user: android.app.ContextImpl.startService:1669 android.content.ContextWrapper.startService:720 android.content.ContextWrapper.startService:720 com.robam.ventilator.ui.receiver.AlarmMqttReceiver.onReceive:12 android.app.ActivityThread.handleReceiver:4026 
01-06 18:30:53.136  1895  1895 W ContextImpl: Calling a method in the system process without a qualified user: android.app.ContextImpl.startService:1669 android.content.ContextWrapper.startService:720 android.content.ContextWrapper.startService:720 com.robam.ventilator.ui.receiver.AlarmSerialReceiver.onReceive:12 android.app.ActivityThread.handleReceiver:4026 
01-06 18:30:53.681  1895  1895 W ContextImpl: Calling a method in the system process without a qualified user: android.app.ContextImpl.startService:1669 android.content.ContextWrapper.startService:720 android.content.ContextWrapper.startService:720 com.robam.ventilator.ui.receiver.AlarmBleReceiver.onReceive:13 android.app.ActivityThread.handleReceiver:4026 
01-06 18:30:56.142  1895  1895 W ContextImpl: Calling a method in the system process without a qualified user: android.app.ContextImpl.startService:1669 android.content.ContextWrapper.startService:720 android.content.ContextWrapper.startService:720 com.robam.ventilator.ui.receiver.AlarmSerialReceiver.onReceive:12 android.app.ActivityThread.handleReceiver:4026 
01-06 18:30:56.647  1895  1895 W ContextImpl: Calling a method in the system process without a qualified user: android.app.ContextImpl.startService:1669 android.content.ContextWrapper.startService:720 android.content.ContextWrapper.startService:720 com.robam.ventilator.ui.receiver.AlarmMqttReceiver.onReceive:12 android.app.ActivityThread.handleReceiver:4026 
01-06 18:30:59.151  1895  1895 W ContextImpl: Calling a method in the system process without a qualified user: android.app.ContextImpl.startService:1669 android.content.ContextWrapper.startService:720 android.content.ContextWrapper.startService:720 com.robam.ventilator.ui.receiver.AlarmSerialReceiver.onReceive:12 android.app.ActivityThread.handleReceiver:4026 
01-06 18:30:59.687  1895  1895 W ContextImpl: Calling a method in the system process without a qualified user: android.app.ContextImpl.startService:1669 android.content.ContextWrapper.startService:720 android.content.ContextWrapper.startService:720 com.robam.ventilator.ui.receiver.AlarmBleReceiver.onReceive:13 android.app.ActivityThread.handleReceiver:4026 
01-06 18:31:00.013   664   664 D KeyguardClockSwitch: Updating clock: 1831
01-06 18:31:00.467  1895  1895 I chatty  : uid=1000(system) com.robam.ventilator expire 425 lines
01-06 18:31:01.652  1895  1895 W ContextImpl: Calling a method in the system process without a qualified user: android.app.ContextImpl.startService:1669 android.content.ContextWrapper.startService:720 android.content.ContextWrapper.startService:720 com.robam.ventilator.ui.receiver.AlarmMqttReceiver.onReceive:12 android.app.ActivityThread.handleReceiver:4026 
01-06 18:31:02.180  1895  1895 W ContextImpl: Calling a method in the system process without a qualified user: android.app.ContextImpl.startService:1669 android.content.ContextWrapper.startService:720 android.content.ContextWrapper.startService:720 com.robam.ventilator.ui.receiver.AlarmSerialReceiver.onReceive:12 android.app.ActivityThread.handleReceiver:4026 
01-06 18:31:05.196  1895  1895 W ContextImpl: Calling a method in the system process without a qualified user: android.app.ContextImpl.startService:1669 android.content.ContextWrapper.startService:720 android.content.ContextWrapper.startService:720 com.robam.ventilator.ui.receiver.AlarmSerialReceiver.onReceive:12 android.app.ActivityThread.handleReceiver:4026 
01-06 18:31:05.694  1895  1895 W ContextImpl: Calling a method in the system process without a qualified user: android.app.ContextImpl.startService:1669 android.content.ContextWrapper.startService:720 android.content.ContextWrapper.startService:720 com.robam.ventilator.ui.receiver.AlarmBleReceiver.onReceive:13 android.app.ActivityThread.handleReceiver:4026 
01-06 18:31:06.657  1895  1895 W ContextImpl: Calling a method in the system process without a qualified user: android.app.ContextImpl.startService:1669 android.content.ContextWrapper.startService:720 android.content.ContextWrapper.startService:720 com.robam.ventilator.ui.receiver.AlarmMqttReceiver.onReceive:12 android.app.ActivityThread.handleReceiver:4026 
01-06 18:31:08.208  1895  1895 W ContextImpl: Calling a method in the system process without a qualified user: android.app.ContextImpl.startService:1669 android.content.ContextWrapper.startService:720 android.content.ContextWrapper.startService:720 com.robam.ventilator.ui.receiver.AlarmSerialReceiver.onReceive:12 android.app.ActivityThread.handleReceiver:4026 
01-06 18:31:11.219  1895  1895 W ContextImpl: Calling a method in the system process without a qualified user: android.app.ContextImpl.startService:1669 android.content.ContextWrapper.startService:720 android.content.ContextWrapper.startService:720 com.robam.ventilator.ui.receiver.AlarmSerialReceiver.onReceive:12 android.app.ActivityThread.handleReceiver:4026 
01-06 18:31:11.663  1895  1895 W ContextImpl: Calling a method in the system process without a qualified user: android.app.ContextImpl.startService:1669 android.content.ContextWrapper.startService:720 android.content.ContextWrapper.startService:720 com.robam.ventilator.ui.receiver.AlarmMqttReceiver.onReceive:12 android.app.ActivityThread.handleReceiver:4026 
01-06 18:31:11.711  1895  1895 W ContextImpl: Calling a method in the system process without a qualified user: android.app.ContextImpl.startService:1669 android.content.ContextWrapper.startService:720 android.content.ContextWrapper.startService:720 com.robam.ventilator.ui.receiver.AlarmBleReceiver.onReceive:13 android.app.ActivityThread.handleReceiver:4026 
01-06 18:31:14.233  1895  1895 W ContextImpl: Calling a method in the system process without a qualified user: android.app.ContextImpl.startService:1669 android.content.ContextWrapper.startService:720 android.content.ContextWrapper.startService:720 com.robam.ventilator.ui.receiver.AlarmSerialReceiver.onReceive:12 android.app.ActivityThread.handleReceiver:4026 
01-06 18:31:14.316   503   574 E ActivityManager: Sending non-protected broadcast MqttService.pingSender.5068Sb002477e7695 from system uid 1000 pkg com.robam.ventilator
01-06 18:31:14.316   503   574 E ActivityManager: java.lang.Throwable
01-06 18:31:14.316   503   574 E ActivityManager: 	at com.android.server.am.ActivityManagerService.checkBroadcastFromSystem(ActivityManagerService.java:15903)
01-06 18:31:14.316   503   574 E ActivityManager: 	at com.android.server.am.ActivityManagerService.broadcastIntentLocked(ActivityManagerService.java:16578)
01-06 18:31:14.316   503   574 E ActivityManager: 	at com.android.server.am.ActivityManagerService.broadcastIntentInPackage(ActivityManagerService.java:16757)
01-06 18:31:14.316   503   574 E ActivityManager: 	at com.android.server.am.ActivityManagerService$LocalService.broadcastIntentInPackage(ActivityManagerService.java:19418)
01-06 18:31:14.316   503   574 E ActivityManager: 	at com.android.server.am.PendingIntentRecord.sendInner(PendingIntentRecord.java:442)
01-06 18:31:14.316   503   574 E ActivityManager: 	at com.android.server.am.PendingIntentRecord.sendWithResult(PendingIntentRecord.java:285)
01-06 18:31:14.316   503   574 E ActivityManager: 	at com.android.server.am.ActivityManagerService.sendIntentSender(ActivityManagerService.java:5723)
01-06 18:31:14.316   503   574 E ActivityManager: 	at android.app.PendingIntent.sendAndReturnResult(PendingIntent.java:913)
01-06 18:31:14.316   503   574 E ActivityManager: 	at android.app.PendingIntent.send(PendingIntent.java:884)
01-06 18:31:14.316   503   574 E ActivityManager: 	at com.android.server.AlarmManagerService$DeliveryTracker.deliverLocked(AlarmManagerService.java:4733)
01-06 18:31:14.316   503   574 E ActivityManager: 	at com.android.server.AlarmManagerService.deliverAlarmsLocked(AlarmManagerService.java:3868)
01-06 18:31:14.316   503   574 E ActivityManager: 	at com.android.server.AlarmManagerService$AlarmThread.run(AlarmManagerService.java:4112)
01-06 18:31:14.320   503   532 I DropBoxManagerService: add tag=system_server_wtf isTagEnabled=true flags=0x2
01-06 18:31:14.330  1895  1895 I chatty  : uid=1000(system) com.robam.ventilator expire 1030 lines
01-06 18:31:16.686  1895  1895 W ContextImpl: Calling a method in the system process without a qualified user: android.app.ContextImpl.startService:1669 android.content.ContextWrapper.startService:720 android.content.ContextWrapper.startService:720 com.robam.ventilator.ui.receiver.AlarmMqttReceiver.onReceive:12 android.app.ActivityThread.handleReceiver:4026 
01-06 18:31:17.246  1895  1895 W ContextImpl: Calling a method in the system process without a qualified user: android.app.ContextImpl.startService:1669 android.content.ContextWrapper.startService:720 android.content.ContextWrapper.startService:720 com.robam.ventilator.ui.receiver.AlarmSerialReceiver.onReceive:12 android.app.ActivityThread.handleReceiver:4026 
01-06 18:31:17.722  1895  1895 W ContextImpl: Calling a method in the system process without a qualified user: android.app.ContextImpl.startService:1669 android.content.ContextWrapper.startService:720 android.content.ContextWrapper.startService:720 com.robam.ventilator.ui.receiver.AlarmBleReceiver.onReceive:13 android.app.ActivityThread.handleReceiver:4026 
01-06 18:31:20.256  1895  1895 W ContextImpl: Calling a method in the system process without a qualified user: android.app.ContextImpl.startService:1669 android.content.ContextWrapper.startService:720 android.content.ContextWrapper.startService:720 com.robam.ventilator.ui.receiver.AlarmSerialReceiver.onReceive:12 android.app.ActivityThread.handleReceiver:4026 
01-06 18:31:21.717  1895  1895 W ContextImpl: Calling a method in the system process without a qualified user: android.app.ContextImpl.startService:1669 android.content.ContextWrapper.startService:720 android.content.ContextWrapper.startService:720 com.robam.ventilator.ui.receiver.AlarmMqttReceiver.onReceive:12 android.app.ActivityThread.handleReceiver:4026 
01-06 18:31:23.263  1895  1895 W ContextImpl: Calling a method in the system process without a qualified user: android.app.ContextImpl.startService:1669 android.content.ContextWrapper.startService:720 android.content.ContextWrapper.startService:720 com.robam.ventilator.ui.receiver.AlarmSerialReceiver.onReceive:12 android.app.ActivityThread.handleReceiver:4026 
01-06 18:31:23.729  1895  1895 W ContextImpl: Calling a method in the system process without a qualified user: android.app.ContextImpl.startService:1669 android.content.ContextWrapper.startService:720 android.content.ContextWrapper.startService:720 com.robam.ventilator.ui.receiver.AlarmBleReceiver.onReceive:13 android.app.ActivityThread.handleReceiver:4026 
01-06 18:31:26.273  1895  1895 W ContextImpl: Calling a method in the system process without a qualified user: android.app.ContextImpl.startService:1669 android.content.ContextWrapper.startService:720 android.content.ContextWrapper.startService:720 com.robam.ventilator.ui.receiver.AlarmSerialReceiver.onReceive:12 android.app.ActivityThread.handleReceiver:4026 
01-06 18:31:26.729  1895  1895 W ContextImpl: Calling a method in the system process without a qualified user: android.app.ContextImpl.startService:1669 android.content.ContextWrapper.startService:720 android.content.ContextWrapper.startService:720 com.robam.ventilator.ui.receiver.AlarmMqttReceiver.onReceive:12 android.app.ActivityThread.handleReceiver:4026 
01-06 18:31:29.284  1895  1895 W ContextImpl: Calling a method in the system process without a qualified user: android.app.ContextImpl.startService:1669 android.content.ContextWrapper.startService:720 android.content.ContextWrapper.startService:720 com.robam.ventilator.ui.receiver.AlarmSerialReceiver.onReceive:12 android.app.ActivityThread.handleReceiver:4026 
01-06 18:31:29.737  1895  1895 W ContextImpl: Calling a method in the system process without a qualified user: android.app.ContextImpl.startService:1669 android.content.ContextWrapper.startService:720 android.content.ContextWrapper.startService:720 com.robam.ventilator.ui.receiver.AlarmBleReceiver.onReceive:13 android.app.ActivityThread.handleReceiver:4026 
01-06 18:31:31.743  1895  1895 W ContextImpl: Calling a method in the system process without a qualified user: android.app.ContextImpl.startService:1669 android.content.ContextWrapper.startService:720 android.content.ContextWrapper.startService:720 com.robam.ventilator.ui.receiver.AlarmMqttReceiver.onReceive:12 android.app.ActivityThread.handleReceiver:4026 
01-06 18:31:32.292  1895  1895 W ContextImpl: Calling a method in the system process without a qualified user: android.app.ContextImpl.startService:1669 android.content.ContextWrapper.startService:720 android.content.ContextWrapper.startService:720 com.robam.ventilator.ui.receiver.AlarmSerialReceiver.onReceive:12 android.app.ActivityThread.handleReceiver:4026 
01-06 18:31:35.299  1895  1895 W ContextImpl: Calling a method in the system process without a qualified user: android.app.ContextImpl.startService:1669 android.content.ContextWrapper.startService:720 android.content.ContextWrapper.startService:720 com.robam.ventilator.ui.receiver.AlarmSerialReceiver.onReceive:12 android.app.ActivityThread.handleReceiver:4026 
01-06 18:31:35.745  1895  1895 W ContextImpl: Calling a method in the system process without a qualified user: android.app.ContextImpl.startService:1669 android.content.ContextWrapper.startService:720 android.content.ContextWrapper.startService:720 com.robam.ventilator.ui.receiver.AlarmBleReceiver.onReceive:13 android.app.ActivityThread.handleReceiver:4026 
01-06 18:31:36.750  1895  1895 W ContextImpl: Calling a method in the system process without a qualified user: android.app.ContextImpl.startService:1669 android.content.ContextWrapper.startService:720 android.content.ContextWrapper.startService:720 com.robam.ventilator.ui.receiver.AlarmMqttReceiver.onReceive:12 android.app.ActivityThread.handleReceiver:4026 
01-06 18:31:38.309  1895  1895 W ContextImpl: Calling a method in the system process without a qualified user: android.app.ContextImpl.startService:1669 android.content.ContextWrapper.startService:720 android.content.ContextWrapper.startService:720 com.robam.ventilator.ui.receiver.AlarmSerialReceiver.onReceive:12 android.app.ActivityThread.handleReceiver:4026 
01-06 18:31:41.339  1895  1895 W ContextImpl: Calling a method in the system process without a qualified user: android.app.ContextImpl.startService:1669 android.content.ContextWrapper.startService:720 android.content.ContextWrapper.startService:720 com.robam.ventilator.ui.receiver.AlarmSerialReceiver.onReceive:12 android.app.ActivityThread.handleReceiver:4026 
01-06 18:31:41.768  1895  1895 W ContextImpl: Calling a method in the system process without a qualified user: android.app.ContextImpl.startService:1669 android.content.ContextWrapper.startService:720 android.content.ContextWrapper.startService:720 com.robam.ventilator.ui.receiver.AlarmBleReceiver.onReceive:13 android.app.ActivityThread.handleReceiver:4026 
01-06 18:31:41.801  1895  1895 W ContextImpl: Calling a method in the system process without a qualified user: android.app.ContextImpl.startService:1669 android.content.ContextWrapper.startService:720 android.content.ContextWrapper.startService:720 com.robam.ventilator.ui.receiver.AlarmMqttReceiver.onReceive:12 android.app.ActivityThread.handleReceiver:4026 
01-06 18:31:44.350  1895  1895 W ContextImpl: Calling a method in the system process without a qualified user: android.app.ContextImpl.startService:1669 android.content.ContextWrapper.startService:720 android.content.ContextWrapper.startService:720 com.robam.ventilator.ui.receiver.AlarmSerialReceiver.onReceive:12 android.app.ActivityThread.handleReceiver:4026 
