01-06 18:21:43.520     0     0 W Firmware: wl0: Dec 21 2020 18:42:52 version 7.45.96.76 (91a4c5d@SYNA) (r745790) FWID 01-1f5c1610 es7.c5.n4.a3
01-06 18:21:43.520     0     0 W CLM     : 7.11.15 (2014-05-26 10:53:55)
01-06 18:21:43.521     0     0 W [dhd] dhd_txglom_enable: enable 1
01-06 18:21:43.521     0     0 E [dhd] dhd_conf_set_txglom_params: txglom_mode=multi-desc
01-06 18:21:43.521     0     0 E [dhd] dhd_conf_set_txglom_params: txglomsize=36, deferred_tx_len=0
01-06 18:21:43.521     0     0 E [dhd] dhd_conf_set_txglom_params: txinrx_thres=-1, dhd_txminmax=1
01-06 18:21:43.521     0     0 E [dhd] dhd_conf_set_txglom_params: tx_max_offset=0, txctl_tmo_fix=300
01-06 18:21:43.521     0     0 E [dhd] dhd_conf_get_disable_proptx: fw_proptx=1, disable_proptx=-1
01-06 18:21:43.523     0     0 W [dhd] dhd_wlfc_hostreorder_init(): successful bdcv2 tlv signaling, 64
01-06 18:21:43.526     0     0 W [dhd] dhd_pno_init: Support Android Location Service
01-06 18:21:43.551     0     0 W [dhd] rtt_do_get_ioctl: failed to send getbuf proxd iovar (CMD ID : 1), status=-23
01-06 18:21:43.551     0     0 W [dhd] dhd_rtt_init: FTM is not supported
01-06 18:21:43.552     0     0 W [dhd] dhd_rtt_ftm_config: failed to set config
01-06 18:21:43.555     0     0 W [dhd] dhd_wl_ioctl_get_intiovar: get int iovar wnm_bsstrans_resp failed, ERR -23
01-06 18:21:43.555     0     0 W         : [dhd] failed to get wnm_bsstrans_resp
01-06 18:21:43.556     0     0 W         : [dhd] failed to set WNM capabilities
01-06 18:21:43.580     0     0 W [dhd] dhd_preinit_ioctls: Failed to get preserve log # !
01-06 18:21:43.581     0     0 E [dhd] dhd_conf_set_country: set country CN, revision 0
01-06 18:21:43.584     0     0 E [dhd] dhd_conf_set_country: Country code: CN (CN/0)
01-06 18:21:43.589     0     0 E         : [dhd] CONFIG-ERROR) dhd_conf_set_intiovar : ampdu_mpdu setting failed -29
01-06 18:21:43.589     0     0 E [dhd][wlan0] wl_android_wifi_on: Success
01-06 18:21:43.616     0     0 I         : [dhd] CFG80211-ERROR) __wl_update_wiphybands : error reading vhtmode (-23)
01-06 18:21:43.629     0     0 W [dhd] dhd_open: the lock is released.
01-06 18:21:43.629     0     0 E [dhd][wlan0] dhd_open: Exit ret=0
01-06 18:21:43.629     0     0 E [dhd][wlan0] dhd_pri_open: tx queue started
01-06 18:21:43.621   272   272 E android.hardware.wifi@1.0-service: check_wifi_chip_type_string : APXXX: Success
01-06 18:21:43.627   272   272 I android.hardware.wifi@1.0-service: Adding interface handle for wlan0
01-06 18:21:43.627   272   272 W android.hardware.wifi@1.0-service: No active wlan interfaces in use! Using default
01-06 18:21:43.627   272   272 E android.hardware.wifi@1.0-service: Failed to register radio mode change callback
01-06 18:21:43.627   272   272 W android.hardware.wifi@1.0-service: No active wlan interfaces in use! Using default
01-06 18:21:43.630   272   272 I android.hardware.wifi@1.0-service: Configured chip in mode 0
01-06 18:21:43.630   272   272 W android.hardware.wifi@1.0-service: No active wlan interfaces in use! Using default
01-06 18:21:43.638   272   272 I android.hardware.wifi@1.0-service: Adding interface handle for wlan0
01-06 18:21:43.638   272   272 E android.hardware.wifi@1.0-service: Failed to set DFS flag; DFS channels may be unavailable.
01-06 18:21:43.678   359   359 I wificond: create scanner for interface with index: 8
01-06 18:21:43.678   359   359 I wificond: subscribe scan result for interface with index: 8
01-06 18:21:43.782   503   521 I chatty  : uid=1000(system) Binder:503_2 expire 1 line
01-06 18:21:43.788   503   856 I chatty  : uid=1000(system) Binder:503_8 expire 7 lines
01-06 18:21:43.856   503   853 I chatty  : uid=1000(system) Binder:503_7 expire 3 lines
01-06 18:21:43.921     0     0 I init    : starting service 'wpa_supplicant'...
01-06 18:21:43.923     0     0 I init    : Created socket '/dev/socket/wpa_wlan0', mode 660, user 1010, group 1010
01-06 18:21:43.930     0     0 I init    : Control message: Processed ctl.interface_start for 'android.hardware.wifi.supplicant@1.0::ISupplicant/default' from pid: 141 (/system/bin/hwservicemanager)
01-06 18:21:44.173   503   532 I chatty  : uid=1000(system) ActivityManager expire 2 lines
01-06 18:21:44.205     0     0 I capability: warning: `wpa_supplicant' uses 32-bit capabilities (legacy support in use)
01-06 18:21:44.329   664   664 D SystemUIBootTiming: DependencyInjection took to complete: 1ms
01-06 18:21:44.353     0     0 W         : [dhd] P2P interface registered
01-06 18:21:44.353     0     0 W [dhd] wl_cfgp2p_add_p2p_disc_if: wdev: 000000006f939126, wdev->net:           (null)
01-06 18:21:44.375     0     0 W [dhd] WLC_E_IF: NO_IF set, event Ignored
01-06 18:21:44.396   503   523 I chatty  : uid=1000(system) android.fg expire 1 line
01-06 18:21:44.451   503   605 I chatty  : uid=1000(system) onProviders.ECP expire 2 lines
01-06 18:21:44.476   664   664 D SystemUIBootTiming: StartServicescom.android.systemui.util.NotificationChannels took to complete: 98ms
01-06 18:21:44.507   503   993 I chatty  : uid=1000(system) BluetoothRouteM expire 1 line
01-06 18:21:44.628     0     0 I init    : Control message: Processed ctl.interface_start for 'android.hardware.radio@1.1::IRadio/slot1' from pid: 141 (/system/bin/hwservicemanager)
01-06 18:21:44.551   503  1005 I chatty  : uid=1000(system) uteStateMachine expire 2 lines
01-06 18:21:44.588   503  1008 I chatty  : uid=1000(system) CallAudioModeSt expire 1 line
01-06 18:21:44.668     0     0 I init    : Control message: Processed ctl.interface_start for 'android.hardware.radio@1.1::IRadio/slot1' from pid: 141 (/system/bin/hwservicemanager)
01-06 18:21:44.683     0     0 I [BT_RFKILL]: bt shut off power
01-06 18:21:44.683     0     0 I [BT_RFKILL]: rfkill_rk_set_power: set bt wake_host high!
01-06 18:21:44.737     0     0 I [BT_RFKILL]: ENABLE UART_RTS
01-06 18:21:44.739     0     0 I init    : processing action (vendor.wifi.direct.interface=p2p-dev-wlan0) from (/vendor/etc/init/hw/init.connectivity.rc:53)
01-06 18:21:44.748     0     0 W         : [dhd] dhd_dbg_attach_pkt_monitor, 1501
01-06 18:21:44.764     0     0 W         : [dhd] dhd_dbg_set_event_log_tag set log tag iovar failed -23
01-06 18:21:44.729   272   272 E android.hardware.wifi@1.0-service: check_wifi_chip_type_string : APXXX: Success
01-06 18:21:44.797     0     0 I chatty  : uid=0(root) logd identical 24 lines
01-06 18:21:44.798     0     0 W         : [dhd] dhd_dbg_set_event_log_tag set log tag iovar failed -23
01-06 18:21:44.805     0     0 W [dhd] net_os_enable_packet_filter: val = 0
01-06 18:21:44.806     0     0 W [dhd] net_os_rxfilter_add_remove: add_remove = 0, num = 2
01-06 18:21:44.808     0     0 W [dhd] net_os_enable_packet_filter: val = 1
01-06 18:21:44.809     0     0 W [dhd] net_os_enable_packet_filter: val = 0
01-06 18:21:44.813     0     0 W [dhd] net_os_rxfilter_add_remove: add_remove = 0, num = 3
01-06 18:21:44.811   664   664 D SystemUIBootTiming: StartServicescom.android.systemui.keyguard.KeyguardViewMediator took to complete: 334ms
01-06 18:21:44.816     0     0 W [dhd] net_os_enable_packet_filter: val = 1
01-06 18:21:44.817     0     0 W [dhd] dhd_set_suspend: Remove extra suspend setting
01-06 18:21:44.818     0     0 W [dhd] dhd_enable_packet_filter: enter, value = 0
01-06 18:21:44.844     0     0 I [BT_RFKILL]: DISABLE UART_RTS
01-06 18:21:44.844     0     0 I [BT_RFKILL]: bt turn on power
01-06 18:21:44.844     0     0 I [BT_RFKILL]: Request irq for bt wakeup host
01-06 18:21:44.844     0     0 I [BT_RFKILL]: ** disable irq
01-06 18:21:44.844     0     0 E of_dma_request_slave_channel: dma-names property of node '/serial@fe650000' missing or empty
01-06 18:21:44.844     0     0 W         : ttyS1 - failed to request DMA, use interrupt mode
01-06 18:21:44.845     0     0 W         : ttyS1 set divisor fail, quot:156 != dll,dlh:0
01-06 18:21:44.845     0     0 W         : ttyS1 set divisor fail, quot:156 != dll,dlh:0
01-06 18:21:44.845     0     0 W         : ttyS1 set divisor fail, quot:13 != dll,dlh:0
01-06 18:21:44.971   503   594 I chatty  : uid=1000(system) WifiP2pService expire 2 lines
01-06 18:21:44.990   503   852 I chatty  : uid=1000(system) Binder:503_6 expire 4 lines
01-06 18:21:45.015   664   664 D SystemUIBootTiming: StartServicescom.android.systemui.recents.Recents took to complete: 204ms
01-06 18:21:45.051     0     0 W         : ttyS1 set divisor fail, quot:1 != dll,dlh:0
01-06 18:21:45.329   664   664 D SystemUIBootTiming: StartServicescom.android.systemui.volume.VolumeUI took to complete: 314ms
01-06 18:21:45.330   664   664 D SystemUIBootTiming: StartServicescom.android.systemui.stackdivider.Divider took to complete: 1ms
01-06 18:21:45.626     0     0 I init    : Control message: Processed ctl.interface_start for 'android.hardware.radio@1.1::IRadio/slot1' from pid: 141 (/system/bin/hwservicemanager)
01-06 18:21:45.764     0     0 W         : ttyS1 set divisor fail, quot:13 != dll,dlh:0
01-06 18:21:45.929   664   664 D SystemUIBootTiming: StartServicescom.android.systemui.statusbar.phone.StatusBar took to complete: 599ms
01-06 18:21:45.931   664  1107 W ActivityThread: Failed to find provider info for com.android.contacts (user not unlocked)
01-06 18:21:45.937   664   664 D SystemUIBootTiming: StartServicescom.android.systemui.usb.StorageNotification took to complete: 7ms
01-06 18:21:45.956   664   664 D SystemUIBootTiming: StartServicescom.android.systemui.power.PowerUI took to complete: 18ms
01-06 18:21:45.959   664   664 D SystemUIBootTiming: StartServicescom.android.systemui.media.RingtonePlayer took to complete: 2ms
01-06 18:21:45.960   664   664 D SystemUIBootTiming: StartServicescom.android.systemui.keyboard.KeyboardUI took to complete: 1ms
01-06 18:21:45.961   664   664 D SystemUIBootTiming: StartServicescom.android.systemui.pip.PipUI took to complete: 1ms
01-06 18:21:45.964   664   664 D SystemUIBootTiming: StartServicescom.android.systemui.shortcut.ShortcutKeyDispatcher took to complete: 3ms
01-06 18:21:45.964   664   664 D SystemUIBootTiming: StartServicescom.android.systemui.VendorServices took to complete: 0ms
01-06 18:21:45.966   664   664 D SystemUIBootTiming: StartServicescom.android.systemui.util.leak.GarbageMonitor$Service took to complete: 2ms
01-06 18:21:45.967   664   664 D SystemUIBootTiming: StartServicescom.android.systemui.LatencyTester took to complete: 0ms
01-06 18:21:45.971   664   664 D SystemUIBootTiming: StartServicescom.android.systemui.globalactions.GlobalActionsComponent took to complete: 4ms
01-06 18:21:45.974   664   664 D SystemUIBootTiming: StartServicescom.android.systemui.ScreenDecorations took to complete: 2ms
01-06 18:21:45.978   664   664 D SystemUIBootTiming: StartServicescom.android.systemui.biometrics.AuthController took to complete: 4ms
01-06 18:21:45.979   664   664 D SystemUIBootTiming: StartServicescom.android.systemui.SliceBroadcastRelayHandler took to complete: 1ms
01-06 18:21:45.980   664   664 D SystemUIBootTiming: StartServicescom.android.systemui.SizeCompatModeActivityController took to complete: 1ms
01-06 18:21:45.984   664   664 D SystemUIBootTiming: StartServicescom.android.systemui.statusbar.notification.InstantAppNotifier took to complete: 4ms
01-06 18:21:45.989   664   664 D SystemUIBootTiming: StartServicescom.android.systemui.theme.ThemeOverlayController took to complete: 5ms
01-06 18:21:45.993   664   664 D SystemUIBootTiming: StartServicescom.android.systemui.accessibility.WindowMagnification took to complete: 3ms
01-06 18:21:46.002   664   664 D SystemUIBootTiming: StartServicescom.android.systemui.accessibility.SystemActions took to complete: 9ms
01-06 18:21:46.003   664   664 D SystemUIBootTiming: StartServicescom.android.systemui.toast.ToastUI took to complete: 1ms
01-06 18:21:46.030   664   664 D SystemUIBootTiming: StartServices took to complete: 1654ms
01-06 18:21:46.171     0     0 W         : ttyS1 set divisor fail, quot:1 != dll,dlh:0
01-06 18:21:46.383   503   520 I chatty  : uid=1000(system) Binder:503_1 expire 1 line
01-06 18:21:46.431   503   525 I chatty  : uid=1000(system) android.io expire 7 lines
01-06 18:21:46.481   664   977 W ActivityThread: Failed to find provider info for com.android.contacts (user not unlocked)
01-06 18:21:46.505   664   977 W ActivityThread: Failed to find provider info for com.android.contacts (user not unlocked)
01-06 18:21:46.627     0     0 I init    : Control message: Processed ctl.interface_start for 'android.hardware.radio@1.1::IRadio/slot1' from pid: 141 (/system/bin/hwservicemanager)
01-06 18:21:46.648   503   597 I chatty  : uid=1000(system) Binder:503_5 expire 1 line
01-06 18:21:46.702   503   525 I chatty  : uid=1000(system) android.io expire 2 lines
01-06 18:21:46.720   503   503 I chatty  : uid=1000(system) Binder:503_3 expire 2 lines
01-06 18:21:46.813   503   527 I chatty  : uid=1000(system) android.anim expire 2 lines
01-06 18:21:46.817   503   503 I chatty  : uid=1000(system) Binder:503_3 expire 1 line
01-06 18:21:47.356   503   526 I chatty  : uid=1000(system) android.display expire 46 lines
01-06 18:21:47.365   503   544 I chatty  : uid=1000(system) PowerManagerSer expire 1 line
01-06 18:21:47.365   503   526 I chatty  : uid=1000(system) android.display expire 13 lines
01-06 18:21:47.368   503   570 I chatty  : uid=1000(system) RollbackManager expire 1 line
01-06 18:21:47.375   503   526 I chatty  : uid=1000(system) android.display expire 18 lines
01-06 18:21:47.376   503   526 D ActivityManagerTiming: OnBootPhase_1000_com.android.server.integrity.AppIntegrityManagerService took to complete: 0ms
01-06 18:21:47.376   503   526 I ActivityManagerTiming: OnBootPhase_1000_com.android.server.inputmethod.InputMethodManagerService$Lifecycle
01-06 18:21:47.376   503   526 D ActivityManagerTiming: OnBootPhase_1000_com.android.server.inputmethod.InputMethodManagerService$Lifecycle took to complete: 0ms
01-06 18:21:47.376   503   526 I ActivityManagerTiming: OnBootPhase_1000_com.android.server.accessibility.AccessibilityManagerService$Lifecycle
01-06 18:21:47.376   503   526 D ActivityManagerTiming: OnBootPhase_1000_com.android.server.accessibility.AccessibilityManagerService$Lifecycle took to complete: 0ms
01-06 18:21:47.376   503   526 I ActivityManagerTiming: OnBootPhase_1000_com.android.server.StorageManagerService$Lifecycle
01-06 18:21:47.376   503   583 D StorageManagerService: Thinking about init, mBootCompleted=true, mDaemonConnected=true
01-06 18:21:47.376   503   526 D ldp     : FUSE flags. Settings: true. Default: true
01-06 18:21:47.376   503   583 D StorageManagerService: Thinking about reset, mBootCompleted=true, mDaemonConnected=true
01-06 18:21:47.377   503   526 D ActivityManagerTiming: OnBootPhase_1000_com.android.server.StorageManagerService$Lifecycle took to complete: 0ms
01-06 18:21:47.377   503   526 I ActivityManagerTiming: OnBootPhase_1000_com.android.server.usage.StorageStatsService$Lifecycle
01-06 18:21:47.377   503   526 D ActivityManagerTiming: OnBootPhase_1000_com.android.server.usage.StorageStatsService$Lifecycle took to complete: 0ms
01-06 18:21:47.377   503   526 I ActivityManagerTiming: OnBootPhase_1000_com.android.server.UiModeManagerService
01-06 18:21:47.377   503   526 D ActivityManagerTiming: OnBootPhase_1000_com.android.server.UiModeManagerService took to complete: 0ms
01-06 18:21:47.377   503   526 I ActivityManagerTiming: OnBootPhase_1000_com.android.server.locksettings.LockSettingsService$Lifecycle
01-06 18:21:47.377   503   526 D ActivityManagerTiming: OnBootPhase_1000_com.android.server.locksettings.LockSettingsService$Lifecycle took to complete: 0ms
01-06 18:21:47.377   503   526 I ActivityManagerTiming: OnBootPhase_1000_com.android.server.testharness.TestHarnessModeService
01-06 18:21:47.377   503   526 D TestHarnessModeService: Completing Test Harness Mode setup.
01-06 18:21:47.377   503   526 D TestHarnessModeService: Getting PersistentDataBlockManagerInternal from LocalServices
01-06 18:21:47.377   503   526 E TestHarnessModeService: Failed to start Test Harness Mode; no implementation of PersistentDataBlockManagerInternal was bound!
01-06 18:21:47.377   503   526 D ActivityManagerTiming: OnBootPhase_1000_com.android.server.testharness.TestHarnessModeService took to complete: 0ms
01-06 18:21:47.377   503   526 I ActivityManagerTiming: OnBootPhase_1000_com.android.server.DeviceIdleController
01-06 18:21:47.377   503   526 D ActivityManagerTiming: OnBootPhase_1000_com.android.server.DeviceIdleController took to complete: 0ms
01-06 18:21:47.377   503   583 I StorageManagerService: Resetting vold...
01-06 18:21:47.377   503   526 I ActivityManagerTiming: OnBootPhase_1000_com.android.server.devicepolicy.DevicePolicyManagerService$Lifecycle
01-06 18:21:47.378   503   526 D ActivityManagerTiming: OnBootPhase_1000_com.android.server.devicepolicy.DevicePolicyManagerService$Lifecycle took to complete: 0ms
01-06 18:21:47.378   503   526 I ActivityManagerTiming: OnBootPhase_1000_com.android.server.textservices.TextServicesManagerService$Lifecycle
01-06 18:21:47.378   503   526 D ActivityManagerTiming: OnBootPhase_1000_com.android.server.textservices.TextServicesManagerService$Lifecycle took to complete: 0ms
01-06 18:21:47.378   503   526 I ActivityManagerTiming: OnBootPhase_1000_com.android.server.textclassifier.TextClassificationManagerService$Lifecycle
01-06 18:21:47.378   503   526 D ActivityManagerTiming: OnBootPhase_1000_com.android.server.textclassifier.TextClassificationManagerService$Lifecycle took to complete: 0ms
01-06 18:21:47.378   503   526 I ActivityManagerTiming: OnBootPhase_1000_com.android.server.NetworkScoreService$Lifecycle
01-06 18:21:47.378   503   526 D ActivityManagerTiming: OnBootPhase_1000_com.android.server.NetworkScoreService$Lifecycle took to complete: 0ms
01-06 18:21:47.378   503   526 I ActivityManagerTiming: OnBootPhase_1000_com.android.server.wifi.WifiService
01-06 18:21:47.378   503   526 D ActivityManagerTiming: OnBootPhase_1000_com.android.server.wifi.WifiService took to complete: 0ms
01-06 18:21:47.378   503   526 I ActivityManagerTiming: OnBootPhase_1000_com.android.server.wifi.scanner.WifiScanningService
01-06 18:21:47.378   503   526 D ActivityManagerTiming: OnBootPhase_1000_com.android.server.wifi.scanner.WifiScanningService took to complete: 0ms
01-06 18:21:47.378   503   526 I ActivityManagerTiming: OnBootPhase_1000_com.android.server.wifi.p2p.WifiP2pService
01-06 18:21:47.378   503   526 D ActivityManagerTiming: OnBootPhase_1000_com.android.server.wifi.p2p.WifiP2pService took to complete: 0ms
01-06 18:21:47.378   503   526 I ActivityManagerTiming: OnBootPhase_1000_com.android.server.ethernet.EthernetService
01-06 18:21:47.378   503   526 D ActivityManagerTiming: OnBootPhase_1000_com.android.server.ethernet.EthernetService took to complete: 0ms
01-06 18:21:47.378   503   526 I ActivityManagerTiming: OnBootPhase_1000_com.android.server.notification.NotificationManagerService
01-06 18:21:47.378   503   526 D ActivityManagerTiming: OnBootPhase_1000_com.android.server.notification.NotificationManagerService took to complete: 0ms
01-06 18:21:47.378   503   583 I StorageManagerService: Reset vold
01-06 18:21:47.379   145   145 I vold    : onUserAdded: 0
01-06 18:21:47.379   503   526 I ActivityManagerTiming: OnBootPhase_1000_com.android.server.storage.DeviceStorageMonitorService
01-06 18:21:47.380   503   526 D ActivityManagerTiming: OnBootPhase_1000_com.android.server.storage.DeviceStorageMonitorService took to complete: 0ms
01-06 18:21:47.380   503   526 I ActivityManagerTiming: OnBootPhase_1000_com.android.server.location.LocationManagerService$Lifecycle
01-06 18:21:47.380   503   526 D ActivityManagerTiming: OnBootPhase_1000_com.android.server.location.LocationManagerService$Lifecycle took to complete: 0ms
01-06 18:21:47.380   503   526 I ActivityManagerTiming: OnBootPhase_1000_com.android.server.timedetector.TimeDetectorService$Lifecycle
01-06 18:21:47.380   503   526 D ActivityManagerTiming: OnBootPhase_1000_com.android.server.timedetector.TimeDetectorService$Lifecycle took to complete: 0ms
01-06 18:21:47.380   503   526 I ActivityManagerTiming: OnBootPhase_1000_com.android.server.timezonedetector.TimeZoneDetectorService$Lifecycle
01-06 18:21:47.380   503   526 D ActivityManagerTiming: OnBootPhase_1000_com.android.server.timezonedetector.TimeZoneDetectorService$Lifecycle took to complete: 0ms
01-06 18:21:47.380   503   526 I ActivityManagerTiming: OnBootPhase_1000_com.android.server.search.SearchManagerService$Lifecycle
01-06 18:21:47.380   503   526 D ActivityManagerTiming: OnBootPhase_1000_com.android.server.search.SearchManagerService$Lifecycle took to complete: 0ms
01-06 18:21:47.380   503   526 I ActivityManagerTiming: OnBootPhase_1000_com.android.server.wallpaper.WallpaperManagerService$Lifecycle
01-06 18:21:47.380   503   526 D ActivityManagerTiming: OnBootPhase_1000_com.android.server.wallpaper.WallpaperManagerService$Lifecycle took to complete: 0ms
01-06 18:21:47.380   503   526 I ActivityManagerTiming: OnBootPhase_1000_com.android.server.audio.AudioService$Lifecycle
01-06 18:21:47.380   503   526 D ActivityManagerTiming: OnBootPhase_1000_com.android.server.audio.AudioService$Lifecycle took to complete: 0ms
01-06 18:21:47.380   503   526 I ActivityManagerTiming: OnBootPhase_1000_com.android.server.soundtrigger_middleware.SoundTriggerMiddlewareService$Lifecycle
01-06 18:21:47.380   503   526 D ActivityManagerTiming: OnBootPhase_1000_com.android.server.soundtrigger_middleware.SoundTriggerMiddlewareService$Lifecycle took to complete: 0ms
01-06 18:21:47.380   503   526 I ActivityManagerTiming: OnBootPhase_1000_com.android.server.DockObserver
01-06 18:21:47.380   503   526 D ActivityManagerTiming: OnBootPhase_1000_com.android.server.DockObserver took to complete: 0ms
01-06 18:21:47.380   503   526 I ActivityManagerTiming: OnBootPhase_1000_com.android.server.adb.AdbService$Lifecycle
01-06 18:21:47.380   503   526 D ActivityManagerTiming: OnBootPhase_1000_com.android.server.adb.AdbService$Lifecycle took to complete: 0ms
01-06 18:21:47.380   503   526 I ActivityManagerTiming: OnBootPhase_1000_com.android.server.usb.UsbService$Lifecycle
01-06 18:21:47.380   503   526 D ActivityManagerTiming: OnBootPhase_1000_com.android.server.usb.UsbService$Lifecycle took to complete: 0ms
01-06 18:21:47.380   503   526 I ActivityManagerTiming: OnBootPhase_1000_com.android.server.twilight.TwilightService
01-06 18:21:47.381   503   532 I ActivityManager: Force stopping com.android.providers.media.module appid=10112 user=-1: vold reset
01-06 18:21:47.390   503   526 D ActivityManagerTiming: OnBootPhase_1000_com.android.server.twilight.TwilightService took to complete: 10ms
01-06 18:21:47.390   503   526 I ActivityManagerTiming: OnBootPhase_1000_com.android.server.display.color.ColorDisplayService
01-06 18:21:47.390   503   526 D ActivityManagerTiming: OnBootPhase_1000_com.android.server.display.color.ColorDisplayService took to complete: 0ms
01-06 18:21:47.390   503   526 I ActivityManagerTiming: OnBootPhase_1000_com.android.server.job.JobSchedulerService
01-06 18:21:47.390   503   526 D ActivityManagerTiming: OnBootPhase_1000_com.android.server.job.JobSchedulerService took to complete: 0ms
01-06 18:21:47.390   503   526 I ActivityManagerTiming: OnBootPhase_1000_com.android.server.soundtrigger.SoundTriggerService
01-06 18:21:47.390   503   526 D SoundTriggerService: onBootPhase: 1000 : false
01-06 18:21:47.390   503   526 D ActivityManagerTiming: OnBootPhase_1000_com.android.server.soundtrigger.SoundTriggerService took to complete: 0ms
01-06 18:21:47.390   503   526 I ActivityManagerTiming: OnBootPhase_1000_com.android.server.trust.TrustManagerService
01-06 18:21:47.391   503   526 D ActivityManagerTiming: OnBootPhase_1000_com.android.server.trust.TrustManagerService took to complete: 0ms
01-06 18:21:47.391   503   526 I ActivityManagerTiming: OnBootPhase_1000_com.android.server.backup.BackupManagerService$Lifecycle
01-06 18:21:47.391   503   526 D ActivityManagerTiming: OnBootPhase_1000_com.android.server.backup.BackupManagerService$Lifecycle took to complete: 0ms
01-06 18:21:47.391   503   526 I ActivityManagerTiming: OnBootPhase_1000_com.android.server.appwidget.AppWidgetService
01-06 18:21:47.391   503   526 D ActivityManagerTiming: OnBootPhase_1000_com.android.server.appwidget.AppWidgetService took to complete: 0ms
01-06 18:21:47.391   503   526 I ActivityManagerTiming: OnBootPhase_1000_com.android.server.role.RoleManagerService
01-06 18:21:47.391   503   526 D ActivityManagerTiming: OnBootPhase_1000_com.android.server.role.RoleManagerService took to complete: 0ms
01-06 18:21:47.391   503   526 I ActivityManagerTiming: OnBootPhase_1000_com.android.server.voiceinteraction.VoiceInteractionManagerService
01-06 18:21:47.391   503   526 D ActivityManagerTiming: OnBootPhase_1000_com.android.server.voiceinteraction.VoiceInteractionManagerService took to complete: 0ms
01-06 18:21:47.391   503   526 I ActivityManagerTiming: OnBootPhase_1000_com.android.server.SensorNotificationService
01-06 18:21:47.394   503   526 D ActivityManagerTiming: OnBootPhase_1000_com.android.server.SensorNotificationService took to complete: 3ms
01-06 18:21:47.394   503   526 I ActivityManagerTiming: OnBootPhase_1000_com.android.server.emergency.EmergencyAffordanceService
01-06 18:21:47.394   503   526 D ActivityManagerTiming: OnBootPhase_1000_com.android.server.emergency.EmergencyAffordanceService took to complete: 0ms
01-06 18:21:47.394   503   526 I ActivityManagerTiming: OnBootPhase_1000_com.android.server.dreams.DreamManagerService
01-06 18:21:47.394   503   526 D ActivityManagerTiming: OnBootPhase_1000_com.android.server.dreams.DreamManagerService took to complete: 0ms
01-06 18:21:47.394   503   526 I ActivityManagerTiming: OnBootPhase_1000_com.android.server.print.PrintManagerService
01-06 18:21:47.394   503   526 D ActivityManagerTiming: OnBootPhase_1000_com.android.server.print.PrintManagerService took to complete: 0ms
01-06 18:21:47.394   503   526 I ActivityManagerTiming: OnBootPhase_1000_com.android.server.companion.CompanionDeviceManagerService
01-06 18:21:47.394   503   526 D ActivityManagerTiming: OnBootPhase_1000_com.android.server.companion.CompanionDeviceManagerService took to complete: 0ms
01-06 18:21:47.394   503   526 I ActivityManagerTiming: OnBootPhase_1000_com.android.server.restrictions.RestrictionsManagerService
01-06 18:21:47.394   503   526 D ActivityManagerTiming: OnBootPhase_1000_com.android.server.restrictions.RestrictionsManagerService took to complete: 0ms
01-06 18:21:47.394   503   526 I ActivityManagerTiming: OnBootPhase_1000_com.android.server.blob.BlobStoreManagerService
01-06 18:21:47.396   503   526 D ActivityManagerTiming: OnBootPhase_1000_com.android.server.blob.BlobStoreManagerService took to complete: 2ms
01-06 18:21:47.396   503   526 I ActivityManagerTiming: OnBootPhase_1000_com.android.server.media.MediaSessionService
01-06 18:21:47.396   503   526 D ActivityManagerTiming: OnBootPhase_1000_com.android.server.media.MediaSessionService took to complete: 0ms
01-06 18:21:47.396   503   526 I ActivityManagerTiming: OnBootPhase_1000_com.android.server.media.MediaResourceMonitorService
01-06 18:21:47.396   503   526 D ActivityManagerTiming: OnBootPhase_1000_com.android.server.media.MediaResourceMonitorService took to complete: 0ms
01-06 18:21:47.396   503   526 I ActivityManagerTiming: OnBootPhase_1000_com.android.server.biometrics.BiometricService
01-06 18:21:47.396   503   526 D ActivityManagerTiming: OnBootPhase_1000_com.android.server.biometrics.BiometricService took to complete: 0ms
01-06 18:21:47.396   503   526 I ActivityManagerTiming: OnBootPhase_1000_com.android.server.biometrics.AuthService
01-06 18:21:47.396   503   526 D ActivityManagerTiming: OnBootPhase_1000_com.android.server.biometrics.AuthService took to complete: 0ms
01-06 18:21:47.396   503   526 I ActivityManagerTiming: OnBootPhase_1000_com.android.server.pm.ShortcutService$Lifecycle
01-06 18:21:47.396   503   526 D ActivityManagerTiming: OnBootPhase_1000_com.android.server.pm.ShortcutService$Lifecycle took to complete: 0ms
01-06 18:21:47.396   503   526 I ActivityManagerTiming: OnBootPhase_1000_com.android.server.pm.LauncherAppsService
01-06 18:21:47.396   503   526 D ActivityManagerTiming: OnBootPhase_1000_com.android.server.pm.LauncherAppsService took to complete: 0ms
01-06 18:21:47.396   503   526 I ActivityManagerTiming: OnBootPhase_1000_com.android.server.pm.CrossProfileAppsService
01-06 18:21:47.396   503   526 D ActivityManagerTiming: OnBootPhase_1000_com.android.server.pm.CrossProfileAppsService took to complete: 0ms
01-06 18:21:47.396   503   526 I ActivityManagerTiming: OnBootPhase_1000_com.android.server.people.PeopleService
01-06 18:21:47.396   503   526 D ActivityManagerTiming: OnBootPhase_1000_com.android.server.people.PeopleService took to complete: 0ms
01-06 18:21:47.396   503   526 I ActivityManagerTiming: OnBootPhase_1000_com.android.server.media.projection.MediaProjectionManagerService
01-06 18:21:47.396   503   526 D ActivityManagerTiming: OnBootPhase_1000_com.android.server.media.projection.MediaProjectionManagerService took to complete: 0ms
01-06 18:21:47.396   503   526 I ActivityManagerTiming: OnBootPhase_1000_com.android.server.slice.SliceManagerService$Lifecycle
01-06 18:21:47.396   503   526 D ActivityManagerTiming: OnBootPhase_1000_com.android.server.slice.SliceManagerService$Lifecycle took to complete: 0ms
01-06 18:21:47.396   503   526 I ActivityManagerTiming: OnBootPhase_1000_com.android.server.camera.CameraServiceProxy
01-06 18:21:47.396   503   526 D ActivityManagerTiming: OnBootPhase_1000_com.android.server.camera.CameraServiceProxy took to complete: 0ms
01-06 18:21:47.396   503   526 I ActivityManagerTiming: OnBootPhase_1000_com.android.server.stats.StatsCompanion$Lifecycle
01-06 18:21:47.397   503   526 D ActivityManagerTiming: OnBootPhase_1000_com.android.server.stats.StatsCompanion$Lifecycle took to complete: 1ms
01-06 18:21:47.397   503   526 I ActivityManagerTiming: OnBootPhase_1000_com.android.server.stats.pull.StatsPullAtomService
01-06 18:21:47.397   503   526 D ActivityManagerTiming: OnBootPhase_1000_com.android.server.stats.pull.StatsPullAtomService took to complete: 0ms
01-06 18:21:47.397   503   526 I ActivityManagerTiming: OnBootPhase_1000_com.android.server.incident.IncidentCompanionService
01-06 18:21:47.397   503   526 D ActivityManagerTiming: OnBootPhase_1000_com.android.server.incident.IncidentCompanionService took to complete: 0ms
01-06 18:21:47.397   503   526 I ActivityManagerTiming: OnBootPhase_1000_com.android.server.MmsServiceBroker
01-06 18:21:47.397   503   526 D ActivityManagerTiming: OnBootPhase_1000_com.android.server.MmsServiceBroker took to complete: 0ms
01-06 18:21:47.397   503   526 I ActivityManagerTiming: OnBootPhase_1000_com.android.server.autofill.AutofillManagerService
01-06 18:21:47.423     0     0 I init    : processing action (sys.boot_completed=1) from (/system/etc/init/hw/init.rc:983)
01-06 18:21:47.430     0     0 I init    : starting service 'exec 14 (/bin/rm -rf /data/per_boot)'...
01-06 18:21:47.397   503   526 D ActivityManagerTiming: OnBootPhase_1000_com.android.server.autofill.AutofillManagerService took to complete: 0ms
01-06 18:21:47.397   503   526 I ActivityManagerTiming: OnBootPhase_1000_com.android.server.clipboard.ClipboardService
01-06 18:21:47.397   503   526 D ActivityManagerTiming: OnBootPhase_1000_com.android.server.clipboard.ClipboardService took to complete: 0ms
01-06 18:21:47.397   503   526 I ActivityManagerTiming: OnBootPhase_1000_com.android.server.appbinding.AppBindingService$Lifecycle
01-06 18:21:47.397   503   526 D ActivityManagerTiming: OnBootPhase_1000_com.android.server.appbinding.AppBindingService$Lifecycle took to complete: 0ms
01-06 18:21:47.397   503   526 I ActivityManagerTiming: OnBootPhase_1000_com.android.server.policy.PermissionPolicyService
01-06 18:21:47.397   503   526 D ActivityManagerTiming: OnBootPhase_1000_com.android.server.policy.PermissionPolicyService took to complete: 0ms
01-06 18:21:47.397   503   526 I ActivityManagerTiming: OnBootPhase_1000_com.android.server.pm.StagingManager$Lifecycle
01-06 18:21:47.397   503   526 D ActivityManagerTiming: OnBootPhase_1000_com.android.server.pm.StagingManager$Lifecycle took to complete: 0ms
01-06 18:21:47.397   503   526 D ActivityManagerTiming: OnBootPhase_1000 took to complete: 35ms
01-06 18:21:47.397   503   526 D ActivityManagerTiming: TotalBootTime took to complete: 9352ms
01-06 18:21:47.397   503   526 D SystemServerInitThreadPool: Shutdown requested
01-06 18:21:47.397   503   526 I SystemServerTiming: WaitInitThreadPoolShutdown
01-06 18:21:47.406   503   526 D SystemServerInitThreadPool: Shutdown successful
01-06 18:21:47.406   503   526 D SystemServerTiming: WaitInitThreadPoolShutdown took to complete: 9ms
01-06 18:21:47.413   503   526 I ActivityManager: User 0 state changed from BOOTING to RUNNING_LOCKED
01-06 18:21:47.414   503   526 W ActivityManager: UserLifecycleEvent 4 received without an active userJourneySession.
01-06 18:21:47.423   503   526 D StorageManagerService: unlockUserKey: 0 isFileEncryptedNativeOrEmulated: true hasToken: false hasSecret: false
01-06 18:21:47.424   145   145 D vold    : fscrypt_unlock_user_key 0 serial=0 token_present=0
01-06 18:21:47.426   145   145 D vold    : Skipping non-key ..
01-06 18:21:47.426   145   145 D vold    : Skipping non-key .
01-06 18:21:47.426   145   145 D vold    : Trying user CE key /data/misc/vold/user_keys/ce/0/current
01-06 18:21:47.435     0     0 I init    : SVC_EXEC service 'exec 14 (/bin/rm -rf /data/per_boot)' pid 1160 (uid 1000 gid 1000+0 context default) started; waiting...
01-06 18:21:47.445   145   145 I vold    : List of Keymaster HALs found:
01-06 18:21:47.446   145   145 I vold    : Keymaster HAL #1: OpteeKeymasterDevice from Rockchip SecurityLevel: TRUSTED_ENVIRONMENT HAL: android.hardware.keymaster@4.1::IKeymasterDevice/default
01-06 18:21:47.446   145   145 I vold    : Using OpteeKeymasterDevice from Rockchip for encryption.  Security level: TRUSTED_ENVIRONMENT, HAL: android.hardware.keymaster@4.1::IKeymasterDevice/default
01-06 18:21:47.448   145   145 D vold    : Successfully retrieved key
01-06 18:21:47.456   145   145 D vold    : Installed fscrypt key with ref 06922eb292e8e279e9fc957785cc8bb8 to /data
01-06 18:21:47.457   145   145 D vold    : Added fscrypt-provisioning key for 06922eb292e8e279e9fc957785cc8bb8 to session keyring
01-06 18:21:47.457   145   145 D vold    : Installed ce key for user 0
01-06 18:21:47.458   503   526 W ActivityManager: UserLifecycleEvent 5 received without an active userJourneySession.
01-06 18:21:47.459   503   526 D ActivityManager: Started unlocking user 0
01-06 18:21:47.459   503   526 D ActivityManager: Unlocking user 0 progress 0
01-06 18:21:47.459   503   526 D ActivityManager: Unlocking user 0 progress 5
01-06 18:21:47.460   503   526 E UserspaceRebootLogger: Userspace reboot is not supported.
01-06 18:21:47.462   503   526 D ActivityManagerTiming: FinishBooting took to complete: 105ms
01-06 18:21:47.486     0     0 I init    : Service 'exec 14 (/bin/rm -rf /data/per_boot)' (pid 1160) exited with status 0 waiting took 0.051000 seconds
01-06 18:21:47.486     0     0 I init    : Sending signal 9 to service 'exec 14 (/bin/rm -rf /data/per_boot)' (pid 1160) process group...
01-06 18:21:47.486     0     0 I libprocessgroup: Successfully killed process cgroup uid 1000 pid 1160 in 0ms
01-06 18:21:47.477   145   145 D vold    : fscrypt_prepare_user_storage for volume null, user 0, serial 0, flags 2
01-06 18:21:47.477   145   145 D vold    : Preparing: /data/system_ce/0
01-06 18:21:47.477   145   145 D vold    : Preparing: /data/misc_ce/0
01-06 18:21:47.478   145   145 D vold    : Preparing: /data/vendor_ce/0
01-06 18:21:47.491     0     0 I init    : Encryption policy of /data/per_boot set to e0c42e5cf26044a4bf55b44eab69941e v2 modes 1/4 flags 0x2
01-06 18:21:47.491     0     0 I init    : processing action (sys.boot_completed=1) from (/vendor/etc/init/hw/init.rk30board.rc:228)
01-06 18:21:47.478   145   145 D vold    : Preparing: /data/media/0
01-06 18:21:47.478   145   145 D vold    : Preparing: /data/data
01-06 18:21:47.479   503   532 I DropBoxManagerService: add tag=system_server_wtf isTagEnabled=true flags=0x2
01-06 18:21:47.479   145   145 I vold    : Verified that /data/system_ce/0 has the encryption policy 06922eb292e8e279e9fc957785cc8bb8 v2 modes 1/4 flags 0x2
01-06 18:21:47.479   145   145 I vold    : Verified that /data/misc_ce/0 has the encryption policy 06922eb292e8e279e9fc957785cc8bb8 v2 modes 1/4 flags 0x2
01-06 18:21:47.479   145   145 I vold    : Verified that /data/vendor_ce/0 has the encryption policy 06922eb292e8e279e9fc957785cc8bb8 v2 modes 1/4 flags 0x2
01-06 18:21:47.479   145   145 I vold    : Verified that /data/media/0 has the encryption policy 06922eb292e8e279e9fc957785cc8bb8 v2 modes 1/4 flags 0x2
01-06 18:21:47.479   145   145 I vold    : Verified that /data/data has the encryption policy 06922eb292e8e279e9fc957785cc8bb8 v2 modes 1/4 flags 0x2
01-06 18:21:47.479   145   145 D vold    : Starting restorecon of /data/system_ce/0
01-06 18:21:47.488   503   526 D ColorDisplayService: setUp: currentUser=0
01-06 18:21:47.494   503   598 D ConnectivityService: Got NetworkProvider Messenger for WifiNetworkFactory
01-06 18:21:47.494   503   598 D ConnectivityService: Got NetworkProvider Messenger for UntrustedWifiNetworkFactory
01-06 18:21:47.515   145   145 D vold    : Finished restorecon of /data/system_ce/0
01-06 18:21:47.515   145   145 D vold    : Starting restorecon of /data/vendor_ce/0
01-06 18:21:47.548     0     0 E [dhd][wlan0] wl_run_escan: LEGACY_SCAN sync ID: 0, bssidx: 0
01-06 18:21:47.545   145   145 D vold    : Finished restorecon of /data/vendor_ce/0
01-06 18:21:47.545   145   145 D vold    : Starting restorecon of /data/misc_ce/0
01-06 18:21:47.557   145   145 D vold    : Finished restorecon of /data/misc_ce/0
01-06 18:21:47.557   145   145 D vold    : /system/bin/vold_prepare_subdirs
01-06 18:21:47.557   145   145 D vold    :     prepare
01-06 18:21:47.557   145   145 D vold    :     
01-06 18:21:47.557   145   145 D vold    :     0
01-06 18:21:47.557   145   145 D vold    :     2
01-06 18:21:47.585   503   531 D AppStandbyController: Loading headless system app cache. appIdleEnabled=true
01-06 18:21:47.679   503   523 V UserDataPreparer: Found /data/user/0 with serial number 0
01-06 18:21:47.680   503   523 V UserDataPreparer: Found /data/system_ce/0 with serial number 0
01-06 18:21:47.684   503   523 D UserDataPreparer: Setting property: sys.user.0.ce_available=true
01-06 18:21:47.687   503   523 V PackageManager: reconcileAppsData for null u0 0x2 migrateAppData=false
01-06 18:21:47.721   503   503 W NotificationHistory: Attempted to add notif for locked/gone/disabled user 0
01-06 18:21:47.876     0     0 I zram0   : detected capacity change from 0 to 958394368
01-06 18:21:47.919     0     0 I mkswap  : Swapspace size: 935928k, UUID=d236c756-1f75-41c4-a791-d74d10a9cfef
01-06 18:21:47.922     0     0 I         : Adding 935928k swap on /dev/block/zram0.  Priority:-2 extents:1 across:935928k SS
01-06 18:21:48.014     0     0 W audit   : audit_lost=1 audit_rate_limit=5 audit_backlog_limit=64
01-06 18:21:48.014     0     0 E audit   : rate limit exceeded
01-06 18:21:47.742   503   503 W NotificationHistory: Attempted to add notif for locked/gone/disabled user 0
01-06 18:21:49.005   503   523 V PackageManager: reconcileAppsData finished 149 packages
01-06 18:21:49.005   503   523 I ActivityManager: User 0 state changed from RUNNING_LOCKED to RUNNING_UNLOCKING
01-06 18:21:49.008   503   523 D ActivityManager: Unlocking user 0 progress 20
01-06 18:21:49.009   503   532 I SystemServerTimingAsync: ssm.UnlockingUser-0
01-06 18:21:49.010   503   532 I SystemServiceManager: Calling onUnlockingUser 0
01-06 18:21:49.011   503   532 I SystemServerTimingAsync: ssm.onUnlockingUser-0_com.android.server.security.FileIntegrityService
01-06 18:21:49.011   503   532 D SystemServerTimingAsync: ssm.onUnlockingUser-0_com.android.server.security.FileIntegrityService took to complete: 0ms
01-06 18:21:49.011   503   532 I SystemServerTimingAsync: ssm.onUnlockingUser-0_com.android.server.pm.Installer
01-06 18:21:49.011   503   532 D SystemServerTimingAsync: ssm.onUnlockingUser-0_com.android.server.pm.Installer took to complete: 0ms
01-06 18:21:49.011   503   532 I SystemServerTimingAsync: ssm.onUnlockingUser-0_com.android.server.os.DeviceIdentifiersPolicyService
01-06 18:21:49.011   503   532 D SystemServerTimingAsync: ssm.onUnlockingUser-0_com.android.server.os.DeviceIdentifiersPolicyService took to complete: 0ms
01-06 18:21:49.011   503   532 I SystemServerTimingAsync: ssm.onUnlockingUser-0_com.android.server.uri.UriGrantsManagerService$Lifecycle
01-06 18:21:49.011   503   532 D SystemServerTimingAsync: ssm.onUnlockingUser-0_com.android.server.uri.UriGrantsManagerService$Lifecycle took to complete: 0ms
01-06 18:21:49.011   503   532 I SystemServerTimingAsync: ssm.onUnlockingUser-0_com.android.server.wm.ActivityTaskManagerService$Lifecycle
01-06 18:21:49.012   503   523 W Looper  : Slow dispatch took 1536ms android.fg h=android.os.Handler c=com.android.server.am.-$$Lambda$UserController$stQk1028ON105v_u-VMykVjcxLk@6d4129 m=0
01-06 18:21:49.013   503   523 W Looper  : Slow delivery took 1551ms android.fg h=android.os.Handler c=com.android.server.am.-$$Lambda$UserController$G0WJmqt4X_QG30fRlvXobn18mrE@7d07a4f m=0
01-06 18:21:49.020   503   532 I LaunchParamsPersister: Didn't find launch param folder for user 0
01-06 18:21:49.020   503   532 D SystemServerTimingAsync: ssm.onUnlockingUser-0_com.android.server.wm.ActivityTaskManagerService$Lifecycle took to complete: 9ms
01-06 18:21:49.020   503   532 I SystemServerTimingAsync: ssm.onUnlockingUser-0_com.android.server.am.ActivityManagerService$Lifecycle
01-06 18:21:49.020   503   532 D SystemServerTimingAsync: ssm.onUnlockingUser-0_com.android.server.am.ActivityManagerService$Lifecycle took to complete: 0ms
01-06 18:21:49.020   503   532 I SystemServerTimingAsync: ssm.onUnlockingUser-0_com.android.server.pm.DataLoaderManagerService
01-06 18:21:49.020   503   532 D SystemServerTimingAsync: ssm.onUnlockingUser-0_com.android.server.pm.DataLoaderManagerService took to complete: 0ms
01-06 18:21:49.020   503   532 I SystemServerTimingAsync: ssm.onUnlockingUser-0_com.android.server.power.PowerManagerService
01-06 18:21:49.020   503   532 D SystemServerTimingAsync: ssm.onUnlockingUser-0_com.android.server.power.PowerManagerService took to complete: 0ms
01-06 18:21:49.020   503   532 I SystemServerTimingAsync: ssm.onUnlockingUser-0_com.android.server.power.ThermalManagerService
01-06 18:21:49.020   503   532 D SystemServerTimingAsync: ssm.onUnlockingUser-0_com.android.server.power.ThermalManagerService took to complete: 0ms
01-06 18:21:49.020   503   532 I SystemServerTimingAsync: ssm.onUnlockingUser-0_com.android.server.recoverysystem.RecoverySystemService$Lifecycle
01-06 18:21:49.020   503   532 D SystemServerTimingAsync: ssm.onUnlockingUser-0_com.android.server.recoverysystem.RecoverySystemService$Lifecycle took to complete: 0ms
01-06 18:21:49.020   503   532 I SystemServerTimingAsync: ssm.onUnlockingUser-0_com.android.server.lights.LightsService
01-06 18:21:49.020   503   532 D SystemServerTimingAsync: ssm.onUnlockingUser-0_com.android.server.lights.LightsService took to complete: 0ms
01-06 18:21:49.021   503   532 I SystemServerTimingAsync: ssm.onUnlockingUser-0_com.android.server.display.DisplayManagerService
01-06 18:21:49.021   503   532 D SystemServerTimingAsync: ssm.onUnlockingUser-0_com.android.server.display.DisplayManagerService took to complete: 0ms
01-06 18:21:49.021   503   532 I SystemServerTimingAsync: ssm.onUnlockingUser-0_com.android.server.pm.UserManagerService$LifeCycle
01-06 18:21:49.021   503   532 D SystemServerTimingAsync: ssm.onUnlockingUser-0_com.android.server.pm.UserManagerService$LifeCycle took to complete: 0ms
01-06 18:21:49.021   503   532 I SystemServerTimingAsync: ssm.onUnlockingUser-0_com.android.server.om.OverlayManagerService
01-06 18:21:49.021   503   532 D SystemServerTimingAsync: ssm.onUnlockingUser-0_com.android.server.om.OverlayManagerService took to complete: 0ms
01-06 18:21:49.021   503   532 I SystemServerTimingAsync: ssm.onUnlockingUser-0_com.android.server.SensorPrivacyService
01-06 18:21:49.021   503   532 D SystemServerTimingAsync: ssm.onUnlockingUser-0_com.android.server.SensorPrivacyService took to complete: 0ms
01-06 18:21:49.021   503   532 I SystemServerTimingAsync: ssm.onUnlockingUser-0_com.android.server.SystemConfigService
01-06 18:21:49.021   503   532 D SystemServerTimingAsync: ssm.onUnlockingUser-0_com.android.server.SystemConfigService took to complete: 0ms
01-06 18:21:49.021   503   532 I SystemServerTimingAsync: ssm.onUnlockingUser-0_com.android.server.BatteryService
01-06 18:21:49.021   503   532 D SystemServerTimingAsync: ssm.onUnlockingUser-0_com.android.server.BatteryService took to complete: 0ms
01-06 18:21:49.021   503   532 I SystemServerTimingAsync: ssm.onUnlockingUser-0_com.android.server.usage.UsageStatsService
01-06 18:21:49.021   503   532 D SystemServerTimingAsync: ssm.onUnlockingUser-0_com.android.server.usage.UsageStatsService took to complete: 0ms
01-06 18:21:49.021   503   532 I SystemServerTimingAsync: ssm.onUnlockingUser-0_com.android.server.webkit.WebViewUpdateService
01-06 18:21:49.021   503   532 D SystemServerTimingAsync: ssm.onUnlockingUser-0_com.android.server.webkit.WebViewUpdateService took to complete: 0ms
01-06 18:21:49.021   503   532 I SystemServerTimingAsync: ssm.onUnlockingUser-0_com.android.server.CachedDeviceStateService
01-06 18:21:49.021   503   532 D SystemServerTimingAsync: ssm.onUnlockingUser-0_com.android.server.CachedDeviceStateService took to complete: 0ms
01-06 18:21:49.021   503   532 I SystemServerTimingAsync: ssm.onUnlockingUser-0_com.android.server.BinderCallsStatsService$LifeCycle
01-06 18:21:49.021   503   532 D SystemServerTimingAsync: ssm.onUnlockingUser-0_com.android.server.BinderCallsStatsService$LifeCycle took to complete: 0ms
01-06 18:21:49.021   503   532 I SystemServerTimingAsync: ssm.onUnlockingUser-0_com.android.server.LooperStatsService$Lifecycle
01-06 18:21:49.021   503   532 D SystemServerTimingAsync: ssm.onUnlockingUser-0_com.android.server.LooperStatsService$Lifecycle took to complete: 0ms
01-06 18:21:49.021   503   532 I SystemServerTimingAsync: ssm.onUnlockingUser-0_com.android.server.rollback.RollbackManagerService
01-06 18:21:49.026   503   532 D SystemServerTimingAsync: ssm.onUnlockingUser-0_com.android.server.rollback.RollbackManagerService took to complete: 5ms
01-06 18:21:49.026   503   532 I SystemServerTimingAsync: ssm.onUnlockingUser-0_com.android.server.os.BugreportManagerService
01-06 18:21:49.026   503   532 D SystemServerTimingAsync: ssm.onUnlockingUser-0_com.android.server.os.BugreportManagerService took to complete: 0ms
01-06 18:21:49.026   503   532 I SystemServerTimingAsync: ssm.onUnlockingUser-0_com.android.server.gpu.GpuService
01-06 18:21:49.026   503   532 D SystemServerTimingAsync: ssm.onUnlockingUser-0_com.android.server.gpu.GpuService took to complete: 0ms
01-06 18:21:49.027   503   532 I SystemServerTimingAsync: ssm.onUnlockingUser-0_com.android.server.security.KeyChainSystemService
01-06 18:21:49.027   503   532 D SystemServerTimingAsync: ssm.onUnlockingUser-0_com.android.server.security.KeyChainSystemService took to complete: 0ms
01-06 18:21:49.027   503   532 I SystemServerTimingAsync: ssm.onUnlockingUser-0_com.android.server.telecom.TelecomLoaderService
01-06 18:21:49.027   503   532 D SystemServerTimingAsync: ssm.onUnlockingUser-0_com.android.server.telecom.TelecomLoaderService took to complete: 0ms
01-06 18:21:49.027   503   532 I SystemServerTimingAsync: ssm.onUnlockingUser-0_com.android.server.accounts.AccountManagerService$Lifecycle
01-06 18:21:49.027   503   532 D SystemServerTimingAsync: ssm.onUnlockingUser-0_com.android.server.accounts.AccountManagerService$Lifecycle took to complete: 0ms
01-06 18:21:49.027   503   532 I SystemServerTimingAsync: ssm.onUnlockingUser-0_com.android.server.content.ContentService$Lifecycle
01-06 18:21:49.027   503   532 D SystemServerTimingAsync: ssm.onUnlockingUser-0_com.android.server.content.ContentService$Lifecycle took to complete: 0ms
01-06 18:21:49.027   503   532 I SystemServerTimingAsync: ssm.onUnlockingUser-0_com.android.server.DropBoxManagerService
01-06 18:21:49.027   503   532 D SystemServerTimingAsync: ssm.onUnlockingUser-0_com.android.server.DropBoxManagerService took to complete: 0ms
01-06 18:21:49.027   503   532 I SystemServerTimingAsync: ssm.onUnlockingUser-0_com.android.server.AlarmManagerService
01-06 18:21:49.027   503   532 D SystemServerTimingAsync: ssm.onUnlockingUser-0_com.android.server.AlarmManagerService took to complete: 0ms
01-06 18:21:49.027   503   532 I SystemServerTimingAsync: ssm.onUnlockingUser-0_com.android.server.BluetoothService
01-06 18:21:49.027   503   532 D BluetoothManagerService: User 0 unlocked
01-06 18:21:49.027   503   525 D BluetoothManagerService: MESSAGE_USER_UNLOCKED
01-06 18:21:49.028   503   532 D SystemServerTimingAsync: ssm.onUnlockingUser-0_com.android.server.BluetoothService took to complete: 1ms
01-06 18:21:49.028   503   532 I SystemServerTimingAsync: ssm.onUnlockingUser-0_com.android.server.connectivity.IpConnectivityMetrics
01-06 18:21:49.028   503   532 D SystemServerTimingAsync: ssm.onUnlockingUser-0_com.android.server.connectivity.IpConnectivityMetrics took to complete: 0ms
01-06 18:21:49.028   503   532 I SystemServerTimingAsync: ssm.onUnlockingUser-0_com.android.server.net.watchlist.NetworkWatchlistService$Lifecycle
