01-06 18:21:26.643     0     0 I mmc2    : SDHCI controller on fe310000.sdhci [fe310000.sdhci] using ADMA
01-06 18:21:26.644     0     0 W mmc1    : queuing unknown CIS tuple 0x80 (3 bytes)
01-06 18:21:26.644     0     0 I hidraw  : raw HID events driver (C) Jiri Kosina
01-06 18:21:26.646     0     0 W mmc1    : queuing unknown CIS tuple 0x80 (3 bytes)
01-06 18:21:26.646     0     0 I usbcore : registered new interface driver usbhid
01-06 18:21:26.646     0     0 I usbhid  : USB HID core driver
01-06 18:21:26.647     0     0 I ion_device_add_heap: ion_system_contig_heap id=0 type=1
01-06 18:21:26.647     0     0 I ion_device_add_heap: ion_system_heap id=1 type=0
01-06 18:21:26.647     0     0 I ion_device_add_heap: rknpu id=2 type=4
01-06 18:21:26.647     0     0 I ion_device_add_heap: linux,cma id=3 type=4
01-06 18:21:26.647     0     0 I ashmem  : initialized
01-06 18:21:26.649     0     0 W mmc1    : queuing unknown CIS tuple 0x80 (7 bytes)
01-06 18:21:26.650     0     0 I rockchip-saradc fe720000.saradc: Linked as a consumer to regulator.21
01-06 18:21:26.650     0     0 I optee   : probing for conduit method from DT.
01-06 18:21:26.650     0     0 I optee   : revision 3.6 (0b06ae94)
01-06 18:21:26.651     0     0 I optee   : initialized driver
01-06 18:21:26.651     0     0 E         : rknandbase v1.2 2021-01-07
01-06 18:21:26.651     0     0 I rknand fe330000.nandc: rknand_probe clk rate = 148500000
01-06 18:21:26.653     0     0 W mmc1    : queuing unknown CIS tuple 0x81 (9 bytes)
01-06 18:21:26.675     0     0 I mmc2    : new HS200 MMC card at address 0001
01-06 18:21:26.676     0     0 I mmcblk2 : mmc2:0001 58A43A 14.6 GiB
01-06 18:21:26.677     0     0 I mmcblk2boot0: mmc2:0001 58A43A partition 1 4.00 MiB
01-06 18:21:26.678     0     0 I mmcblk2boot1: mmc2:0001 58A43A partition 2 4.00 MiB
01-06 18:21:26.678     0     0 I mmcblk2rpmb: mmc2:0001 58A43A partition 3 4.00 MiB, chardev (237:0)
01-06 18:21:26.681     0     0 I mmcblk2 : p1 p2 p3 p4 p5 p6 p7 p8 p9 p10 p11 p12 p13 p14 p15 p16
01-06 18:21:26.751     0     0 I         : mmc_host mmc1: Bus speed (slot 0) = 50000000Hz (slot req 50000000Hz, actual 50000000HZ div = 0)
01-06 18:21:26.752     0     0 I mmc1    : new high speed SDIO card at address 0001
01-06 18:21:27.470     0     0 W         : ftl_init fffffffe
01-06 18:21:27.470     0     0 E         : rk_ftl_init fail
01-06 18:21:27.470     0     0 I usbcore : registered new interface driver snd-usb-audio
01-06 18:21:27.472     0     0 W         : rk817-codec rk817-codec: DMA mask not set
01-06 18:21:27.476     0     0 I netem   : version 1.3
01-06 18:21:27.476     0     0 I         : u32 classifier
01-06 18:21:27.476     0     0 I         : Actions configured
01-06 18:21:27.477     0     0 I xt_time : kernel timezone is -0000
01-06 18:21:27.477     0     0 I gre     : GRE over IPv4 demultiplexor driver
01-06 18:21:27.477     0     0 I         : IPv4 over IPsec tunneling driver
01-06 18:21:27.477     0     0 I         : Initializing XFRM netlink socket
01-06 18:21:27.477     0     0 I         : IPsec XFRM device driver
01-06 18:21:27.478     0     0 I NET     : Registered protocol family 10
01-06 18:21:27.478     0     0 I         : Segment Routing with IPv6
01-06 18:21:27.478     0     0 I mip6    : Mobile IPv6
01-06 18:21:27.479     0     0 I sit     : IPv6, IPv4 and MPLS over IPv4 tunneling driver
01-06 18:21:27.479     0     0 I NET     : Registered protocol family 17
01-06 18:21:27.479     0     0 I NET     : Registered protocol family 15
01-06 18:21:27.480     0     0 I         : Bridge firewalling registered
01-06 18:21:27.480     0     0 I Bluetooth: RFCOMM TTY layer initialized
01-06 18:21:27.480     0     0 I Bluetooth: RFCOMM socket layer initialized
01-06 18:21:27.480     0     0 I Bluetooth: RFCOMM ver 1.11
01-06 18:21:27.480     0     0 I Bluetooth: BNEP (Ethernet Emulation) ver 1.3
01-06 18:21:27.480     0     0 I Bluetooth: BNEP filters: protocol multicast
01-06 18:21:27.480     0     0 I Bluetooth: BNEP socket layer initialized
01-06 18:21:27.480     0     0 I Bluetooth: HIDP (Human Interface Emulation) ver 1.2
01-06 18:21:27.480     0     0 I Bluetooth: HIDP socket layer initialized
01-06 18:21:27.480     0     0 I l2tp_core: L2TP core driver, V2.0
01-06 18:21:27.480     0     0 I l2tp_ppp: PPPoL2TP kernel driver, V2.0
01-06 18:21:27.480     0     0 I [BT_RFKILL]: Enter rfkill_rk_init
01-06 18:21:27.480     0     0 I [WLAN_RFKILL]: Enter rfkill_wlan_init
01-06 18:21:27.480     0     0 I [WLAN_RFKILL]: Enter rfkill_wlan_probe
01-06 18:21:27.480     0     0 I [WLAN_RFKILL]: wlan_platdata_parse_dt: wifi_chip_type = ap6255
01-06 18:21:27.480     0     0 I [WLAN_RFKILL]: wlan_platdata_parse_dt: enable wifi power control.
01-06 18:21:27.480     0     0 I [WLAN_RFKILL]: wlan_platdata_parse_dt: wifi power controled by gpio.
01-06 18:21:27.480     0     0 I [WLAN_RFKILL]: wlan_platdata_parse_dt: WIFI,host_wake_irq = 73, flags = 0.
01-06 18:21:27.480     0     0 I [WLAN_RFKILL]: wlan_platdata_parse_dt: The ref_wifi_clk not found !
01-06 18:21:27.481     0     0 I [WLAN_RFKILL]: rfkill_wlan_probe: init gpio
01-06 18:21:27.481     0     0 I [WLAN_RFKILL]: rfkill_set_wifi_bt_power: 1
01-06 18:21:27.481     0     0 I [WLAN_RFKILL]: Exit rfkill_wlan_probe
01-06 18:21:27.481     0     0 I [BT_RFKILL]: bluetooth_platdata_parse_dt: get property: uart_rts_gpios = 77.
01-06 18:21:27.481     0     0 I [BT_RFKILL]: bluetooth_platdata_parse_dt: get property: BT,reset_gpio = 79.
01-06 18:21:27.481     0     0 I [BT_RFKILL]: bluetooth_platdata_parse_dt: get property: BT,wake_gpio = 81.
01-06 18:21:27.481     0     0 I [BT_RFKILL]: bluetooth_platdata_parse_dt: get property: BT,wake_host_irq = 80.
01-06 18:21:27.481     0     0 I [BT_RFKILL]: Request irq for bt wakeup host
01-06 18:21:27.481     0     0 I [BT_RFKILL]: ** disable irq
01-06 18:21:27.481     0     0 I [BT_RFKILL]: bt_default device registered.
01-06 18:21:27.483     0     0 I         : registered taskstats version 1
01-06 18:21:27.483     0     0 I         : Loading compiled-in X.509 certificates
01-06 18:21:27.483     0     0 I         : Key type ._fscrypt registered
01-06 18:21:27.483     0     0 I         : Key type .fscrypt registered
01-06 18:21:27.483     0     0 I         : Key type fscrypt-provisioning registered
01-06 18:21:27.483     0     0 I pstore  : Using compression: deflate
01-06 18:21:27.484     0     0 I rga2    : Driver loaded successfully ver:3.2.63318
01-06 18:21:27.484     0     0 I rga2    : Module initialized.
01-06 18:21:27.500     0     0 I vendor storage: 20190527 ret = 0
01-06 18:21:27.508     0     0 W rockchip-drm display-subsystem: defer getting devfreq
01-06 18:21:27.508     0     0 I rockchip-vop2 fe040000.vop: [drm:vop2_bind] vp0 assign plane mask: 0x2a, primary plane phy id: 5
01-06 18:21:27.508     0     0 I rockchip-vop2 fe040000.vop: [drm:vop2_bind] vp1 assign plane mask: 0x15, primary plane phy id: 4
01-06 18:21:27.508     0     0 I rockchip-vop2 fe040000.vop: [drm:vop2_bind] vp2 assign plane mask: 0x0, primary plane phy id: -1
01-06 18:21:27.509     0     0 I phy-fe8a0000.usb2-phy.1: charger = USB_SDP_CHARGER
01-06 18:21:27.509     0     0 I rockchip-drm display-subsystem: bound fe040000.vop (ops vop2_component_ops)
01-06 18:21:27.509     0     0 I dwhdmi-rockchip fe0a0000.hdmi: Detected HDMI TX controller v2.11a with HDCP (DWC HDMI 2.0 TX PHY)
01-06 18:21:27.510     0     0 I dwhdmi-rockchip fe0a0000.hdmi: registered DesignWare HDMI I2C bus driver
01-06 18:21:27.511     0     0 I rockchip-drm display-subsystem: bound fe0a0000.hdmi (ops dw_hdmi_rockchip_ops)
01-06 18:21:27.511     0     0 I rockchip-drm display-subsystem: bound fe070000.dsi (ops dw_mipi_dsi_ops)
01-06 18:21:27.511     0     0 I         : [drm] Supports vblank timestamp caching Rev 2 (21.10.2013).
01-06 18:21:27.511     0     0 I         : [drm] No driver support for vblank timestamp query.
01-06 18:21:27.512     0     0 E rockchip-drm display-subsystem: connector[HDMI-A-1] can't found any modes
01-06 18:21:27.523     0     0 I rockchip-drm display-subsystem: fb0:  frame buffer device
01-06 18:21:27.524     0     0 I         : [drm] Initialized rockchip 2.0.0 20140818 for display-subsystem on minor 0
01-06 18:21:27.525     0     0 I mali fde60000.gpu: Kernel DDK version g2p0-01eac0
01-06 18:21:27.525     0     0 I mali fde60000.gpu: Linked as a consumer to regulator.11
01-06 18:21:27.525     0     0 E mali fde60000.gpu: dev_pm_opp_set_regulators: no regulator (shadercores) found: -19
01-06 18:21:27.525     0     0 I mali fde60000.gpu: leakage=11
01-06 18:21:27.525     0     0 I mali fde60000.gpu: avs=0
01-06 18:21:27.525     0     0 W         : W : [File] : drivers/gpu/arm/bifrost/platform/rk/mali_kbase_config_rk.c; [Line] : 112; [Func] : kbase_platform_rk_init(); power-off-delay-ms not available.
01-06 18:21:27.526     0     0 I mali fde60000.gpu: GPU identified as 0x2 arch 7.4.0 r1p0 status 0
01-06 18:21:27.526     0     0 I mali fde60000.gpu: No memory group manager is configured
01-06 18:21:27.526     0     0 I mali fde60000.gpu: l=-2147483648 h=2147483647 hyst=0 l_limit=0 h_limit=0 h_table=0
01-06 18:21:27.527     0     0 I mali fde60000.gpu: Probed as mali0
01-06 18:21:27.527     0     0 I input   : adc-keys as /devices/platform/adc-keys/input/input5
01-06 18:21:27.528     0     0 I rockchip-dmc dmc: Linked as a consumer to regulator.10
01-06 18:21:27.528     0     0 I rockchip-dmc dmc: current ATF version 0x101
01-06 18:21:27.528     0     0 I rockchip-dmc dmc: leakage=77
01-06 18:21:27.528     0     0 I rockchip-dmc dmc: leakage-volt-sel=0
01-06 18:21:27.529     0     0 I rockchip-dmc dmc: avs=0
01-06 18:21:27.529     0     0 E rockchip-dmc dmc: failed to get vop pn to msch rl
01-06 18:21:27.529     0     0 I rockchip-dmc dmc: l=0 h=2147483647 hyst=5000 l_limit=0 h_limit=0 h_table=0
01-06 18:21:27.529     0     0 E rockchip-dmc dmc: could not find power_model node
01-06 18:21:27.540     0     0 I         : rk817-codec rk817-codec: rk817_probe: chip_name:0x80, chip_ver:0x94
01-06 18:21:27.545     0     0 I asoc-simple-card rk809-sound: rk817-hifi <-> fe410000.i2s mapping ok
01-06 18:21:27.548     0     0 I input   : gpio-keys as /devices/platform/gpio-keys/input/input6
01-06 18:21:27.549     0     0 W         : <I>CTS-I2CDrv Init
01-06 18:21:27.549     0     0 I         : [HXTP] Himax common touch panel driver init
01-06 18:21:27.550     0     0 W         : It doesn't contain Rogue gpu
01-06 18:21:27.552     0     0 I RKNPU fde40000.npu: RKNPU: rknpu iommu is disabled, using non-iommu mode
01-06 18:21:27.552     0     0 I RKNPU fde40000.npu: assigned reserved memory node rknpu
01-06 18:21:27.552     0     0 I RKNPU fde40000.npu: RKNPU: initialize reserved memory for rknpu device!
01-06 18:21:27.553     0     0 I RKNPU fde40000.npu: Linked as a consumer to regulator.13
01-06 18:21:27.554     0     0 I         : [drm] Initialized rknpu 0.4.2 20210701 for fde40000.npu on minor 1
01-06 18:21:27.554     0     0 I RKNPU fde40000.npu: leakage=6
01-06 18:21:27.554     0     0 I RKNPU fde40000.npu: avs=0
01-06 18:21:27.555     0     0 I RKNPU fde40000.npu: l=0 h=2147483647 hyst=5000 l_limit=0 h_limit=0 h_table=0
01-06 18:21:27.556     0     0 I cfg80211: Loading compiled-in X.509 certificates for regulatory database
01-06 18:21:27.557     0     0 I cfg80211: Loaded X.509 cert 'sforshee: 00b28ddf47aef9cea7'
01-06 18:21:27.557     0     0 W platform regulatory.0: Direct firmware load for regulatory.db failed with error -2
01-06 18:21:27.557     0     0 I cfg80211: failed to load regulatory.db
01-06 18:21:27.560     0     0 W rockchip-pm rockchip-suspend: not set pwm-regulator-config
01-06 18:21:27.561     0     0 I         : I : [File] : drivers/gpu/arm/mali400/mali/linux/mali_kernel_linux.c; [Line] : 417; [Func] : mali_module_init(); svn_rev_string_from_arm of this mali_ko is '', rk_ko_ver is '5', built at '01:57:30', on 'Dec 14 2022'.
01-06 18:21:27.561     0     0 W Mali    :  
01-06 18:21:27.561     0     0 W         : Mali device driver loaded
01-06 18:21:27.562     0     0 I         : ALSA device list:
01-06 18:21:27.562     0     0 I         : #0: rockchip,rk809-codec
01-06 18:21:27.566     0     0 I         : Freeing unused kernel memory: 4032K
01-06 18:21:27.566     0     0 I         : Run /init as init process
01-06 18:21:27.570     0     0 I init    : init first stage started!
01-06 18:21:27.571     0     0 I init    : Unable to open /lib/modules, skipping module loading.
01-06 18:21:27.571     0     0 I init    : [libfs_mgr]ReadFstabFromDt(): failed to read fstab from dt
01-06 18:21:27.572     0     0 I init    : Using Android DT directory /proc/device-tree/firmware/android/
01-06 18:21:27.623     0     0 I init    : [libfs_mgr]superblock s_max_mnt_count:65535,/dev/block/by-name/metadata
01-06 18:21:27.623     0     0 I init    : [libfs_mgr]check_fs(): mount(/dev/block/by-name/metadata,/metadata,ext4)=-1: No such file or directory
01-06 18:21:27.623     0     0 I init    : [libfs_mgr]Not running /system/bin/e2fsck on /dev/block/mmcblk2p11 (executable not in system image)
01-06 18:21:27.627     0     0 I EXT4-fs (mmcblk2p11): mounted filesystem with ordered data mode. Opts: discard
01-06 18:21:27.627     0     0 I init    : [libfs_mgr]__mount(source=/dev/block/by-name/metadata,target=/metadata,type=ext4)=0: Success
01-06 18:21:27.629     0     0 E init    : Failed to copy /avb into /metadata/gsi/dsu/avb/: No such file or directory
01-06 18:21:27.632     0     0 E devfreq fde60000.gpu: Couldn't update frequency transition information.
01-06 18:21:27.633     0     0 I init    : [libfs_mgr]Created logical partition system on device /dev/block/dm-0
01-06 18:21:27.644     0     0 I EXT4-fs (dm-0): mounted filesystem without journal. Opts: barrier=1
01-06 18:21:27.652     0     0 I EXT4-fs (dm-2): mounted filesystem without journal. Opts: barrier=1
01-06 18:21:27.656     0     0 I EXT4-fs (dm-4): mounted filesystem without journal. Opts: barrier=1
01-06 18:21:27.662     0     0 I EXT4-fs (dm-3): mounted filesystem without journal. Opts: barrier=1
01-06 18:21:27.667     0     0 I EXT4-fs (dm-1): mounted filesystem without journal. Opts: barrier=1
01-06 18:21:27.681     0     0 W init    : 17 output lines suppressed due to ratelimiting
01-06 18:21:27.834     0     0 I init    : Loading SELinux policy
01-06 18:21:27.882     0     0 I SELinux : policy capability network_peer_controls=1
01-06 18:21:27.882     0     0 I SELinux : policy capability open_perms=1
01-06 18:21:27.882     0     0 I SELinux : policy capability extended_socket_class=1
01-06 18:21:27.882     0     0 I SELinux : policy capability always_check_network=0
01-06 18:21:27.882     0     0 I SELinux : policy capability cgroup_seclabel=0
01-06 18:21:27.882     0     0 I SELinux : policy capability nnp_nosuid_transition=1
01-06 18:21:28.052     0     0 I selinux : SELinux: Loaded policy from /odm/etc/selinux/precompiled_sepolicy
01-06 18:21:28.052     0     0 I selinux :  
01-06 18:21:28.060     0     0 I selinux : SELinux: Loaded file_contexts
01-06 18:21:28.060     0     0 I selinux :  
01-06 18:21:28.101     0     0 I init    : init second stage started!
01-06 18:21:28.172     0     0 I init    : Using Android DT directory /proc/device-tree/firmware/android/
01-06 18:21:28.174     0     0 E init    : Init cannot set 'ro.boot.verifiedbootstate' to 'orange': Read-only property was already set
01-06 18:21:28.185     0     0 W init    : Couldn't load property file '/factory/factory.prop': open() failed: No such file or directory: No such file or directory
01-06 18:21:28.187     0     0 I init    : Setting product property ro.product.brand to 'rockchip' (from ro.product.product.brand)
01-06 18:21:28.187     0     0 I init    : Setting product property ro.product.device to 'rk3566_r' (from ro.product.product.device)
01-06 18:21:28.187     0     0 I init    : Setting product property ro.product.manufacturer to 'rockchip' (from ro.product.product.manufacturer)
01-06 18:21:28.187     0     0 I init    : Setting product property ro.product.model to 'rk3566_r' (from ro.product.product.model)
01-06 18:21:28.187     0     0 I init    : Setting product property ro.product.name to 'rk3566_r' (from ro.product.product.name)
01-06 18:21:28.187     0     0 I init    : Setting property 'ro.build.fingerprint' to 'rockchip/rk3566_r/rk3566_r:11/RQ2A.210505.003/445:userdebug/release-keys'
01-06 18:21:28.441     0     0 I ueventd : ueventd started!
01-06 18:21:28.445     0     0 I selinux : SELinux: Loaded file_contexts
01-06 18:21:28.445     0     0 I selinux :  
01-06 18:21:28.446     0     0 I ueventd : Parsing file /system/etc/ueventd.rc...
01-06 18:21:28.448     0     0 I ueventd : Parsing file /vendor/ueventd.rc...
01-06 18:21:28.450     0     0 I ueventd : Parsing file /odm/ueventd.rc...
01-06 18:21:28.450     0     0 I ueventd : Unable to read config file '/odm/ueventd.rc': open() failed: No such file or directory
01-06 18:21:28.450     0     0 I ueventd : Parsing file /ueventd.rk30board.rc...
01-06 18:21:28.450     0     0 I ueventd : Unable to read config file '/ueventd.rk30board.rc': open() failed: No such file or directory
01-06 18:21:28.487     0     0 I apexd   : This device does not support updatable APEX. Exiting
01-06 18:21:29.167     0     0 W bifrost_kbase: disagrees about version of symbol module_layout
01-06 18:21:29.360     0     0 I ueventd : Coldboot took 0.907 seconds
01-06 18:21:29.476     0     0 I         : Registered swp emulation handler
01-06 18:21:29.538     0     0 W EXT4-fs (mmcblk2p10): Ignoring removed nomblk_io_submit option
01-06 18:21:29.546     0     0 I EXT4-fs (mmcblk2p10): mounted filesystem with ordered data mode. Opts: errors=remount-ro,nomblk_io_submit
01-06 18:21:29.548     0     0 I logd.auditd: start
--------- beginning of system
01-06 18:21:29.594   145   145 I vold    : Vold 3.0 (the awakening) firing up
01-06 18:21:29.594   145   145 D vold    : Detected support for: ext4 f2fs vfat
01-06 18:21:29.598   145   145 D vold    : Found unmanaged dm device named product
01-06 18:21:29.598   145   145 D vold    : Found unmanaged dm device named vendor
01-06 18:21:29.598   145   145 D vold    : Found unmanaged dm device named system
01-06 18:21:29.598   145   145 D vold    : Found unmanaged dm device named system_ext
01-06 18:21:29.598   145   145 D vold    : Found unmanaged dm device named odm
01-06 18:21:29.599   145   145 W vold    : Failed to LOOP_GET_STATUS64 /dev/block/loop14: No such device or address
01-06 18:21:29.599   145   145 W vold    : Failed to LOOP_GET_STATUS64 /dev/block/loop9: No such device or address
01-06 18:21:29.599   145   145 W vold    : Failed to LOOP_GET_STATUS64 /dev/block/loop11: No such device or address
01-06 18:21:29.599   145   145 W vold    : Failed to LOOP_GET_STATUS64 /dev/block/loop4: No such device or address
01-06 18:21:29.599   145   145 W vold    : Failed to LOOP_GET_STATUS64 /dev/block/loop6: No such device or address
01-06 18:21:29.599   145   145 W vold    : Failed to LOOP_GET_STATUS64 /dev/block/loop12: No such device or address
01-06 18:21:29.599   145   145 W vold    : Failed to LOOP_GET_STATUS64 /dev/block/loop10: No such device or address
01-06 18:21:29.599   145   145 W vold    : Failed to LOOP_GET_STATUS64 /dev/block/loop7: No such device or address
01-06 18:21:29.599   145   145 W vold    : Failed to LOOP_GET_STATUS64 /dev/block/loop0: No such device or address
01-06 18:21:29.599   145   145 W vold    : Failed to LOOP_GET_STATUS64 /dev/block/loop3: No such device or address
01-06 18:21:29.599   145   145 W vold    : Failed to LOOP_GET_STATUS64 /dev/block/loop13: No such device or address
01-06 18:21:29.599   145   145 W vold    : Failed to LOOP_GET_STATUS64 /dev/block/loop2: No such device or address
01-06 18:21:29.599   145   145 W vold    : Failed to LOOP_GET_STATUS64 /dev/block/loop5: No such device or address
01-06 18:21:29.599   145   145 W vold    : Failed to LOOP_GET_STATUS64 /dev/block/loop15: No such device or address
01-06 18:21:29.599   145   145 W vold    : Failed to LOOP_GET_STATUS64 /dev/block/loop8: No such device or address
01-06 18:21:29.600   145   145 W vold    : Failed to LOOP_GET_STATUS64 /dev/block/loop1: No such device or address
01-06 18:21:29.603   145   145 D vold    : VoldNativeService::start() completed OK
01-06 18:21:29.604     0     0 I e2fsck  : e2fsck 1.45.4 (23-Sep-2019)
01-06 18:21:29.609     0     0 I e2fsck  : /dev/block/by-name/cache: clean, 38/98304 files, 7347/98304 blocks
01-06 18:21:29.615     0     0 I EXT4-fs (mmcblk2p10): mounted filesystem with ordered data mode. Opts: noauto_da_alloc,discard
01-06 18:21:29.744     0     0 I wait_for_keymaster: Waiting for Keymaster device
01-06 18:21:29.783     0     0 I HidlServiceManagement: getService: Trying again for android.hardware.keymaster@4.0::IKeymasterDevice/default...
01-06 18:21:29.829     0     0 I wait_for_keymaster: List of Keymaster HALs found:
01-06 18:21:29.830     0     0 I wait_for_keymaster: Keymaster HAL #1: OpteeKeymasterDevice from Rockchip SecurityLevel: TRUSTED_ENVIRONMENT HAL: android.hardware.keymaster@4.1::IKeymasterDevice/default
01-06 18:21:29.830     0     0 D wait_for_keymaster: Computing HMAC with params { (seed: , nonce: 83d8721839a35ec8e3e5865ce2db6acbcbacdfa1a99b8121ef9b53fd94275a) }
01-06 18:21:29.830     0     0 D wait_for_keymaster: Computing HMAC for OpteeKeymasterDevice from Rockchip SecurityLevel: TRUSTED_ENVIRONMENT HAL: android.hardware.keymaster@4.1::IKeymasterDevice/default
01-06 18:21:29.831     0     0 I wait_for_keymaster: Using OpteeKeymasterDevice from Rockchip for encryption.  Security level: TRUSTED_ENVIRONMENT, HAL: android.hardware.keymaster@4.1::IKeymasterDevice/default
01-06 18:21:29.831     0     0 I wait_for_keymaster: Keymaster device ready
01-06 18:21:29.849   145   145 I Checkpoint: Validating checkpoint on /dev/block/by-name/userdata
01-06 18:21:29.849   145   145 E Checkpoint: No magic
01-06 18:21:29.856     0     0 D vdc     : Waited 0ms for vold
01-06 18:21:29.858     0     0 E vdc     : Command: checkpoint restoreCheckpoint /dev/block/by-name/userdata Failed: Status(-8, EX_SERVICE_SPECIFIC): '22: No magic'
01-06 18:21:29.879     0     0 D vdc     : Waited 0ms for vold
01-06 18:21:29.884     0     0 W EXT4-fs (mmcblk2p16): Ignoring removed nomblk_io_submit option
01-06 18:21:29.884     0     0 I EXT4-fs (mmcblk2p16): Using encoding defined by superblock: utf8-12.1.0 with flags 0x0
01-06 18:21:29.894     0     0 I EXT4-fs (mmcblk2p16): mounted filesystem with ordered data mode. Opts: errors=remount-ro,nomblk_io_submit
01-06 18:21:29.937     0     0 I e2fsck  : e2fsck 1.45.4 (23-Sep-2019)
01-06 18:21:29.962     0     0 I e2fsck  : /dev/block/by-name/userdata: clean, 3400/695640 files, 439751/2780664 blocks
01-06 18:21:29.971     0     0 I EXT4-fs (mmcblk2p16): Using encoding defined by superblock: utf8-12.1.0 with flags 0x0
01-06 18:21:29.982     0     0 I EXT4-fs (mmcblk2p16): mounted filesystem with ordered data mode. Opts: discard,noauto_da_alloc,data=ordered,user_xattr,barrier=1
01-06 18:21:30.035   145   145 I Checkpoint: cp_prepareCheckpoint called
01-06 18:21:30.065   145   145 I vold    : fscrypt_initialize_systemwide_keys
01-06 18:21:30.065   145   145 D vold    : Key exists, using: /data/unencrypted/key
01-06 18:21:30.072   145   145 I vold    : List of Keymaster HALs found:
01-06 18:21:30.072   145   145 I vold    : Keymaster HAL #1: OpteeKeymasterDevice from Rockchip SecurityLevel: TRUSTED_ENVIRONMENT HAL: android.hardware.keymaster@4.1::IKeymasterDevice/default
01-06 18:21:30.073   145   145 D vold    : Computing HMAC with params { (seed: , nonce: 83d8721839a35ec8e3e5865ce2db6acbcbacdfa1a99b8121ef9b53fd94275a) }
01-06 18:21:30.073     0     0 D vdc     : Waited 0ms for vold
01-06 18:21:30.073   145   145 D vold    : Computing HMAC for OpteeKeymasterDevice from Rockchip SecurityLevel: TRUSTED_ENVIRONMENT HAL: android.hardware.keymaster@4.1::IKeymasterDevice/default
01-06 18:21:30.073   145   145 I vold    : Using OpteeKeymasterDevice from Rockchip for encryption.  Security level: TRUSTED_ENVIRONMENT, HAL: android.hardware.keymaster@4.1::IKeymasterDevice/default
01-06 18:21:30.085   145   145 D vold    : Installed fscrypt key with ref 98e8634efa796126ffbfbf5627da6567 to /data
01-06 18:21:30.086   145   145 D vold    : Added fscrypt-provisioning key for 98e8634efa796126ffbfbf5627da6567 to session keyring
01-06 18:21:30.229   145   145 I vold    : Wrote system DE key reference to:/data/unencrypted/ref
01-06 18:21:30.230   145   145 D vold    : Installed fscrypt key with ref e0c42e5cf26044a4bf55b44eab69941e to /data
01-06 18:21:30.230   145   145 D vold    : Added fscrypt-provisioning key for e0c42e5cf26044a4bf55b44eab69941e to session keyring
01-06 18:21:30.245   145   145 I vold    : Wrote per boot key reference to:/data/unencrypted/per_boot_ref
01-06 18:21:30.260     0     0 I fscrypt : AES-256-CTS-CBC using implementation "cts(cbc-aes-ce)"
01-06 18:21:30.291     0     0 I fscrypt : AES-256-XTS using implementation "xts-aes-ce"
01-06 18:21:30.313     0     0 I apexd   : This device does not support updatable APEX. Exiting
01-06 18:21:30.313     0     0 I apexd   : Marking APEXd as activated
01-06 18:21:30.459   145   145 D vold    : fscrypt_init_user0
01-06 18:21:30.460   145   145 D vold    : Preparing: /data/misc/vold/user_keys
01-06 18:21:30.460   145   145 D vold    : Preparing: /data/misc/vold/user_keys/ce
01-06 18:21:30.461   145   145 D vold    : Preparing: /data/misc/vold/user_keys/de
01-06 18:21:30.462   145   145 D vold    : Skipping non-de-key ..
01-06 18:21:30.467     0     0 D vdc     : Waited 0ms for vold
01-06 18:21:30.469   145   145 I vold    : List of Keymaster HALs found:
01-06 18:21:30.470   145   145 I vold    : Keymaster HAL #1: OpteeKeymasterDevice from Rockchip SecurityLevel: TRUSTED_ENVIRONMENT HAL: android.hardware.keymaster@4.1::IKeymasterDevice/default
01-06 18:21:30.470   145   145 I vold    : Using OpteeKeymasterDevice from Rockchip for encryption.  Security level: TRUSTED_ENVIRONMENT, HAL: android.hardware.keymaster@4.1::IKeymasterDevice/default
01-06 18:21:30.471   145   145 D vold    : Installed fscrypt key with ref a3842d244dc41a35c985cd3171bf9523 to /data
01-06 18:21:30.471   145   145 D vold    : Added fscrypt-provisioning key for a3842d244dc41a35c985cd3171bf9523 to session keyring
01-06 18:21:30.471   145   145 D vold    : Installed de key for user 0
01-06 18:21:30.471   145   145 D vold    : Skipping non-de-key .
01-06 18:21:30.471   145   145 D vold    : fscrypt_prepare_user_storage for volume null, user 0, serial 0, flags 1
01-06 18:21:30.471   145   145 D vold    : Preparing: /data/system/users/0
01-06 18:21:30.472   145   145 D vold    : Preparing: /data/misc/profiles/cur/0
01-06 18:21:30.473   145   145 D vold    : Preparing: /data/system_de/0
01-06 18:21:30.473   145   145 D vold    : Preparing: /data/misc_de/0
01-06 18:21:30.474   145   145 D vold    : Preparing: /data/vendor_de/0
01-06 18:21:30.474   145   145 D vold    : Preparing: /data/user_de/0
01-06 18:21:30.475   145   145 I vold    : Verified that /data/system_de/0 has the encryption policy a3842d244dc41a35c985cd3171bf9523 v2 modes 1/4 flags 0x2
01-06 18:21:30.476   145   145 I vold    : Verified that /data/misc_de/0 has the encryption policy a3842d244dc41a35c985cd3171bf9523 v2 modes 1/4 flags 0x2
01-06 18:21:30.476   145   145 I vold    : Verified that /data/vendor_de/0 has the encryption policy a3842d244dc41a35c985cd3171bf9523 v2 modes 1/4 flags 0x2
01-06 18:21:30.476   145   145 I vold    : Verified that /data/user_de/0 has the encryption policy a3842d244dc41a35c985cd3171bf9523 v2 modes 1/4 flags 0x2
01-06 18:21:30.476   145   145 D vold    : /system/bin/vold_prepare_subdirs
01-06 18:21:30.476   145   145 D vold    :     prepare
01-06 18:21:30.476   145   145 D vold    :     
01-06 18:21:30.476   145   145 D vold    :     0
01-06 18:21:30.476   145   145 D vold    :     1
01-06 18:21:30.532   145   145 D vold    : Detected support for FS_IOC_ADD_ENCRYPTION_KEY
01-06 18:21:30.574     0     0 I apexd   : This device does not support updatable APEX. Exiting
01-06 18:21:30.574     0     0 I apexd   : Marking APEXd as ready
01-06 18:21:30.734     0     0 I init    : Verified that /data/nfc has the encryption policy 98e8634efa796126ffbfbf5627da6567 v2 modes 1/4 flags 0x2
01-06 18:21:30.735     0     0 W init    : Inferred action different from explicit one, expected 0 but got 2
01-06 18:21:30.735     0     0 I init    : Verified that /data/nfc/param has the encryption policy 98e8634efa796126ffbfbf5627da6567 v2 modes 1/4 flags 0x2
01-06 18:21:31.281     0     0 W healthd : No battery devices found
01-06 18:21:31.281     0     0 I         : mwsensor mwsensor: device node major=10, minor=59
01-06 18:21:31.293     0     0 W healthd : battery none chg=
01-06 18:21:31.348   272   272 I android.hardware.wifi@1.0-service: Wifi Hal is booting up...
01-06 18:21:31.348   272   272 E android.hardware.wifi@1.0-service: Kernel version is 4.19.: Success
01-06 18:21:31.348   272   272 E android.hardware.wifi@1.0-service: Kernel version is 4.19.: Success
01-06 18:21:31.348   272   272 E android.hardware.wifi@1.0-service: Wifi driver is not ready.: Success
01-06 18:21:31.352   272   272 E android.hardware.wifi@1.0-service: check_wifi_chip_type_string : APXXX: Permission denied
01-06 18:21:31.352   272   272 E android.hardware.wifi@1.0-service: matched ko file path /vendor/lib/modules/bcmdhd.ko: Permission denied
01-06 18:21:31.656     0     0 I         : file system registered
01-06 18:21:31.668     0     0 W         : using random self ethernet address
01-06 18:21:31.668     0     0 W         : using random host ethernet address
01-06 18:21:31.793   272   272 E android.hardware.wifi@1.0-service: Kernel version is 4.19.: Permission denied
01-06 18:21:31.794   272   272 E android.hardware.wifi@1.0-service: Kernel version is 4.19.: Permission denied
01-06 18:21:31.794   272   272 E android.hardware.wifi@1.0-service: Wifi driver is not ready.: Permission denied
01-06 18:21:31.803     0     0 W [dhd] dhd_module_init: in Dongle Host Driver, version 100.10.545.19 (r826445-20210324-3)
01-06 18:21:31.803     0     0 W         : [dhd] ======== dhd_wlan_init_plat_data ========
01-06 18:21:31.803     0     0 I [WLAN_RFKILL]: rockchip_wifi_get_oob_irq: Enter
01-06 18:21:31.803     0     0 W [dhd] dhd_wlan_init_gpio: WL_HOST_WAKE=-1, oob_irq=108, oob_irq_flags=0x414
01-06 18:21:31.804     0     0 W [dhd] dhd_wlan_init_gpio: WL_REG_ON=-1
01-06 18:21:31.804     0     0 W [dhd] dhd_wifi_platform_load: Enter
01-06 18:21:31.804     0     0 W         : [dhd] Power-up adapter 'DHD generic adapter'
01-06 18:21:31.807     0     0 W         : [dhd] wifi_platform_set_power = 1, delay: 200 msec
01-06 18:21:31.807     0     0 W         : [dhd] ======== PULL WL_REG_ON(-1) HIGH! ========
01-06 18:21:31.807     0     0 I [WLAN_RFKILL]: rockchip_wifi_power: 1
01-06 18:21:31.808     0     0 I [WLAN_RFKILL]: rockchip_wifi_power: toggle = false
01-06 18:21:31.808     0     0 I [WLAN_RFKILL]: wifi turn on power [GPIO-1-0]
01-06 18:21:31.959   318   318 I gsid    : no DSU: No such file or directory
01-06 18:21:31.995   272   272 E android.hardware.wifi@1.0-service: Kernel version is 4.19.: Permission denied
01-06 18:21:31.995   272   272 E android.hardware.wifi@1.0-service: Kernel version is 4.19.: Permission denied
01-06 18:21:31.996   272   272 E android.hardware.wifi@1.0-service: Wifi driver is not ready.: Permission denied
01-06 18:21:32.170     0     0 W         : [dhd] wifi_platform_bus_enumerate device present 1
01-06 18:21:32.170     0     0 W         : [dhd] ======== Card detection to detect SDIO card! ========
01-06 18:21:32.170     0     0 I mmc1    : mmc host rescan start!
01-06 18:21:32.180     0     0 I         : read descriptors
01-06 18:21:32.180     0     0 I         : read strings
01-06 18:21:32.187     0     0 W [dhd] bcmsdh_register: register client driver
01-06 18:21:32.188     0     0 W [dhd] bcmsdh_sdmmc_probe: Enter num=1
01-06 18:21:32.189     0     0 W [dhd] bcmsdh_sdmmc_probe: Enter num=2
01-06 18:21:32.189     0     0 W         : [dhd] bus num (host idx)=1, slot num (rca)=1
01-06 18:21:32.189     0     0 W         : [dhd] found adapter info 'DHD generic adapter'
01-06 18:21:32.190     0     0 W [dhd] sdioh_attach: set sd_f2_blocksize 256
01-06 18:21:32.190     0     0 W [dhd] sdioh_attach: sd clock rate = 0
01-06 18:21:32.190     0     0 W [dhd] dhdsdio_probe: no mutex held. set lock
01-06 18:21:32.190     0     0 W         : [dhd] F1 signature read @0x18000000=0x1541a9a6
01-06 18:21:32.194     0     0 W         : [dhd] F1 signature OK, socitype:0x1 chip:0xa9a6 rev:0x1 pkg:0x4
01-06 18:21:32.195     0     0 W [dhd] DHD: dongle ram size is set to 524288(orig 524288) at 0x0
01-06 18:21:32.195     0     0 E [dhd] dhd_conf_set_chiprev: devid=0xa9a6, chip=0xa9a6, chiprev=1
01-06 18:21:32.210     0     0 I         : [dhd] CFG80211-ERROR) wl_cfg80211_netdev_notifier_call : wdev null. Do nothing
01-06 18:21:32.211     0     0 I chatty  : uid=0(root) logd identical 6 lines
01-06 18:21:32.211     0     0 I         : [dhd] CFG80211-ERROR) wl_cfg80211_netdev_notifier_call : wdev null. Do nothing
01-06 18:21:32.224     0     0 W [dhd] dhd_log_dump_init: kernel log buf size = 512KB; logdump_prsrv_tailsize = 80KB; limit prsrv tail size to = 76KB
01-06 18:21:32.241     0     0 W [dhd] dhd_attach(): thread:dhd_watchdog_thread:15c started
01-06 18:21:32.245     0     0 W [dhd] dhd_attach(): thread:dhd_dpc:15e started
01-06 18:21:32.248     0     0 W [dhd] dhd_attach(): thread:dhd_rxf:160 started
01-06 18:21:32.248     0     0 W [dhd] dhd_deferred_work_init: work queue initialized
01-06 18:21:32.248     0     0 W [dhd] dhd_tcpack_suppress_set: TCP ACK Suppress mode 0 -> mode 2
01-06 18:21:32.248     0     0 W [dhd] get_mem_val_from_file: File [/data/misc/wifi/.memdump.info] doesn't exist
01-06 18:21:32.248     0     0 W [dhd] dhd_get_memdump_info: MEMDUMP ENABLED = 3
01-06 18:21:32.248     0     0 W [dhd] sdioh_cis_read: func_cis_ptr[0]=0x1070
01-06 18:21:32.252   272   272 E android.hardware.wifi@1.0-service: Kernel version is 4.19.: Permission denied
01-06 18:21:32.252   272   272 E android.hardware.wifi@1.0-service: Kernel version is 4.19.: Permission denied
01-06 18:21:32.252   272   272 E android.hardware.wifi@1.0-service: Wifi driver is ready for now...: Permission denied
01-06 18:21:32.257   272   272 I HidlServiceManagement: Registered android.hardware.wifi@1.4::IWifi/default
01-06 18:21:32.258     0     0 W [dhd] dhdsdio_probe_init: making DHD_BUS_DOWN
01-06 18:21:32.258     0     0 W         : [dhd] Dongle Host Driver, version 100.10.545.19 (r826445-20210324-3)
01-06 18:21:32.259     0     0 W         : [dhd] Register interface [wlan0]  MAC: b0:02:47:7e:76:95
01-06 18:21:32.259     0     0 W         : [dhd] dhd_dbg_detach_pkt_monitor, 2099
01-06 18:21:32.259     0     0 W [dhd] dhd_bus_devreset: == Power OFF ==
01-06 18:21:32.265     0     0 W [dhd] dhd_bus_stop: making DHD_BUS_DOWN
01-06 18:21:32.266     0     0 W [dhd] bcmsdh_oob_intr_unregister: Enter
01-06 18:21:32.266     0     0 W [dhd] bcmsdh_oob_intr_unregister: irq is not registered
01-06 18:21:32.266     0     0 W [dhd] dhd_bus_devreset: making dhdpub up FALSE
01-06 18:21:32.266     0     0 W [dhd] dhd_txglom_enable: enable 0
01-06 18:21:32.266     0     0 W [dhd] dhd_bus_devreset: making DHD_BUS_DOWN
01-06 18:21:32.266     0     0 W [dhd] dhd_bus_devreset: WLAN OFF DONE
01-06 18:21:32.266     0     0 W         : [dhd] wifi_platform_set_power = 0, delay: 0 msec
01-06 18:21:32.266     0     0 W         : [dhd] ======== PULL WL_REG_ON(-1) LOW! ========
01-06 18:21:32.266     0     0 I [WLAN_RFKILL]: rockchip_wifi_power: 0
01-06 18:21:32.266     0     0 I [WLAN_RFKILL]: rockchip_wifi_power: toggle = false
01-06 18:21:32.266     0     0 I [WLAN_RFKILL]: wifi shut off power [GPIO-1-1]
01-06 18:21:32.266     0     0 W [dhd] dhdsdio_probe: the lock is released.
01-06 18:21:32.266     0     0 W [dhd] dhd_module_init: Exit err=0
01-06 18:21:32.286   347   347 I installd: installd firing up
01-06 18:21:32.484   359   359 I wificond: wificond is starting up...
01-06 18:21:32.491   359   359 I HidlServiceManagement: Registered android.system.wifi.keystore@1.0::IKeystore/default
01-06 18:21:32.495   357   357 W storaged: health: invalid battery status
01-06 18:21:32.591   369   369 D DrmService: ----------------running drmservice---------------
01-06 18:21:32.591   369   369 E DrmService: rknand_sys_storage open fail
01-06 18:21:32.591   369   369 D DrmService: Get HID data:
01-06 18:21:32.765   369   369 E DrmService: vendor read error
01-06 18:21:32.765   369   369 E DrmService: ----vendor read sn error,try drmboot----
01-06 18:21:32.765   369   369 E DrmService: rknand_sys_storage open fail
01-06 18:21:32.765   369   369 I DrmService: new sn is same as old, skip prop_set and update!
01-06 18:21:32.961   246   246 D Zygote64Timing: BeginPreload took to complete: 131ms
01-06 18:21:32.964     0     0 I dwc3 fcc00000.dwc3: device reset
01-06 18:21:33.065     0     0 I android_work: sent uevent USB_STATE=CONNECTED
01-06 18:21:33.089     0     0 I configfs-gadget gadget: high-speed config #1: b
01-06 18:21:33.090     0     0 I android_work: sent uevent USB_STATE=CONFIGURED
01-06 18:21:33.209   248   248 D Zygote32Timing: PostZygoteInitGC took to complete: 44ms
01-06 18:21:33.209   248   248 D Zygote32Timing: ZygoteInit took to complete: 57ms
01-06 18:21:34.043     0     0 I init    : Control message: Processed ctl.start for 'bootanim' from pid: 165 (/system/bin/surfaceflinger)
01-06 18:21:34.414   166   443 D BootAnimation: BootAnimationShownTiming start time: 8398ms
01-06 18:21:35.072     0     0 I         : Freeing drm_logo memory: 1804K
01-06 18:21:36.713     0     0 I init    : Service 'vendor_flash_recovery' (pid 374) exited with status 0 oneshot service took 4.175000 seconds in background
01-06 18:21:36.713     0     0 I init    : Sending signal 9 to service 'vendor_flash_recovery' (pid 374) process group...
01-06 18:21:36.714     0     0 I libprocessgroup: Successfully killed process cgroup uid 0 pid 374 in 0ms
01-06 18:21:37.277   246   246 D Zygote64Timing: PreloadClasses took to complete: 4316ms
01-06 18:21:37.299   246   246 D Zygote64Timing: CacheNonBootClasspathClassLoaders took to complete: 22ms
01-06 18:21:37.359   246   246 D Zygote64Timing: PreloadResources took to complete: 60ms
01-06 18:21:37.472   246   246 D Zygote64Timing: ZygotePreload took to complete: 4642ms
01-06 18:21:37.567   357   357 E storaged: getService package_native failed
01-06 18:21:37.569   357   501 I storaged: storaged: Start
01-06 18:21:37.596   246   246 D Zygote64Timing: PostZygoteInitGC took to complete: 124ms
01-06 18:21:37.596   246   246 D Zygote64Timing: ZygoteInit took to complete: 4782ms
01-06 18:21:38.053   503   503 I chatty  : uid=1000(system) Binder:503_3 expire 187 lines
01-06 18:21:38.400   503   530 I chatty  : uid=1000(system) Binder:503_3 expire 60 lines
01-06 18:21:38.569   503   538 I chatty  : uid=1000(system) batterystats-wo expire 5 lines
01-06 18:21:38.724   503   531 I chatty  : uid=1000(system) android.bg expire 1 line
01-06 18:21:38.757   503   526 I chatty  : uid=1000(system) android.display expire 2 lines
01-06 18:21:39.225   503   503 I chatty  : uid=1000(system) Binder:503_3 expire 231 lines
01-06 18:21:39.886   503   554 I chatty  : uid=1000(system) Binder:503_3 expire 2 lines
01-06 18:21:40.074   503   560 I chatty  : uid=1000(system) Binder:503_3 expire 3 lines
01-06 18:21:40.329   503   534 I chatty  : uid=1000(system) ActivityManager expire 1 line
01-06 18:21:40.338   503   521 I chatty  : uid=1000(system) Binder:503_2 expire 1 line
01-06 18:21:40.341   503   520 I chatty  : uid=1000(system) Binder:503_1 expire 1 line
01-06 18:21:40.363     0     0 I init    : Control message: Processed ctl.start for 'idmap2d' from pid: 503 (system_server)
01-06 18:21:40.486   503   563 I chatty  : uid=1000(system) Binder:503_3 expire 7 lines
01-06 18:21:40.501     0     0 W healthd : battery none chg=
01-06 18:21:40.525   503   531 I chatty  : uid=1000(system) android.bg expire 1 line
01-06 18:21:40.531   503   571 I chatty  : uid=1000(system) Binder:503_3 expire 4 lines
01-06 18:21:40.532   503   530 I chatty  : uid=1000(system) Binder:503_3 expire 8 lines
01-06 18:21:40.561   248   248 D ZygoteInitTiming_lazy: BeginPreload took to complete: 26ms
01-06 18:21:40.626   503   503 I chatty  : uid=1000(system) Binder:503_3 expire 216 lines
01-06 18:21:40.693     0     0 I topband,gpio topband_gpio: device node major=10, minor=61
01-06 18:21:40.737   503   525 I chatty  : uid=1000(system) android.io expire 6 lines
01-06 18:21:40.801   503   563 I chatty  : uid=1000(system) Binder:503_3 expire 6 lines
01-06 18:21:40.832   503   580 I chatty  : uid=1000(system) NetworkWatchlis expire 2 lines
01-06 18:21:40.833   503   531 I chatty  : uid=1000(system) android.bg expire 13 lines
01-06 18:21:40.964     0     0 I init    : processing action (sys.sysctl.extra_free_kbytes=*) from (/system/etc/init/hw/init.rc:992)
01-06 18:21:40.966   503   583 I chatty  : uid=1000(system) StorageManagerS expire 5 lines
01-06 18:21:40.967   503   560 I chatty  : uid=1000(system) Binder:503_3 expire 4 lines
01-06 18:21:40.996   145   584 D vold    : Starting trim of /metadata
01-06 18:21:41.003   145   584 I vold    : Trimmed 11935744 bytes on /metadata in 6ms
01-06 18:21:41.003   145   584 D vold    : Starting trim of /cache
01-06 18:21:41.004   503   562 I chatty  : uid=1000(system) Binder:503_4 expire 2 lines
01-06 18:21:41.024   145   584 I vold    : Trimmed 368971776 bytes on /cache in 20ms
01-06 18:21:41.024   145   584 D vold    : Starting trim of none
01-06 18:21:41.025   145   584 W vold    : Failed to open none: No such file or directory
01-06 18:21:41.025   145   584 D vold    : Starting trim of /data
01-06 18:21:41.665   145   584 I vold    : Trimmed 8983072768 bytes on /data in 640ms
01-06 18:21:41.666   503   520 I chatty  : uid=1000(system) Binder:503_1 expire 1 line
01-06 18:21:42.037   503   503 I chatty  : uid=1000(system) Binder:503_3 expire 236 lines
01-06 18:21:42.038   503   563 I chatty  : uid=1000(system) Binder:503_3 expire 8 lines
01-06 18:21:42.050     0     0 I         : read descriptors
01-06 18:21:42.050     0     0 I         : read strings
01-06 18:21:42.050     0     0 I         : read descriptors
01-06 18:21:42.050     0     0 I         : read strings
01-06 18:21:42.068   503   598 I chatty  : uid=1000(system) ConnectivitySer expire 1 line
01-06 18:21:42.110   503   560 I chatty  : uid=1000(system) Binder:503_3 expire 7 lines
01-06 18:21:42.234   503   524 I chatty  : uid=1000(system) android.ui expire 1 line
01-06 18:21:42.287   503   530 I chatty  : uid=1000(system) Binder:503_3 expire 36 lines
01-06 18:21:42.287   503   503 I chatty  : uid=1000(system) Binder:503_3 expire 1355 lines
01-06 18:21:42.376   503   598 I chatty  : uid=1000(system) ConnectivitySer expire 14 lines
01-06 18:21:42.425   248   248 D ZygoteInitTiming_lazy: PreloadClasses took to complete: 1864ms
01-06 18:21:42.434   272   272 E android.hardware.wifi@1.0-service: Kernel version is 4.19.: Success
01-06 18:21:42.435   272   272 E android.hardware.wifi@1.0-service: Kernel version is 4.19.: Success
01-06 18:21:42.435   272   272 E android.hardware.wifi@1.0-service: Wifi driver is ready for now...: Success
01-06 18:21:42.437   272   272 I android.hardware.wifi@1.0-service: Wifi HAL started
01-06 18:21:42.444     0     0 I init    : processing action (wlan.driver.status=ok) from (/vendor/etc/init/hw/init.connectivity.rc:46)
01-06 18:21:42.438   503   531 I chatty  : uid=1000(system) android.bg expire 6 lines
01-06 18:21:42.446   248   248 D ZygoteInitTiming_lazy: CacheNonBootClasspathClassLoaders took to complete: 21ms
01-06 18:21:42.482     0     0 I init    : processing action (wlan.driver.status=ok) from (/vendor/etc/init/hw/init.connectivity.rc:46)
01-06 18:21:42.483     0     0 E [dhd][wlan0] dhd_open: Enter
01-06 18:21:42.483     0     0 W [dhd] dhd_open: no mutex held. set lock
01-06 18:21:42.483     0     0 W         : [dhd]
01-06 18:21:42.483     0     0 W         : Dongle Host Driver, version 100.10.545.19 (r826445-20210324-3)
01-06 18:21:42.483     0     0 E [dhd][wlan0] wl_android_wifi_on: in g_wifi_on=0
01-06 18:21:42.483     0     0 W         : [dhd] wifi_platform_set_power = 1, delay: 200 msec
01-06 18:21:42.483     0     0 W         : [dhd] ======== PULL WL_REG_ON(-1) HIGH! ========
01-06 18:21:42.483     0     0 I [WLAN_RFKILL]: rockchip_wifi_power: 1
01-06 18:21:42.483     0     0 I [WLAN_RFKILL]: rockchip_wifi_power: toggle = false
01-06 18:21:42.483     0     0 I [WLAN_RFKILL]: wifi turn on power [GPIO-1-0]
01-06 18:21:42.478   503   544 I chatty  : uid=1000(system) PowerManagerSer expire 2 lines
01-06 18:21:42.501   248   248 D ZygoteInitTiming_lazy: PreloadResources took to complete: 55ms
01-06 18:21:42.625   503   526 I chatty  : uid=1000(system) android.display expire 8 lines
01-06 18:21:42.661   503   563 I chatty  : uid=1000(system) Binder:503_3 expire 31 lines
01-06 18:21:42.661   503   560 I chatty  : uid=1000(system) Binder:503_3 expire 16 lines
01-06 18:21:42.733   503   525 I chatty  : uid=1000(system) android.io expire 26 lines
01-06 18:21:42.794     0     0 W sdio_reset_comm():  
01-06 18:21:42.807     0     0 I         : mmc_host mmc1: Bus speed (slot 0) = 375000Hz (slot req 400000Hz, actual 375000HZ div = 0)
01-06 18:21:42.824     0     0 I         : mmc_host mmc1: Bus speed (slot 0) = 375000Hz (slot req 100000Hz, actual 93750HZ div = 2)
01-06 18:21:42.838   503   571 I chatty  : uid=1000(system) Binder:503_3 expire 3 lines
01-06 18:21:42.850   503   533 I chatty  : uid=1000(system) ActivityManager expire 66 lines
01-06 18:21:42.874     0     0 W mmc1    : queuing unknown CIS tuple 0x80 (2 bytes)
01-06 18:21:42.880     0     0 W mmc1    : queuing unknown CIS tuple 0x80 (3 bytes)
01-06 18:21:42.886     0     0 W mmc1    : queuing unknown CIS tuple 0x80 (3 bytes)
01-06 18:21:42.898     0     0 W mmc1    : queuing unknown CIS tuple 0x80 (7 bytes)
01-06 18:21:42.912     0     0 W mmc1    : queuing unknown CIS tuple 0x81 (9 bytes)
01-06 18:21:42.924   503   583 I chatty  : uid=1000(system) StorageManagerS expire 1 line
01-06 18:21:42.943   503   610 I chatty  : uid=1000(system) AudioService expire 1 line
01-06 18:21:43.112   503   590 I chatty  : uid=1000(system) NetworkPolicy expire 1 line
01-06 18:21:43.238   503   562 I chatty  : uid=1000(system) Binder:503_4 expire 2 lines
01-06 18:21:43.277     0     0 I         : mmc_host mmc1: Bus speed (slot 0) = 375000Hz (slot req 375000Hz, actual 375000HZ div = 0)
01-06 18:21:43.277     0     0 I         : mmc_host mmc1: Bus speed (slot 0) = 50000000Hz (slot req 50000000Hz, actual 50000000HZ div = 0)
01-06 18:21:43.279     0     0 W [dhd] sdioh_start: set sd_f2_blocksize 256
01-06 18:21:43.280     0     0 W [dhd] dhd_bus_devreset: == Power ON ==
01-06 18:21:43.281     0     0 W         : [dhd] F1 signature read @0x18000000=0x1541a9a6
01-06 18:21:43.288     0     0 W         : [dhd] F1 signature OK, socitype:0x1 chip:0xa9a6 rev:0x1 pkg:0x4
01-06 18:21:43.292     0     0 E of_dma_request_slave_channel: dma-names property of node '/serial@fe680000' missing or empty
01-06 18:21:43.292     0     0 W         : ttyS4 - failed to request DMA, use interrupt mode
01-06 18:21:43.292     0     0 W [dhd] DHD: dongle ram size is set to 524288(orig 524288) at 0x0
01-06 18:21:43.292     0     0 W [dhd] dhd_bus_devreset: making DHD_BUS_DOWN
01-06 18:21:43.293     0     0 W [dhd] dhdsdio_probe_init: making DHD_BUS_DOWN
01-06 18:21:43.293     0     0 W         : ttyS4 set divisor fail, quot:156 != dll,dlh:0
01-06 18:21:43.296     0     0 E [dhd] dhd_conf_read_config: Ignore config file /vendor/etc/firmware/config.txt
01-06 18:21:43.296     0     0 E [dhd] dhd_conf_set_path_params: Final fw_path=/vendor/etc/firmware/fw_bcm43438a1.bin
01-06 18:21:43.296     0     0 E [dhd] dhd_conf_set_path_params: Final nv_path=/vendor/etc/firmware/nvram_ap6212a.txt
01-06 18:21:43.296     0     0 E [dhd] dhd_conf_set_path_params: Final clm_path=/vendor/etc/firmware/clm_bcm43438a1.blob
01-06 18:21:43.296     0     0 E [dhd] dhd_conf_set_path_params: Final conf_path=/vendor/etc/firmware/config.txt
01-06 18:21:43.301     0     0 W [dhd] dhd_os_open_image1: /vendor/etc/firmware/fw_bcm43438a1.bin (436966 bytes) open success
01-06 18:21:43.411     0     0 W [dhd] dhd_os_open_image1: /vendor/etc/firmware/nvram_ap6212a.txt (1017 bytes) open success
01-06 18:21:43.412     0     0 W         : [dhd] NVRAM version: AP6212A_NVRAM_V1.0.2_20191121
01-06 18:21:43.412     0     0 W [dhd] dhdsdio_write_vars: Download, Upload and compare of NVRAM succeeded.
01-06 18:21:43.490     0     0 W [dhd] dhd_bus_init: enable 0x06, ready 0x06 (waited 0us)
01-06 18:21:43.491     0     0 W [dhd] bcmsdh_oob_intr_register: HW_OOB irq=108 flags=0x4
01-06 18:21:43.493     0     0 W [dhd] get_mem_val_from_file: File [/data/misc/wifi/.memdump.info] doesn't exist
01-06 18:21:43.493     0     0 W [dhd] dhd_get_memdump_info: MEMDUMP ENABLED = 3
01-06 18:21:43.494     0     0 W [dhd] dhd_tcpack_suppress_set: TCP ACK Suppress mode 2 -> mode 0
01-06 18:21:43.495     0     0 W [dhd] dhd_apply_default_clm: Ignore clm file /vendor/etc/firmware/clm_bcm43438a1.blob
01-06 18:21:43.499     0     0 W         : [dhd] Firmware up: op_mode=0x0005, MAC=b0:02:47:7e:76:95
01-06 18:21:43.500     0     0 W         : [dhd] Disable tdls_auto_op failed. -1
01-06 18:21:43.505     0     0 W         : [dhd] dhd_preinit_ioctls Set scancache failed -23
01-06 18:21:43.506     0     0 W [dhd] dhd_preinit_ioctls: event_log_max_sets: 26 ret: -23
01-06 18:21:43.520     0     0 W [dhd]   Driver: 100.10.545.19 (r826445-20210324-3)
